Archive member included to satisfy reference by file (symbol)

/home/lucas/Documentos/Games/nds/HelloWorld/nflib/lib/libnflib.a(nf_2d.o)
                              main.o (NF_Set2D)
/home/lucas/Documentos/Games/nds/HelloWorld/nflib/lib/libnflib.a(nf_basic.o)
                              /home/lucas/Documentos/Games/nds/HelloWorld/nflib/lib/libnflib.a(nf_2d.o) (NF_Error)
/home/lucas/Documentos/Games/nds/HelloWorld/nflib/lib/libnflib.a(nf_sprite256.o)
                              /home/lucas/Documentos/Games/nds/HelloWorld/nflib/lib/libnflib.a(nf_2d.o) (NF_BUFFER_SPR256GFX)
/home/lucas/Documentos/Games/nds/HelloWorld/nflib/lib/libnflib.a(nf_tiledbg.o)
                              main.o (NF_InitTiledBgBuffers)
/opt/devkitpro/libnds/lib/libfilesystem.a(nitrofs.o)
                              /home/lucas/Documentos/Games/nds/HelloWorld/nflib/lib/libnflib.a(nf_basic.o) (nitroFSInit)
/opt/devkitpro/libnds/lib/libfat.a(libfat.o)
                              /home/lucas/Documentos/Games/nds/HelloWorld/nflib/lib/libnflib.a(nf_basic.o) (fatInitDefault)
/opt/devkitpro/libnds/lib/libfat.a(partition.o)
                              /opt/devkitpro/libnds/lib/libfat.a(libfat.o) (_FAT_partition_constructor)
/opt/devkitpro/libnds/lib/libfat.a(lock.o)
                              /opt/devkitpro/libnds/lib/libfat.a(partition.o) (_FAT_lock_init)
/opt/devkitpro/libnds/lib/libfat.a(fatdir.o)
                              /opt/devkitpro/libnds/lib/libfat.a(libfat.o) (_FAT_stat_r)
/opt/devkitpro/libnds/lib/libfat.a(cache.o)
                              /opt/devkitpro/libnds/lib/libfat.a(partition.o) (_FAT_cache_constructor)
/opt/devkitpro/libnds/lib/libfat.a(fatfile.o)
                              /opt/devkitpro/libnds/lib/libfat.a(libfat.o) (_FAT_open_r)
/opt/devkitpro/libnds/lib/libfat.a(disc.o)
                              /opt/devkitpro/libnds/lib/libfat.a(libfat.o) (_FAT_disc_interfaces)
/opt/devkitpro/libnds/lib/libfat.a(file_allocation_table.o)
                              /opt/devkitpro/libnds/lib/libfat.a(fatfile.o) (_FAT_fat_nextCluster)
/opt/devkitpro/libnds/lib/libfat.a(filetime.o)
                              /opt/devkitpro/libnds/lib/libfat.a(fatdir.o) (_FAT_filetime_getTimeFromRTC)
/opt/devkitpro/libnds/lib/libfat.a(directory.o)
                              /opt/devkitpro/libnds/lib/libfat.a(fatdir.o) (_FAT_directory_entryGetCluster)
/opt/devkitpro/libnds/lib/libnds9.a(keys.o)
                              main.o (scanKeys)
/opt/devkitpro/libnds/lib/libnds9.a(sprite.o)
                              /home/lucas/Documentos/Games/nds/HelloWorld/nflib/lib/libnflib.a(nf_sprite256.o) (oamInit)
/opt/devkitpro/libnds/lib/libnds9.a(trig.o)
                              /opt/devkitpro/libnds/lib/libnds9.a(sprite.o) (sinLerp)
/opt/devkitpro/libnds/lib/libnds9.a(console.o)
                              main.o (consoleDemoInit)
/opt/devkitpro/libnds/lib/libnds9.a(sprite_alloc.o)
                              /opt/devkitpro/libnds/lib/libnds9.a(sprite.o) (oamAllocReset)
/opt/devkitpro/libnds/lib/libnds9.a(video.o)
                              /home/lucas/Documentos/Games/nds/HelloWorld/nflib/lib/libnflib.a(nf_basic.o) (setBrightness)
/opt/devkitpro/libnds/lib/libnds9.a(background.o)
                              /opt/devkitpro/libnds/lib/libnds9.a(console.o) (bgState)
/opt/devkitpro/libnds/lib/libnds9.a(dldi.o)
                              /opt/devkitpro/libnds/lib/libfat.a(disc.o) (dldiGetInternal)
/opt/devkitpro/libnds/lib/libnds9.a(dsi_sd.o)
                              /opt/devkitpro/libnds/lib/libfat.a(disc.o) (__io_dsisd)
/opt/devkitpro/libnds/lib/libnds9.a(initSystem.o)
                              /opt/devkitpro/devkitARM/lib/gcc/arm-none-eabi/5.3.0/../../../../arm-none-eabi/lib/thumb/ds_arm9_crt0.o (initSystem)
/opt/devkitpro/libnds/lib/libnds9.a(fifosystem.o)
                              /opt/devkitpro/libnds/lib/libnds9.a(initSystem.o) (fifoSetValue32Handler)
/opt/devkitpro/libnds/lib/libnds9.a(card.o)
                              /opt/devkitpro/libnds/lib/libfilesystem.a(nitrofs.o) (cardParamCommand)
/opt/devkitpro/libnds/lib/libnds9.a(libnds_exit.arm.o)
                              /opt/devkitpro/devkitARM/lib/gcc/arm-none-eabi/5.3.0/../../../../arm-none-eabi/lib/thumb/ds_arm9_crt0.o (__libnds_exit)
/opt/devkitpro/libnds/lib/libnds9.a(interrupts.o)
                              /opt/devkitpro/libnds/lib/libnds9.a(fifosystem.o) (irqSet)
/opt/devkitpro/libnds/lib/libnds9.a(dcache.o)
                              /home/lucas/Documentos/Games/nds/HelloWorld/nflib/lib/libnflib.a(nf_basic.o) (DC_FlushRange)
/opt/devkitpro/libnds/lib/libnds9.a(dldi_stub.o)
                              /opt/devkitpro/libnds/lib/libnds9.a(dldi.o) (_io_dldi_stub)
/opt/devkitpro/libnds/lib/libnds9.a(IntrWait.o)
                              /opt/devkitpro/libnds/lib/libnds9.a(dsi_sd.o) (swiIntrWait)
/opt/devkitpro/libnds/lib/libnds9.a(mpu_setup.o)
[...]
Memory Configuration

Name             Origin             Length             Attributes
rom              0x0000000008000000 0x0000000002000000
ewram            0x0000000002000000 0x00000000003ff000
dtcm             0x000000000b000000 0x0000000000004000
vectors          0x0000000001000000 0x0000000000000100
itcm             0x0000000001000100 0x0000000000007f00
*default*        0x0000000000000000 0xffffffffffffffff

Linker script and memory map

                0x0000000001000000                __vectors_start = ORIGIN (vectors)
                0x0000000001000100                __itcm_start = ORIGIN (itcm)
                0x00000000023ff000                __ewram_end = (ORIGIN (ewram) + 0x3ff000)
                0x00000000023ff000                __eheap_end = (ORIGIN (ewram) + 0x3ff000)
                0x000000000b000000                __dtcm_start = ORIGIN (dtcm)
                0x000000000b004000                __dtcm_top = (ORIGIN (dtcm) + 0x4000)
                0x000000000b003ff8                __irq_flags = (__dtcm_top - 0x8)
                0x000000000b003ffc                __irq_vector = (__dtcm_top - 0x4)
                0x000000000b003f00                __sp_svc = (__dtcm_top - 0x100)
                0x000000000b003e00                __sp_irq = (__sp_svc - 0x100)
                0x000000000b003d00                __sp_usr = (__sp_irq - 0x100)

.init           0x0000000002000000      0x23c
                0x0000000002000000                __text_start = .
 *(.init)
 .init          0x0000000002000000      0x230 /opt/devkitpro/devkitARM/lib/gcc/arm-none-eabi/5.3.0/../../../../arm-none-eabi/lib/thumb/ds_arm9_crt0.o
                0x0000000002000000                _start
 .init          0x0000000002000230        0x4 /opt/devkitpro/devkitARM/lib/gcc/arm-none-eabi/5.3.0/thumb/crti.o
                0x0000000002000230                _init
 .init          0x0000000002000234        0x8 /opt/devkitpro/devkitARM/lib/gcc/arm-none-eabi/5.3.0/thumb/crtn.o
                0x000000000200023c                . = ALIGN (0x4)

.plt
 *(.plt)

.text           0x0000000002000240    0x24618
 *(EXCLUDE_FILE(*.itcm*) .text)
 .text          0x0000000002000240       0xd4 /opt/devkitpro/devkitARM/lib/gcc/arm-none-eabi/5.3.0/thumb/crtbegin.o
 .text          0x0000000002000314      0x874 /home/lucas/Documentos/Games/nds/HelloWorld/nflib/lib/libnflib.a(nf_2d.o)
                0x0000000002000314                NF_Set2D
                0x000000000200037c                NF_ShowBg
                0x00000000020003f8                NF_HideBg
                0x000000000200049c                NF_ScrollBg
                0x00000000020007ec                NF_MoveSprite
                0x000000000200080c                NF_SpriteLayer
                0x0000000002000828                NF_ShowSprite
                0x0000000002000848                NF_HflipSprite
                0x0000000002000864                NF_GetSpriteHflip
                0x0000000002000880                NF_VflipSprite
                0x000000000200089c                NF_GetSpriteVflip
                0x00000000020008b8                NF_SpriteFrame
                0x0000000002000988                NF_EnableSpriteRotScale
                0x0000000002000a1c                NF_DisableSpriteRotScale
                0x0000000002000a90                NF_SpriteRotScale
 .text          0x0000000002000b88      0x4a0 /home/lucas/Documentos/Games/nds/HelloWorld/nflib/lib/libnflib.a(nf_basic.o)
                0x0000000002000b88                NF_Error
                0x0000000002000e34                NF_SetRootFolder
                0x0000000002000f8c                NF_DmaMemCopy
                0x0000000002001018                NF_GetLanguage
 .text          0x0000000002001028     0x19fc /home/lucas/Documentos/Games/nds/HelloWorld/nflib/lib/libnflib.a(nf_tiledbg.o)
                0x0000000002001028                NF_InitTiledBgBuffers
                0x00000000020010c4                NF_ResetTiledBgBuffers
                0x0000000002001128                NF_InitTiledBgSys
                0x0000000002001258                NF_LoadTiledBg
                0x00000000020014d8                NF_LoadTilesForBg
                0x0000000002001754                NF_UnloadTiledBg
                0x000000000200180c                NF_DeleteTiledBg
                0x00000000020019b4                NF_CreateTiledBg
                0x0000000002001fdc                NF_GetTileMapAddress
                0x0000000002002098                NF_GetTileOfMap
                0x00000000020020d0                NF_SetTileOfMap
                0x0000000002002114                NF_UpdateVramMap
                0x0000000002002234                NF_BgSetPalColor
                0x00000000020022e4                NF_BgEditPalColor
                0x0000000002002388                NF_BgUpdatePalette
                0x0000000002002448                NF_BgGetPalColor
                0x00000000020024e0                NF_GetTilePal
                0x0000000002002514                NF_SetTilePal
                0x000000000200255c                NF_LoadExBgPal
                0x0000000002002648                NF_UnloadExBgPal
                0x0000000002002698                NF_VramExBgPal
                0x000000000200274c                NF_SetExBgPal
                0x000000000200280c                NF_SetTileHflip
                0x0000000002002848                NF_SetTileVflip
                0x0000000002002884                NF_RotateTileGfx
 .text          0x0000000002002a24      0xa10 /opt/devkitpro/libnds/lib/libfilesystem.a(nitrofs.o)
                0x0000000002003324                nitroFSInit
 .text          0x0000000002003434      0x338 /opt/devkitpro/libnds/lib/libfat.a(libfat.o)
                0x0000000002003434                fatMount
                0x00000000020034f4                fatMountSimple
                0x0000000002003508                fatUnmount
                0x0000000002003540                fatInit
                0x0000000002003684                fatInitDefault
                0x0000000002003690                fatGetVolumeLabel
 .text          0x000000000200376c      0x768 /opt/devkitpro/libnds/lib/libfat.a(partition.o)
                0x0000000002003978                FindFirstValidPartition_buf
                0x0000000002003afc                FindFirstValidPartition
                0x0000000002003b24                _FAT_partition_constructor_buf
                0x0000000002003de4                _FAT_partition_constructor
                0x0000000002003e24                _FAT_partition_destructor
                0x0000000002003e6c                _FAT_partition_getPartitionFromPath
                0x0000000002003e80                _FAT_partition_createFSinfo
                0x0000000002003e98                _FAT_partition_readFSinfo
                0x0000000002003ea8                _FAT_partition_writeFSinfo
                0x0000000002003eb8                _FAT_getCwdClusterPtr
 .text          0x0000000002003ed4       0x10 /opt/devkitpro/libnds/lib/libfat.a(lock.o)
                0x0000000002003ed4                _FAT_lock_init
                0x0000000002003ed8                _FAT_lock_deinit
                0x0000000002003edc                _FAT_lock
                0x0000000002003ee0                _FAT_unlock
 .text          0x0000000002003ee4      0x91c /opt/devkitpro/libnds/lib/libfat.a(fatdir.o)
                0x0000000002003ee4                _FAT_stat_r
                0x0000000002003f80                _FAT_link_r
                0x0000000002003f8c                _FAT_unlink_r
                0x0000000002004114                _FAT_chdir_r
                0x0000000002004184                _FAT_rename_r
                0x0000000002004350                _FAT_mkdir_r
                0x00000000020045c8                _FAT_statvfs_r
                0x0000000002004650                _FAT_diropen_r
                0x0000000002004710                _FAT_dirreset_r
                0x000000000200475c                _FAT_dirnext_r
                0x00000000020047e0                _FAT_dirclose_r
 .text          0x0000000002004800      0x528 /opt/devkitpro/libnds/lib/libfat.a(cache.o)
                0x000000000200493c                _FAT_cache_constructor
                0x00000000020049dc                _FAT_cache_readSectors
                0x0000000002004a48                _FAT_cache_readPartialSector
                0x0000000002004a88                _FAT_cache_readLittleEndianValue
                0x0000000002004b14                _FAT_cache_writePartialSector
                0x0000000002004b34                _FAT_cache_writeLittleEndianValue
                0x0000000002004b88                _FAT_cache_eraseWritePartialSector
                0x0000000002004bf4                _FAT_cache_writeSectors
                0x0000000002004c6c                _FAT_cache_flush
                0x0000000002004cc4                _FAT_cache_destructor
                0x0000000002004cf8                _FAT_cache_invalidate
 .text          0x0000000002004d28     0x1424 /opt/devkitpro/libnds/lib/libfat.a(fatfile.o)
                0x0000000002005078                _FAT_findEntry
                0x00000000020050b8                FAT_getAttr
                0x00000000020050e0                FAT_setAttr
                0x0000000002005190                _FAT_open_r
                0x00000000020054b4                _FAT_syncToDisc
                0x00000000020054d4                _FAT_close_r
                0x000000000200554c                _FAT_read_r
                0x00000000020058a8                _FAT_write_r
                0x0000000002005da8                _FAT_seek_r
                0x0000000002005f0c                _FAT_fstat_r
                0x0000000002005fa0                _FAT_ftruncate_r
                0x0000000002006104                _FAT_fsync_r
 .text          0x000000000200614c        0x8 /opt/devkitpro/libnds/lib/libfat.a(disc.o)
 .text          0x0000000002006154      0x4bc /opt/devkitpro/libnds/lib/libfat.a(file_allocation_table.o)
                0x00000000020062a0                _FAT_fat_nextCluster
                0x00000000020063bc                _FAT_fat_linkFreeCluster
                0x0000000002006450                _FAT_fat_linkFreeClusterCleared
                0x00000000020064c0                _FAT_fat_clearLinks
                0x0000000002006524                _FAT_fat_trimChain
                0x00000000020065b0                _FAT_fat_lastCluster
                0x00000000020065e4                _FAT_fat_freeClusterCount
 .text          0x0000000002006610       0xb8 /opt/devkitpro/libnds/lib/libfat.a(filetime.o)
                0x0000000002006610                _FAT_filetime_getTimeFromRTC
                0x0000000002006650                _FAT_filetime_getDateFromRTC
                0x0000000002006690                _FAT_filetime_to_time_t
 .text          0x00000000020066c8     0x14c0 /opt/devkitpro/libnds/lib/libfat.a(directory.o)
                0x000000000200696c                _FAT_directory_entryGetCluster
                0x0000000002006988                _FAT_directory_getNextEntry
                0x0000000002006c04                _FAT_directory_getFirstEntry
                0x0000000002006c24                _FAT_directory_getRootEntry
                0x0000000002006c80                _FAT_directory_getVolumeLabel
                0x0000000002006d44                _FAT_directory_entryFromPosition
                0x0000000002006e8c                _FAT_directory_entryFromPath
                0x0000000002007100                _FAT_directory_removeEntry
                0x00000000020071c8                _FAT_directory_addEntry
                0x0000000002007a64                _FAT_directory_chdir
                0x0000000002007ab0                _FAT_directory_entryStat
 .text          0x0000000002007b88       0xf4 /opt/devkitpro/libnds/lib/libnds9.a(keys.o)
                0x0000000002007b88                scanKeys
                0x0000000002007bf4                keysHeld
                0x0000000002007c00                keysDown
                0x0000000002007c10                keysDownRepeat
                0x0000000002007c20                keysSetRepeat
                0x0000000002007c38                keysUp
                0x0000000002007c48                keysCurrent
 .text          0x0000000002007c7c      0x3f8 /opt/devkitpro/libnds/lib/libnds9.a(sprite.o)
                0x0000000002007c7c                oamInit
                0x0000000002007d98                oamDisable
                0x0000000002007dc4                oamEnable
                0x0000000002007de4                oamGetGfxPtr
                0x0000000002007e1c                oamClear
                0x0000000002007e44                oamGfxPtrToOffset
                0x0000000002007e74                oamSet
                0x0000000002007fc8                oamUpdate
                0x0000000002008028                oamRotateScale
 .text          0x0000000002008074      0x2a0 /opt/devkitpro/libnds/lib/libnds9.a(trig.o)
                0x0000000002008074                asinComp
                0x0000000002008098                sinLutLookup
                0x00000000020080d0                sinLerp
                0x000000000200816c                cosLerp
                0x0000000002008180                tanLutLookup
                0x00000000020081b8                tanLerp
                0x0000000002008260                asinLerp
                0x00000000020082dc                acosLerp
                0x00000000020082f0                atanComp
 .text          0x0000000002008314      0xa30 /opt/devkitpro/libnds/lib/libnds9.a(console.o)
                0x00000000020083c4                nocash_write
                0x00000000020083d4                consoleGetDefault
                0x00000000020083e0                consoleSelect
                0x00000000020083f0                consoleDebugInit
                0x0000000002008440                consolePrintChar
                0x0000000002008620                consoleLoadFont
                0x000000000200889c                consoleSetFont
                0x00000000020088bc                consoleInit
                0x0000000002008a24                consoleDemoInit
                0x0000000002008a68                con_write
                0x0000000002008d14                consoleClear
                0x0000000002008d24                consoleSetWindow
 .text          0x0000000002008d44      0x450 /opt/devkitpro/libnds/lib/libnds9.a(sprite_alloc.o)
                0x0000000002008d74                oamAllocReset
                0x0000000002008d90                oamAllocateGfx
                0x0000000002008fb8                oamFreeGfx
                0x0000000002009140                oamCountFragments
 .text          0x0000000002009194      0x1bc /opt/devkitpro/libnds/lib/libnds9.a(video.o)
                0x0000000002009194                vramSetMainBanks
                0x00000000020091d8                vramSetPrimaryBanks
                0x00000000020091e0                vramSetBanks_EFG
                0x0000000002009218                vramRestorePrimaryBanks
                0x0000000002009224                vramRestoreMainBanks
                0x0000000002009230                vramRestoreBanks_EFG
                0x000000000200923c                setBrightness
                0x000000000200927c                vramDefault
 .text          0x0000000002009350      0x350 /opt/devkitpro/libnds/lib/libnds9.a(background.o)
                0x000000000200938c                bgIsText
                0x0000000002009398                checkIfText
                0x00000000020093c0                bgUpdate
                0x00000000020094b0                bgInit_call
                0x00000000020095a0                bgInitSub_call
 .text          0x00000000020096a0      0x22c /opt/devkitpro/libnds/lib/libnds9.a(dldi.o)
                0x00000000020096a0                dldiGetInternal
                0x00000000020096d4                dldiIsValid
                0x0000000002009710                dldiFixDriverAddresses
                0x00000000020097e8                dldiLoadFromFile
                0x00000000020098c0                dldiFree
 .text          0x00000000020098cc      0x170 /opt/devkitpro/libnds/lib/libnds9.a(dsi_sd.o)
                0x00000000020098cc                sdio_Shutdown
                0x00000000020098dc                sdio_ClearStatus
                0x00000000020098e4                sdio_Startup
                0x000000000200993c                sdio_IsInserted
                0x000000000200997c                sdio_ReadSectors
                0x00000000020099dc                sdio_WriteSectors
 .text          0x0000000002009a3c      0x148 /opt/devkitpro/libnds/lib/libnds9.a(initSystem.o)
                0x0000000002009a3c                initSystem
 .text          0x0000000002009b84      0xd04 /opt/devkitpro/libnds/lib/libnds9.a(fifosystem.o)
                0x0000000002009dd8                fifoSetValue32Handler
                0x0000000002009e4c                fifoSendAddress
                0x0000000002009e84                fifoSendValue32
                0x0000000002009ed4                fifoSendDatamsg
                0x0000000002009f64                fifoGetAddress
                0x0000000002009fd0                fifoSetAddressHandler
                0x000000000200a044                fifoGetValue32
                0x000000000200a058                fifoGetDatamsg
                0x000000000200a588                fifoSetDatamsgHandler
                0x000000000200a620                fifoCheckAddress
                0x000000000200a644                fifoCheckDatamsg
                0x000000000200a668                fifoCheckDatamsgLength
                0x000000000200a698                fifoCheckValue32
                0x000000000200a6bc                fifoInit
 .text          0x000000000200a888      0x27c /opt/devkitpro/libnds/lib/libnds9.a(card.o)
                0x000000000200a888                cardWriteCommand
                0x000000000200a8ac                cardPolledTransfer
                0x000000000200a8fc                cardStartTransfer
                0x000000000200a958                cardWriteAndRead
                0x000000000200a99c                cardParamCommand
                0x000000000200a9d0                cardReadID
                0x000000000200aa2c                cardReset
                0x000000000200aa98                cardReadHeader
 *fill*         0x000000000200ab04        0x4 ff
 .text          0x000000000200ab08       0x60 /opt/devkitpro/libnds/lib/libnds9.a(libnds_exit.arm.o)
                0x000000000200ab08                systemErrorExit
                0x000000000200ab0c                __libnds_exit
 .text          0x000000000200ab68      0x1e8 /opt/devkitpro/libnds/lib/libnds9.a(interrupts.o)
                0x000000000200ab68                irqDummy
                0x000000000200ab6c                irqSet
                0x000000000200abd8                irqInitHandler
                0x000000000200ac00                irqInit
                0x000000000200ac50                irqEnable
                0x000000000200acb4                irqDisable
                0x000000000200ad18                irqClear
 .text          0x000000000200ad50       0x88 /opt/devkitpro/libnds/lib/libnds9.a(dcache.o)
                0x000000000200ad50                DC_FlushAll
                0x000000000200ad7c                DC_FlushRange
                0x000000000200ada0                DC_InvalidateAll
                0x000000000200adac                DC_InvalidateRange
 *fill*         0x000000000200add8       0x28 ff
 .text          0x000000000200ae00     0x8000 /opt/devkitpro/libnds/lib/libnds9.a(dldi_stub.o)
                0x000000000200ae00                _io_dldi_stub
 .text          0x0000000002012e00       0x20 /opt/devkitpro/libnds/lib/libnds9.a(IntrWait.o)
                0x0000000002012e00                swiIntrWait
 .text          0x0000000002012e20      0x1b4 /opt/devkitpro/libnds/lib/libnds9.a(mpu_setup.o)
                0x0000000002012e20                __libnds_mpu_setup
                0x0000000002012f60                memCached
                0x0000000002012f78                memUncached
 *fill*         0x0000000002012fd4        0xc ff
 .text          0x0000000002012fe0       0x30 /opt/devkitpro/libnds/lib/libnds9.a(swiSoftReset.o)
                0x0000000002012fe0                swiSoftReset
 .text          0x0000000002013010       0xa4 /opt/devkitpro/libnds/lib/libnds9.a(debugprint.o)
                0x0000000002013010                nocashWrite
                0x0000000002013012                nocashMessage
 *fill*         0x00000000020130b4        0xc ff
 .text          0x00000000020130c0       0x70 /opt/devkitpro/libnds/lib/libnds9.a(biosCalls.o)
                0x00000000020130c0                swiDelay
                0x00000000020130c4                swiWaitForVBlank
                0x00000000020130c8                swiSleep
                0x00000000020130cc                swiChangeSoundBias
                0x00000000020130d0                swiDivide
                0x00000000020130d4                swiRemainder
                0x00000000020130da                swiDivMod
                0x00000000020130e6                swiCopy
                0x00000000020130ea                swiFastCopy
                0x00000000020130ee                swiSqrt
                0x00000000020130f2                swiCRC16
                0x00000000020130f6                swiIsDebugger
                0x00000000020130fa                swiUnpackBits
                0x00000000020130fe                swiDecompressLZSSWram
                0x0000000002013102                swiDecompressLZSSVramNTR
                0x0000000002013106                swiDecompressLZSSVramTWL
                0x000000000201310a                swiDecompressHuffman
                0x000000000201310e                swiDecompressRLEWram
                0x0000000002013112                swiDecompressRLEVram
                0x0000000002013116                swiWaitForIRQ
                0x000000000201311a                swiDecodeDelta8
                0x000000000201311e                swiDecodeDelta16
                0x0000000002013122                swiSetHaltCR
 .text          0x0000000002013130      0x140 /opt/devkitpro/libnds/lib/libnds9.a(system.o)
                0x0000000002013130                setSDcallback
                0x000000000201313c                systemValueHandler
                0x0000000002013184                systemMsgHandler
                0x00000000020131d4                systemSleep
                0x00000000020131ec                powerOn
                0x0000000002013218                powerOff
                0x0000000002013240                ledBlink
                0x0000000002013250                getBatteryLevel
 .text          0x0000000002013270       0x24 /opt/devkitpro/libnds/lib/libnds9.a(timeSupport.o)
                0x0000000002013270                __libnds_gtod
 .text          0x0000000002013294      0x11c /opt/devkitpro/devkitARM/lib/gcc/arm-none-eabi/5.3.0/thumb/libgcc.a(_udivsi3.o)
                0x0000000002013294                __udivsi3
                0x0000000002013294                __aeabi_uidiv
                0x0000000002013390                __aeabi_uidivmod
 .text          0x00000000020133b0      0x150 /opt/devkitpro/devkitARM/lib/gcc/arm-none-eabi/5.3.0/thumb/libgcc.a(_divsi3.o)
                0x00000000020133b0                __aeabi_idiv
                0x00000000020133b0                __divsi3
                0x00000000020134e0                __aeabi_idivmod
 .text          0x0000000002013500        0x4 /opt/devkitpro/devkitARM/lib/gcc/arm-none-eabi/5.3.0/thumb/libgcc.a(_dvmd_tls.o)
                0x0000000002013500                __aeabi_ldiv0
                0x0000000002013500                __aeabi_idiv0
 .text          0x0000000002013504       0x60 /opt/devkitpro/devkitARM/lib/gcc/arm-none-eabi/5.3.0/thumb/libgcc.a(_muldi3.o)
                0x0000000002013504                __aeabi_lmul
                0x0000000002013504                __muldi3
 .text          0x0000000002013564      0x224 /opt/devkitpro/devkitARM/lib/gcc/arm-none-eabi/5.3.0/../../../../arm-none-eabi/lib/thumb/libg.a(lib_a-strcmp.o)
                0x0000000002013564                strcmp
 .text          0x0000000002013788      0x160 /opt/devkitpro/devkitARM/lib/gcc/arm-none-eabi/5.3.0/../../../../arm-none-eabi/lib/thumb/libsysbase.a(iosupport.o)
                0x000000000201378c                setDefaultDevice
                0x000000000201379c                FindDevice
                0x0000000002013828                RemoveDevice
                0x000000000201384c                AddDevice
                0x00000000020138c8                GetDeviceOpTab
 .text          0x00000000020138e8       0x54 /opt/devkitpro/devkitARM/lib/gcc/arm-none-eabi/5.3.0/../../../../arm-none-eabi/lib/thumb/libsysbase.a(close.o)
                0x00000000020138e8                _close_r
 .text          0x000000000201393c       0x44 /opt/devkitpro/devkitARM/lib/gcc/arm-none-eabi/5.3.0/../../../../arm-none-eabi/lib/thumb/libsysbase.a(fstat.o)
                0x000000000201393c                _fstat_r
 .text          0x0000000002013980       0x28 /opt/devkitpro/devkitARM/lib/gcc/arm-none-eabi/5.3.0/../../../../arm-none-eabi/lib/thumb/libsysbase.a(gettod.o)
                0x0000000002013980                _gettimeofday_r
 .text          0x00000000020139a8        0x4 /opt/devkitpro/devkitARM/lib/gcc/arm-none-eabi/5.3.0/../../../../arm-none-eabi/lib/thumb/libsysbase.a(isatty.o)
                0x00000000020139a8                _isatty_r
 .text          0x00000000020139ac       0x48 /opt/devkitpro/devkitARM/lib/gcc/arm-none-eabi/5.3.0/../../../../arm-none-eabi/lib/thumb/libsysbase.a(lseek.o)
                0x00000000020139ac                _lseek_r
 .text          0x00000000020139f4       0x9c /opt/devkitpro/devkitARM/lib/gcc/arm-none-eabi/5.3.0/../../../../arm-none-eabi/lib/thumb/libsysbase.a(open.o)
                0x00000000020139f4                _open_r
 .text          0x0000000002013a90       0x48 /opt/devkitpro/devkitARM/lib/gcc/arm-none-eabi/5.3.0/../../../../arm-none-eabi/lib/thumb/libsysbase.a(read.o)
                0x0000000002013a90                _read_r
 .text          0x0000000002013ad8       0x54 /opt/devkitpro/devkitARM/lib/gcc/arm-none-eabi/5.3.0/../../../../arm-none-eabi/lib/thumb/libsysbase.a(sbrk.o)
                0x0000000002013ad8                _sbrk_r
 .text          0x0000000002013b2c       0x48 /opt/devkitpro/devkitARM/lib/gcc/arm-none-eabi/5.3.0/../../../../arm-none-eabi/lib/thumb/libsysbase.a(write.o)
                0x0000000002013b2c                _write_r
 .text          0x0000000002013b74      0x284 /opt/devkitpro/devkitARM/lib/gcc/arm-none-eabi/5.3.0/../../../../arm-none-eabi/lib/thumb/libsysbase.a(chdir.o)
                0x0000000002013b74                _concatenate_path
                0x0000000002013cac                chdir
                0x0000000002013d94                getcwd
 .text          0x0000000002013df8       0x4c /opt/devkitpro/devkitARM/lib/gcc/arm-none-eabi/5.3.0/../../../../arm-none-eabi/lib/thumb/libsysbase.a(build_argv.o)
                0x0000000002013df8                build_argv
 .text          0x0000000002013e44       0x20 /opt/devkitpro/devkitARM/lib/gcc/arm-none-eabi/5.3.0/../../../../arm-none-eabi/lib/thumb/libsysbase.a(flock.o)
                0x0000000002013e44                __flockfile
                0x0000000002013e54                __funlockfile
 .text          0x0000000002013e64      0x104 /opt/devkitpro/devkitARM/lib/gcc/arm-none-eabi/5.3.0/../../../../arm-none-eabi/lib/thumb/libsysbase.a(syscall_support.o)
                0x0000000002013e64                __libc_lock_init
                0x0000000002013e7c                __libc_lock_acquire
                0x0000000002013e94                __libc_lock_try_acquire
                0x0000000002013eb4                __libc_lock_release
                0x0000000002013ecc                __libc_lock_close
                0x0000000002013ee4                __libc_lock_init_recursive
                0x0000000002013efc                __libc_lock_acquire_recursive
                0x0000000002013f14                __libc_lock_try_acquire_recursive
                0x0000000002013f34                __libc_lock_release_recursive
                0x0000000002013f4c                __libc_lock_close_recursive
 .text          0x0000000002013f68      0x204 /opt/devkitpro/devkitARM/lib/gcc/arm-none-eabi/5.3.0/../../../../arm-none-eabi/lib/thumb/libsysbase.a(handle_manager.o)
                0x0000000002013f68                __free_handle
                0x0000000002013fa0                __release_handle
                0x0000000002013fd8                __alloc_handle
                0x0000000002014030                __get_handle
                0x000000000201404c                dup
                0x00000000020140c0                dup2
 .text          0x000000000201416c       0x28 /opt/devkitpro/devkitARM/lib/gcc/arm-none-eabi/5.3.0/../../../../arm-none-eabi/lib/thumb/libsysbase.a(getreent.o)
                0x000000000201416c                __getreent
 .text          0x0000000002014194      0x41c /opt/devkitpro/devkitARM/lib/gcc/arm-none-eabi/5.3.0/thumb/libgcc.a(_arm_addsubdf3.o)
                0x0000000002014194                __aeabi_drsub
                0x000000000201419c                __aeabi_dsub
                0x000000000201419c                __subdf3
                0x00000000020141a0                __adddf3
                0x00000000020141a0                __aeabi_dadd
                0x00000000020144b0                __aeabi_ui2d
                0x00000000020144b0                __floatunsidf
                0x00000000020144d4                __floatsidf
                0x00000000020144d4                __aeabi_i2d
                0x00000000020144fc                __extendsfdf2
                0x00000000020144fc                __aeabi_f2d
                0x000000000201453c                __aeabi_ul2d
                0x000000000201453c                __floatundidf
                0x0000000002014550                __floatdidf
                0x0000000002014550                __aeabi_l2d
 .text          0x00000000020145b0      0x49c /opt/devkitpro/devkitARM/lib/gcc/arm-none-eabi/5.3.0/thumb/libgcc.a(_arm_muldivdf3.o)
                0x00000000020145b0                __aeabi_dmul
                0x00000000020145b0                __muldf3
                0x0000000002014840                __aeabi_ddiv
                0x0000000002014840                __divdf3
 .text          0x0000000002014a4c      0x144 /opt/devkitpro/devkitARM/lib/gcc/arm-none-eabi/5.3.0/thumb/libgcc.a(_arm_cmpdf2.o)
                0x0000000002014a4c                __gtdf2
                0x0000000002014a4c                __gedf2
                0x0000000002014a54                __ltdf2
                0x0000000002014a54                __ledf2
                0x0000000002014a5c                __cmpdf2
                0x0000000002014a5c                __eqdf2
                0x0000000002014a5c                __nedf2
                0x0000000002014ae4                __aeabi_cdrcmple
                0x0000000002014b00                __aeabi_cdcmple
                0x0000000002014b00                __aeabi_cdcmpeq
                0x0000000002014b18                __aeabi_dcmpeq
                0x0000000002014b30                __aeabi_dcmplt
                0x0000000002014b48                __aeabi_dcmple
                0x0000000002014b60                __aeabi_dcmpge
                0x0000000002014b78                __aeabi_dcmpgt
 .text          0x0000000002014b90       0x5c /opt/devkitpro/devkitARM/lib/gcc/arm-none-eabi/5.3.0/thumb/libgcc.a(_arm_fixdfsi.o)
                0x0000000002014b90                __fixdfsi
                0x0000000002014b90                __aeabi_d2iz
 .text          0x0000000002014bec       0x3c /opt/devkitpro/devkitARM/lib/gcc/arm-none-eabi/5.3.0/thumb/libgcc.a(_aeabi_uldivmod.o)
                0x0000000002014bec                __aeabi_uldivmod
 .text          0x0000000002014c28      0x184 /opt/devkitpro/devkitARM/lib/gcc/arm-none-eabi/5.3.0/thumb/libgcc.a(_udivmoddi4.o)
                0x0000000002014c28                __udivmoddi4
 .text          0x0000000002014dac       0x28 /opt/devkitpro/devkitARM/lib/gcc/arm-none-eabi/5.3.0/thumb/libgcc.a(_clzdi2.o)
                0x0000000002014dac                __clzdi2
 .text          0x0000000002014dd4       0x48 /opt/devkitpro/devkitARM/lib/gcc/arm-none-eabi/5.3.0/thumb/libgcc.a(_clzsi2.o)
                0x0000000002014dd4                __clzsi2
 *(.text.*)
 .text.startup  0x0000000002014e1c       0xb8 main.o
                0x0000000002014e1c                main
 .text.bsearch  0x0000000002014ed4       0x64 /opt/devkitpro/devkitARM/lib/gcc/arm-none-eabi/5.3.0/../../../../arm-none-eabi/lib/thumb/libg.a(lib_a-bsearch.o)
                0x0000000002014ed4                bsearch
 .text.calloc   0x0000000002014f38       0x18 /opt/devkitpro/devkitARM/lib/gcc/arm-none-eabi/5.3.0/../../../../arm-none-eabi/lib/thumb/libg.a(lib_a-calloc.o)
                0x0000000002014f38                calloc
 .text._calloc_r
                0x0000000002014f50       0x64 /opt/devkitpro/devkitARM/lib/gcc/arm-none-eabi/5.3.0/../../../../arm-none-eabi/lib/thumb/libg.a(lib_a-callocr.o)
                0x0000000002014f50                _calloc_r
 .text._fclose_r
                0x0000000002014fb4       0xb4 /opt/devkitpro/devkitARM/lib/gcc/arm-none-eabi/5.3.0/../../../../arm-none-eabi/lib/thumb/libg.a(lib_a-fclose.o)
                0x0000000002014fb4                _fclose_r
 .text.fclose   0x0000000002015068       0x14 /opt/devkitpro/devkitARM/lib/gcc/arm-none-eabi/5.3.0/../../../../arm-none-eabi/lib/thumb/libg.a(lib_a-fclose.o)
                0x0000000002015068                fclose
 .text.__sflush_r
                0x000000000201507c      0x158 /opt/devkitpro/devkitARM/lib/gcc/arm-none-eabi/5.3.0/../../../../arm-none-eabi/lib/thumb/libg.a(lib_a-fflush.o)
                0x000000000201507c                __sflush_r
 .text._fflush_r
                0x00000000020151d4       0x58 /opt/devkitpro/devkitARM/lib/gcc/arm-none-eabi/5.3.0/../../../../arm-none-eabi/lib/thumb/libg.a(lib_a-fflush.o)
                0x00000000020151d4                _fflush_r
 .text.fflush   0x000000000201522c       0x2c /opt/devkitpro/devkitARM/lib/gcc/arm-none-eabi/5.3.0/../../../../arm-none-eabi/lib/thumb/libg.a(lib_a-fflush.o)
                0x000000000201522c                fflush
 .text._cleanup_r
                0x0000000002015258       0x14 /opt/devkitpro/devkitARM/lib/gcc/arm-none-eabi/5.3.0/../../../../arm-none-eabi/lib/thumb/libg.a(lib_a-findfp.o)
                0x0000000002015258                _cleanup_r
 .text.std.isra.0
                0x000000000201526c       0x54 /opt/devkitpro/devkitARM/lib/gcc/arm-none-eabi/5.3.0/../../../../arm-none-eabi/lib/thumb/libg.a(lib_a-findfp.o)
 .text.__sfmoreglue
                0x00000000020152c0       0x34 /opt/devkitpro/devkitARM/lib/gcc/arm-none-eabi/5.3.0/../../../../arm-none-eabi/lib/thumb/libg.a(lib_a-findfp.o)
                0x00000000020152c0                __sfmoreglue
 .text.__sinit  0x00000000020152f4       0x64 /opt/devkitpro/devkitARM/lib/gcc/arm-none-eabi/5.3.0/../../../../arm-none-eabi/lib/thumb/libg.a(lib_a-findfp.o)
                0x00000000020152f4                __sinit
 .text.__sfp    0x0000000002015358       0xb4 /opt/devkitpro/devkitARM/lib/gcc/arm-none-eabi/5.3.0/../../../../arm-none-eabi/lib/thumb/libg.a(lib_a-findfp.o)
                0x0000000002015358                __sfp
 .text.__sfp_lock_acquire
                0x000000000201540c       0x14 /opt/devkitpro/devkitARM/lib/gcc/arm-none-eabi/5.3.0/../../../../arm-none-eabi/lib/thumb/libg.a(lib_a-findfp.o)
                0x000000000201540c                __sfp_lock_acquire
 .text.__sfp_lock_release
                0x0000000002015420       0x14 /opt/devkitpro/devkitARM/lib/gcc/arm-none-eabi/5.3.0/../../../../arm-none-eabi/lib/thumb/libg.a(lib_a-findfp.o)
                0x0000000002015420                __sfp_lock_release
 .text._fopen_r
                0x0000000002015434       0xb4 /opt/devkitpro/devkitARM/lib/gcc/arm-none-eabi/5.3.0/../../../../arm-none-eabi/lib/thumb/libg.a(lib_a-fopen.o)
                0x0000000002015434                _fopen_r
 .text.fopen    0x00000000020154e8       0x18 /opt/devkitpro/devkitARM/lib/gcc/arm-none-eabi/5.3.0/../../../../arm-none-eabi/lib/thumb/libg.a(lib_a-fopen.o)
                0x00000000020154e8                fopen
 .text._fread_r
                0x0000000002015500      0x1e0 /opt/devkitpro/devkitARM/lib/gcc/arm-none-eabi/5.3.0/../../../../arm-none-eabi/lib/thumb/libg.a(lib_a-fread.o)
                0x0000000002015500                _fread_r
 .text.fread    0x00000000020156e0       0x24 /opt/devkitpro/devkitARM/lib/gcc/arm-none-eabi/5.3.0/../../../../arm-none-eabi/lib/thumb/libg.a(lib_a-fread.o)
                0x00000000020156e0                fread
 .text._malloc_trim_r
                0x0000000002015704       0xa4 /opt/devkitpro/devkitARM/lib/gcc/arm-none-eabi/5.3.0/../../../../arm-none-eabi/lib/thumb/libg.a(lib_a-freer.o)
                0x0000000002015704                _malloc_trim_r
 .text._free_r  0x00000000020157a8      0x1c8 /opt/devkitpro/devkitARM/lib/gcc/arm-none-eabi/5.3.0/../../../../arm-none-eabi/lib/thumb/libg.a(lib_a-freer.o)
                0x00000000020157a8                _free_r
 .text._fseek_r
                0x0000000002015970        0xc /opt/devkitpro/devkitARM/lib/gcc/arm-none-eabi/5.3.0/../../../../arm-none-eabi/lib/thumb/libg.a(lib_a-fseek.o)
                0x0000000002015970                _fseek_r
 .text.fseek    0x000000000201597c       0x1c /opt/devkitpro/devkitARM/lib/gcc/arm-none-eabi/5.3.0/../../../../arm-none-eabi/lib/thumb/libg.a(lib_a-fseek.o)
                0x000000000201597c                fseek
 .text._fseeko_r
                0x0000000002015998      0x334 /opt/devkitpro/devkitARM/lib/gcc/arm-none-eabi/5.3.0/../../../../arm-none-eabi/lib/thumb/libg.a(lib_a-fseeko.o)
                0x0000000002015998                _fseeko_r
 .text.ftell    0x0000000002015ccc       0x14 /opt/devkitpro/devkitARM/lib/gcc/arm-none-eabi/5.3.0/../../../../arm-none-eabi/lib/thumb/libg.a(lib_a-ftell.o)
                0x0000000002015ccc                ftell
 .text._ftello_r
                0x0000000002015ce0       0xc8 /opt/devkitpro/devkitARM/lib/gcc/arm-none-eabi/5.3.0/../../../../arm-none-eabi/lib/thumb/libg.a(lib_a-ftello.o)
                0x0000000002015ce0                _ftello_r
 .text._fwalk   0x0000000002015da8       0x4c /opt/devkitpro/devkitARM/lib/gcc/arm-none-eabi/5.3.0/../../../../arm-none-eabi/lib/thumb/libg.a(lib_a-fwalk.o)
                0x0000000002015da8                _fwalk
 .text._fwalk_reent
                0x0000000002015df4       0x54 /opt/devkitpro/devkitARM/lib/gcc/arm-none-eabi/5.3.0/../../../../arm-none-eabi/lib/thumb/libg.a(lib_a-fwalk.o)
                0x0000000002015df4                _fwalk_reent
 .text.__libc_init_array
                0x0000000002015e48       0x58 /opt/devkitpro/devkitARM/lib/gcc/arm-none-eabi/5.3.0/../../../../arm-none-eabi/lib/thumb/libg.a(lib_a-init.o)
                0x0000000002015e48                __libc_init_array
 .text.iprintf  0x0000000002015ea0       0x24 /opt/devkitpro/devkitARM/lib/gcc/arm-none-eabi/5.3.0/../../../../arm-none-eabi/lib/thumb/libg.a(lib_a-iprintf.o)
                0x0000000002015ea0                iprintf
 .text.localtime_r
                0x0000000002015ec4      0x210 /opt/devkitpro/devkitARM/lib/gcc/arm-none-eabi/5.3.0/../../../../arm-none-eabi/lib/thumb/libg.a(lib_a-lcltime_r.o)
                0x0000000002015ec4                localtime_r
 .text.__locale_charset
                0x00000000020160d4        0x8 /opt/devkitpro/devkitARM/lib/gcc/arm-none-eabi/5.3.0/../../../../arm-none-eabi/lib/thumb/libg.a(lib_a-locale.o)
                0x00000000020160d4                __locale_charset
 .text.__locale_mb_cur_max
                0x00000000020160dc        0xc /opt/devkitpro/devkitARM/lib/gcc/arm-none-eabi/5.3.0/../../../../arm-none-eabi/lib/thumb/libg.a(lib_a-locale.o)
                0x00000000020160dc                __locale_mb_cur_max
 .text._localeconv_r
                0x00000000020160e8        0x8 /opt/devkitpro/devkitARM/lib/gcc/arm-none-eabi/5.3.0/../../../../arm-none-eabi/lib/thumb/libg.a(lib_a-locale.o)
                0x00000000020160e8                _localeconv_r
 .text.__smakebuf_r
                0x00000000020160f0       0xf4 /opt/devkitpro/devkitARM/lib/gcc/arm-none-eabi/5.3.0/../../../../arm-none-eabi/lib/thumb/libg.a(lib_a-makebuf.o)
                0x00000000020160f0                __smakebuf_r
 .text.malloc   0x00000000020161e4       0x14 /opt/devkitpro/devkitARM/lib/gcc/arm-none-eabi/5.3.0/../../../../arm-none-eabi/lib/thumb/libg.a(lib_a-malloc.o)
                0x00000000020161e4                malloc
 .text.free     0x00000000020161f8       0x14 /opt/devkitpro/devkitARM/lib/gcc/arm-none-eabi/5.3.0/../../../../arm-none-eabi/lib/thumb/libg.a(lib_a-malloc.o)
                0x00000000020161f8                free
 .text._malloc_r
                0x000000000201620c      0x564 /opt/devkitpro/devkitARM/lib/gcc/arm-none-eabi/5.3.0/../../../../arm-none-eabi/lib/thumb/libg.a(lib_a-mallocr.o)
                0x000000000201620c                _malloc_r
 .text._mbrtowc_r
                0x0000000002016770       0x7c /opt/devkitpro/devkitARM/lib/gcc/arm-none-eabi/5.3.0/../../../../arm-none-eabi/lib/thumb/libg.a(lib_a-mbrtowc.o)
                0x0000000002016770                _mbrtowc_r
 .text.mbrtowc  0x00000000020167ec       0x80 /opt/devkitpro/devkitARM/lib/gcc/arm-none-eabi/5.3.0/../../../../arm-none-eabi/lib/thumb/libg.a(lib_a-mbrtowc.o)
                0x00000000020167ec                mbrtowc
 .text.mbsrtowcs
                0x000000000201686c       0x28 /opt/devkitpro/devkitARM/lib/gcc/arm-none-eabi/5.3.0/../../../../arm-none-eabi/lib/thumb/libg.a(lib_a-mbsrtowcs.o)
                0x000000000201686c                mbsrtowcs
 .text.__utf8_mbtowc
                0x0000000002016894      0x2cc /opt/devkitpro/devkitARM/lib/gcc/arm-none-eabi/5.3.0/../../../../arm-none-eabi/lib/thumb/libg.a(lib_a-mbtowc_r.o)
                0x0000000002016894                __utf8_mbtowc
 .text.memcmp   0x0000000002016b60       0x54 /opt/devkitpro/devkitARM/lib/gcc/arm-none-eabi/5.3.0/../../../../arm-none-eabi/lib/thumb/libg.a(lib_a-memcmp.o)
                0x0000000002016b60                memcmp
 .text.memcpy   0x0000000002016bb4       0x80 /opt/devkitpro/devkitARM/lib/gcc/arm-none-eabi/5.3.0/../../../../arm-none-eabi/lib/thumb/libg.a(lib_a-memcpy.o)
                0x0000000002016bb4                memcpy
 .text.memmove  0x0000000002016c34       0x9c /opt/devkitpro/devkitARM/lib/gcc/arm-none-eabi/5.3.0/../../../../arm-none-eabi/lib/thumb/libg.a(lib_a-memmove.o)
                0x0000000002016c34                memmove
 .text.memset   0x0000000002016cd0       0x94 /opt/devkitpro/devkitARM/lib/gcc/arm-none-eabi/5.3.0/../../../../arm-none-eabi/lib/thumb/libg.a(lib_a-memset.o)
                0x0000000002016cd0                memset
 .text.validate_structure
                0x0000000002016d64      0x210 /opt/devkitpro/devkitARM/lib/gcc/arm-none-eabi/5.3.0/../../../../arm-none-eabi/lib/thumb/libg.a(lib_a-mktime.o)
 .text.mktime   0x0000000002016f74      0x378 /opt/devkitpro/devkitARM/lib/gcc/arm-none-eabi/5.3.0/../../../../arm-none-eabi/lib/thumb/libg.a(lib_a-mktime.o)
                0x0000000002016f74                mktime
 .text.__malloc_lock
                0x00000000020172ec       0x14 /opt/devkitpro/devkitARM/lib/gcc/arm-none-eabi/5.3.0/../../../../arm-none-eabi/lib/thumb/libg.a(lib_a-mlock.o)
                0x00000000020172ec                __malloc_lock
 .text.__malloc_unlock
                0x0000000002017300       0x14 /opt/devkitpro/devkitARM/lib/gcc/arm-none-eabi/5.3.0/../../../../arm-none-eabi/lib/thumb/libg.a(lib_a-mlock.o)
                0x0000000002017300                __malloc_unlock
 .text.realloc  0x0000000002017314       0x18 /opt/devkitpro/devkitARM/lib/gcc/arm-none-eabi/5.3.0/../../../../arm-none-eabi/lib/thumb/libg.a(lib_a-realloc.o)
                0x0000000002017314                realloc
 .text._realloc_r
                0x000000000201732c      0x3ec /opt/devkitpro/devkitARM/lib/gcc/arm-none-eabi/5.3.0/../../../../arm-none-eabi/lib/thumb/libg.a(lib_a-reallocr.o)
                0x000000000201732c                _realloc_r
 .text.lflush   0x0000000002017718       0x20 /opt/devkitpro/devkitARM/lib/gcc/arm-none-eabi/5.3.0/../../../../arm-none-eabi/lib/thumb/libg.a(lib_a-refill.o)
 .text.__srefill_r
                0x0000000002017738      0x128 /opt/devkitpro/devkitARM/lib/gcc/arm-none-eabi/5.3.0/../../../../arm-none-eabi/lib/thumb/libg.a(lib_a-refill.o)
                0x0000000002017738                __srefill_r
 .text.rewind   0x0000000002017860       0x20 /opt/devkitpro/devkitARM/lib/gcc/arm-none-eabi/5.3.0/../../../../arm-none-eabi/lib/thumb/libg.a(lib_a-rewind.o)
                0x0000000002017860                rewind
 .text.setvbuf  0x0000000002017880      0x148 /opt/devkitpro/devkitARM/lib/gcc/arm-none-eabi/5.3.0/../../../../arm-none-eabi/lib/thumb/libg.a(lib_a-setvbuf.o)
                0x0000000002017880                setvbuf
 .text.siscanf  0x00000000020179c8       0x4c /opt/devkitpro/devkitARM/lib/gcc/arm-none-eabi/5.3.0/../../../../arm-none-eabi/lib/thumb/libg.a(lib_a-siscanf.o)
                0x00000000020179c8                siscanf
 .text.sprintf  0x0000000002017a14       0x48 /opt/devkitpro/devkitARM/lib/gcc/arm-none-eabi/5.3.0/../../../../arm-none-eabi/lib/thumb/libg.a(lib_a-sprintf.o)
                0x0000000002017a14                sprintf
 .text.__sread  0x0000000002017a5c       0x2c /opt/devkitpro/devkitARM/lib/gcc/arm-none-eabi/5.3.0/../../../../arm-none-eabi/lib/thumb/libg.a(lib_a-stdio.o)
                0x0000000002017a5c                __sread
 .text.__seofread
                0x0000000002017a88        0x4 /opt/devkitpro/devkitARM/lib/gcc/arm-none-eabi/5.3.0/../../../../arm-none-eabi/lib/thumb/libg.a(lib_a-stdio.o)
                0x0000000002017a88                __seofread
 .text.__swrite
                0x0000000002017a8c       0x3c /opt/devkitpro/devkitARM/lib/gcc/arm-none-eabi/5.3.0/../../../../arm-none-eabi/lib/thumb/libg.a(lib_a-stdio.o)
                0x0000000002017a8c                __swrite
 .text.__sseek  0x0000000002017ac8       0x30 /opt/devkitpro/devkitARM/lib/gcc/arm-none-eabi/5.3.0/../../../../arm-none-eabi/lib/thumb/libg.a(lib_a-stdio.o)
                0x0000000002017ac8                __sseek
 .text.__sclose
                0x0000000002017af8       0x10 /opt/devkitpro/devkitARM/lib/gcc/arm-none-eabi/5.3.0/../../../../arm-none-eabi/lib/thumb/libg.a(lib_a-stdio.o)
                0x0000000002017af8                __sclose
 .text.stpcpy   0x0000000002017b08       0x4c /opt/devkitpro/devkitARM/lib/gcc/arm-none-eabi/5.3.0/../../../../arm-none-eabi/lib/thumb/libg.a(lib_a-stpcpy.o)
                0x0000000002017b08                stpcpy
 .text.strchr   0x0000000002017b54       0xdc /opt/devkitpro/devkitARM/lib/gcc/arm-none-eabi/5.3.0/../../../../arm-none-eabi/lib/thumb/libg.a(lib_a-strchr.o)
                0x0000000002017b54                strchr
 .text.strcpy   0x0000000002017c30       0x10 /opt/devkitpro/devkitARM/lib/gcc/arm-none-eabi/5.3.0/../../../../arm-none-eabi/lib/thumb/libg.a(lib_a-strcpy.o)
                0x0000000002017c30                strcpy
 .text.strdup   0x0000000002017c40       0x14 /opt/devkitpro/devkitARM/lib/gcc/arm-none-eabi/5.3.0/../../../../arm-none-eabi/lib/thumb/libg.a(lib_a-strdup.o)
                0x0000000002017c40                strdup
 .text._strdup_r
                0x0000000002017c54       0x2c /opt/devkitpro/devkitARM/lib/gcc/arm-none-eabi/5.3.0/../../../../arm-none-eabi/lib/thumb/libg.a(lib_a-strdup_r.o)
                0x0000000002017c54                _strdup_r
 .text.strlen   0x0000000002017c80       0x6c /opt/devkitpro/devkitARM/lib/gcc/arm-none-eabi/5.3.0/../../../../arm-none-eabi/lib/thumb/libg.a(lib_a-strlen.o)
                0x0000000002017c80                strlen
 .text.strncasecmp
                0x0000000002017cec       0x5c /opt/devkitpro/devkitARM/lib/gcc/arm-none-eabi/5.3.0/../../../../arm-none-eabi/lib/thumb/libg.a(lib_a-strncasecmp.o)
                0x0000000002017cec                strncasecmp
 .text.strncmp  0x0000000002017d48       0x94 /opt/devkitpro/devkitARM/lib/gcc/arm-none-eabi/5.3.0/../../../../arm-none-eabi/lib/thumb/libg.a(lib_a-strncmp.o)
                0x0000000002017d48                strncmp
 .text.strncpy  0x0000000002017ddc       0x7c /opt/devkitpro/devkitARM/lib/gcc/arm-none-eabi/5.3.0/../../../../arm-none-eabi/lib/thumb/libg.a(lib_a-strncpy.o)
                0x0000000002017ddc                strncpy
 .text.strnlen  0x0000000002017e58       0x30 /opt/devkitpro/devkitARM/lib/gcc/arm-none-eabi/5.3.0/../../../../arm-none-eabi/lib/thumb/libg.a(lib_a-strnlen.o)
                0x0000000002017e58                strnlen
 .text.strpbrk  0x0000000002017e88       0x4c /opt/devkitpro/devkitARM/lib/gcc/arm-none-eabi/5.3.0/../../../../arm-none-eabi/lib/thumb/libg.a(lib_a-strpbrk.o)
                0x0000000002017e88                strpbrk
 .text.strrchr  0x0000000002017ed4       0x2c /opt/devkitpro/devkitARM/lib/gcc/arm-none-eabi/5.3.0/../../../../arm-none-eabi/lib/thumb/libg.a(lib_a-strrchr.o)
                0x0000000002017ed4                strrchr
 .text._strtol_r
                0x0000000002017f00      0x178 /opt/devkitpro/devkitARM/lib/gcc/arm-none-eabi/5.3.0/../../../../arm-none-eabi/lib/thumb/libg.a(lib_a-strtol.o)
                0x0000000002017f00                _strtol_r
 .text._sungetc_r
                0x0000000002018078       0x8c /opt/devkitpro/devkitARM/lib/gcc/arm-none-eabi/5.3.0/../../../../arm-none-eabi/lib/thumb/libg.a(lib_a-svfiscanf.o)
                0x0000000002018078                _sungetc_r
 .text.__ssrefill_r
                0x0000000002018104       0x44 /opt/devkitpro/devkitARM/lib/gcc/arm-none-eabi/5.3.0/../../../../arm-none-eabi/lib/thumb/libg.a(lib_a-svfiscanf.o)
                0x0000000002018104                __ssrefill_r
 .text._sfread_r
                0x0000000002018148       0x90 /opt/devkitpro/devkitARM/lib/gcc/arm-none-eabi/5.3.0/../../../../arm-none-eabi/lib/thumb/libg.a(lib_a-svfiscanf.o)
                0x0000000002018148                _sfread_r
 .text.__ssvfiscanf_r
                0x00000000020181d8     0x1498 /opt/devkitpro/devkitARM/lib/gcc/arm-none-eabi/5.3.0/../../../../arm-none-eabi/lib/thumb/libg.a(lib_a-svfiscanf.o)
                0x00000000020181d8                __ssvfiscanf_r
 .text.get_arg  0x0000000002019670      0xcb0 /opt/devkitpro/devkitARM/lib/gcc/arm-none-eabi/5.3.0/../../../../arm-none-eabi/lib/thumb/libg.a(lib_a-svfprintf.o)
 .text._svfprintf_r
                0x000000000201a320     0x3114 /opt/devkitpro/devkitARM/lib/gcc/arm-none-eabi/5.3.0/../../../../arm-none-eabi/lib/thumb/libg.a(lib_a-svfprintf.o)
                0x000000000201a320                _svfprintf_r
 .text.close    0x000000000201d434       0x14 /opt/devkitpro/devkitARM/lib/gcc/arm-none-eabi/5.3.0/../../../../arm-none-eabi/lib/thumb/libg.a(lib_a-sysclose.o)
                0x000000000201d434                close
 .text.lseek    0x000000000201d448       0x1c /opt/devkitpro/devkitARM/lib/gcc/arm-none-eabi/5.3.0/../../../../arm-none-eabi/lib/thumb/libg.a(lib_a-syslseek.o)
                0x000000000201d448                lseek
 .text.open     0x000000000201d464       0x28 /opt/devkitpro/devkitARM/lib/gcc/arm-none-eabi/5.3.0/../../../../arm-none-eabi/lib/thumb/libg.a(lib_a-sysopen.o)
                0x000000000201d464                open
 .text.read     0x000000000201d48c       0x1c /opt/devkitpro/devkitARM/lib/gcc/arm-none-eabi/5.3.0/../../../../arm-none-eabi/lib/thumb/libg.a(lib_a-sysread.o)
                0x000000000201d48c                read
 .text.time     0x000000000201d4a8       0x2c /opt/devkitpro/devkitARM/lib/gcc/arm-none-eabi/5.3.0/../../../../arm-none-eabi/lib/thumb/libg.a(lib_a-time.o)
                0x000000000201d4a8                time
 .text.towlower
                0x000000000201d4d4      0x7e0 /opt/devkitpro/devkitARM/lib/gcc/arm-none-eabi/5.3.0/../../../../arm-none-eabi/lib/thumb/libg.a(lib_a-towlower.o)
                0x000000000201d4d4                towlower
 .text.towupper
                0x000000000201dcb4      0x98c /opt/devkitpro/devkitARM/lib/gcc/arm-none-eabi/5.3.0/../../../../arm-none-eabi/lib/thumb/libg.a(lib_a-towupper.o)
                0x000000000201dcb4                towupper
 .text.__tzcalc_limits
                0x000000000201e640      0x1a0 /opt/devkitpro/devkitARM/lib/gcc/arm-none-eabi/5.3.0/../../../../arm-none-eabi/lib/thumb/libg.a(lib_a-tzcalc_limits.o)
                0x000000000201e640                __tzcalc_limits
 .text.__tz_lock
                0x000000000201e7e0       0x14 /opt/devkitpro/devkitARM/lib/gcc/arm-none-eabi/5.3.0/../../../../arm-none-eabi/lib/thumb/libg.a(lib_a-tzlock.o)
                0x000000000201e7e0                __tz_lock
 .text.__tz_unlock
                0x000000000201e7f4       0x14 /opt/devkitpro/devkitARM/lib/gcc/arm-none-eabi/5.3.0/../../../../arm-none-eabi/lib/thumb/libg.a(lib_a-tzlock.o)
                0x000000000201e7f4                __tz_unlock
 .text.__submore
                0x000000000201e808       0x88 /opt/devkitpro/devkitARM/lib/gcc/arm-none-eabi/5.3.0/../../../../arm-none-eabi/lib/thumb/libg.a(lib_a-ungetc.o)
                0x000000000201e808                __submore
 .text.get_arg  0x000000000201e890      0xcb0 /opt/devkitpro/devkitARM/lib/gcc/arm-none-eabi/5.3.0/../../../../arm-none-eabi/lib/thumb/libg.a(lib_a-vfiprintf.o)
 .text.__sprint_r.part.0
                0x000000000201f540       0x80 /opt/devkitpro/devkitARM/lib/gcc/arm-none-eabi/5.3.0/../../../../arm-none-eabi/lib/thumb/libg.a(lib_a-vfiprintf.o)
 .text._vfiprintf_r
                0x000000000201f5c0     0x2240 /opt/devkitpro/devkitARM/lib/gcc/arm-none-eabi/5.3.0/../../../../arm-none-eabi/lib/thumb/libg.a(lib_a-vfiprintf.o)
                0x000000000201f5c0                _vfiprintf_r
 .text.__sbprintf
                0x0000000002021800       0x8c /opt/devkitpro/devkitARM/lib/gcc/arm-none-eabi/5.3.0/../../../../arm-none-eabi/lib/thumb/libg.a(lib_a-vfiprintf.o)
 .text._wcrtomb_r
                0x000000000202188c       0x6c /opt/devkitpro/devkitARM/lib/gcc/arm-none-eabi/5.3.0/../../../../arm-none-eabi/lib/thumb/libg.a(lib_a-wcrtomb.o)
                0x000000000202188c                _wcrtomb_r
 .text.wcrtomb  0x00000000020218f8       0x74 /opt/devkitpro/devkitARM/lib/gcc/arm-none-eabi/5.3.0/../../../../arm-none-eabi/lib/thumb/libg.a(lib_a-wcrtomb.o)
                0x00000000020218f8                wcrtomb
 .text._wcsrtombs_r
                0x000000000202196c       0x1c /opt/devkitpro/devkitARM/lib/gcc/arm-none-eabi/5.3.0/../../../../arm-none-eabi/lib/thumb/libg.a(lib_a-wcsrtombs.o)
                0x000000000202196c                _wcsrtombs_r
 .text.wctob    0x0000000002021988       0x50 /opt/devkitpro/devkitARM/lib/gcc/arm-none-eabi/5.3.0/../../../../arm-none-eabi/lib/thumb/libg.a(lib_a-wctob.o)
                0x0000000002021988                wctob
 .text.__utf8_wctomb
                0x00000000020219d8       0xbc /opt/devkitpro/devkitARM/lib/gcc/arm-none-eabi/5.3.0/../../../../arm-none-eabi/lib/thumb/libg.a(lib_a-wctomb_r.o)
                0x00000000020219d8                __utf8_wctomb
 .text.__swsetup_r
                0x0000000002021a94       0xcc /opt/devkitpro/devkitARM/lib/gcc/arm-none-eabi/5.3.0/../../../../arm-none-eabi/lib/thumb/libg.a(lib_a-wsetup.o)
                0x0000000002021a94                __swsetup_r
 .text.div      0x0000000002021b60       0x40 /opt/devkitpro/devkitARM/lib/gcc/arm-none-eabi/5.3.0/../../../../arm-none-eabi/lib/thumb/libg.a(lib_a-div.o)
                0x0000000002021b60                div
 .text.quorem   0x0000000002021ba0      0x158 /opt/devkitpro/devkitARM/lib/gcc/arm-none-eabi/5.3.0/../../../../arm-none-eabi/lib/thumb/libg.a(lib_a-dtoa.o)
 .text._dtoa_r  0x0000000002021cf8      0xfd8 /opt/devkitpro/devkitARM/lib/gcc/arm-none-eabi/5.3.0/../../../../arm-none-eabi/lib/thumb/libg.a(lib_a-dtoa.o)
                0x0000000002021cf8                _dtoa_r
 .text.__sflags
                0x0000000002022cd0       0x9c /opt/devkitpro/devkitARM/lib/gcc/arm-none-eabi/5.3.0/../../../../arm-none-eabi/lib/thumb/libg.a(lib_a-flags.o)
                0x0000000002022cd0                __sflags
 .text.__fputwc
                0x0000000002022d6c       0xc0 /opt/devkitpro/devkitARM/lib/gcc/arm-none-eabi/5.3.0/../../../../arm-none-eabi/lib/thumb/libg.a(lib_a-fputwc.o)
                0x0000000002022d6c                __fputwc
 .text._fputwc_r
                0x0000000002022e2c       0x5c /opt/devkitpro/devkitARM/lib/gcc/arm-none-eabi/5.3.0/../../../../arm-none-eabi/lib/thumb/libg.a(lib_a-fputwc.o)
                0x0000000002022e2c                _fputwc_r
 .text.__sfvwrite_r
                0x0000000002022e88      0x340 /opt/devkitpro/devkitARM/lib/gcc/arm-none-eabi/5.3.0/../../../../arm-none-eabi/lib/thumb/libg.a(lib_a-fvwrite.o)
                0x0000000002022e88                __sfvwrite_r
 .text.__gettzinfo
                0x00000000020231c8        0x8 /opt/devkitpro/devkitARM/lib/gcc/arm-none-eabi/5.3.0/../../../../arm-none-eabi/lib/thumb/libg.a(lib_a-gettzinfo.o)
                0x00000000020231c8                __gettzinfo
 .text.gmtime_r
                0x00000000020231d0      0x178 /opt/devkitpro/devkitARM/lib/gcc/arm-none-eabi/5.3.0/../../../../arm-none-eabi/lib/thumb/libg.a(lib_a-gmtime_r.o)
                0x00000000020231d0                gmtime_r
 .text.iswspace
                0x0000000002023348       0x78 /opt/devkitpro/devkitARM/lib/gcc/arm-none-eabi/5.3.0/../../../../arm-none-eabi/lib/thumb/libg.a(lib_a-iswspace.o)
                0x0000000002023348                iswspace
 .text.__jp2uc  0x00000000020233c0      0x188 /opt/devkitpro/devkitARM/lib/gcc/arm-none-eabi/5.3.0/../../../../arm-none-eabi/lib/thumb/libg.a(lib_a-jp2uc.o)
 .text._jp2uc   0x0000000002023548       0x64 /opt/devkitpro/devkitARM/lib/gcc/arm-none-eabi/5.3.0/../../../../arm-none-eabi/lib/thumb/libg.a(lib_a-jp2uc.o)
                0x0000000002023548                _jp2uc
 .text._mbsnrtowcs_r
                0x00000000020235ac       0xbc /opt/devkitpro/devkitARM/lib/gcc/arm-none-eabi/5.3.0/../../../../arm-none-eabi/lib/thumb/libg.a(lib_a-mbsnrtowcs.o)
                0x00000000020235ac                _mbsnrtowcs_r
 .text.memchr   0x0000000002023668       0x90 /opt/devkitpro/devkitARM/lib/gcc/arm-none-eabi/5.3.0/../../../../arm-none-eabi/lib/thumb/libg.a(lib_a-memchr.o)
                0x0000000002023668                memchr
 .text._Balloc  0x00000000020236f8       0x54 /opt/devkitpro/devkitARM/lib/gcc/arm-none-eabi/5.3.0/../../../../arm-none-eabi/lib/thumb/libg.a(lib_a-mprec.o)
                0x00000000020236f8                _Balloc
 .text._Bfree   0x000000000202374c       0x14 /opt/devkitpro/devkitARM/lib/gcc/arm-none-eabi/5.3.0/../../../../arm-none-eabi/lib/thumb/libg.a(lib_a-mprec.o)
                0x000000000202374c                _Bfree
 .text.__multadd
                0x0000000002023760       0x94 /opt/devkitpro/devkitARM/lib/gcc/arm-none-eabi/5.3.0/../../../../arm-none-eabi/lib/thumb/libg.a(lib_a-mprec.o)
                0x0000000002023760                __multadd
 .text.__hi0bits
                0x00000000020237f4       0x3c /opt/devkitpro/devkitARM/lib/gcc/arm-none-eabi/5.3.0/../../../../arm-none-eabi/lib/thumb/libg.a(lib_a-mprec.o)
                0x00000000020237f4                __hi0bits
 .text.__lo0bits
                0x0000000002023830       0x5c /opt/devkitpro/devkitARM/lib/gcc/arm-none-eabi/5.3.0/../../../../arm-none-eabi/lib/thumb/libg.a(lib_a-mprec.o)
                0x0000000002023830                __lo0bits
 .text.__i2b    0x000000000202388c       0x18 /opt/devkitpro/devkitARM/lib/gcc/arm-none-eabi/5.3.0/../../../../arm-none-eabi/lib/thumb/libg.a(lib_a-mprec.o)
                0x000000000202388c                __i2b
 .text.__multiply
                0x00000000020238a4      0x16c /opt/devkitpro/devkitARM/lib/gcc/arm-none-eabi/5.3.0/../../../../arm-none-eabi/lib/thumb/libg.a(lib_a-mprec.o)
                0x00000000020238a4                __multiply
 .text.__pow5mult
                0x0000000002023a10       0xc0 /opt/devkitpro/devkitARM/lib/gcc/arm-none-eabi/5.3.0/../../../../arm-none-eabi/lib/thumb/libg.a(lib_a-mprec.o)
                0x0000000002023a10                __pow5mult
 .text.__lshift
                0x0000000002023ad0       0xc4 /opt/devkitpro/devkitARM/lib/gcc/arm-none-eabi/5.3.0/../../../../arm-none-eabi/lib/thumb/libg.a(lib_a-mprec.o)
                0x0000000002023ad0                __lshift
 .text.__mcmp   0x0000000002023b94       0x40 /opt/devkitpro/devkitARM/lib/gcc/arm-none-eabi/5.3.0/../../../../arm-none-eabi/lib/thumb/libg.a(lib_a-mprec.o)
                0x0000000002023b94                __mcmp
 .text.__mdiff  0x0000000002023bd4      0x120 /opt/devkitpro/devkitARM/lib/gcc/arm-none-eabi/5.3.0/../../../../arm-none-eabi/lib/thumb/libg.a(lib_a-mprec.o)
                0x0000000002023bd4                __mdiff
 .text.__d2b    0x0000000002023cf4       0xc0 /opt/devkitpro/devkitARM/lib/gcc/arm-none-eabi/5.3.0/../../../../arm-none-eabi/lib/thumb/libg.a(lib_a-mprec.o)
                0x0000000002023cf4                __d2b
 .text.__sccl   0x0000000002023db4       0x7c /opt/devkitpro/devkitARM/lib/gcc/arm-none-eabi/5.3.0/../../../../arm-none-eabi/lib/thumb/libg.a(lib_a-sccl.o)
                0x0000000002023db4                __sccl
 .text.__fpclassifyd
                0x0000000002023e30       0x5c /opt/devkitpro/devkitARM/lib/gcc/arm-none-eabi/5.3.0/../../../../arm-none-eabi/lib/thumb/libg.a(lib_a-s_fpclassify.o)
                0x0000000002023e30                __fpclassifyd
 .text.frexp    0x0000000002023e8c       0x74 /opt/devkitpro/devkitARM/lib/gcc/arm-none-eabi/5.3.0/../../../../arm-none-eabi/lib/thumb/libg.a(lib_a-s_frexp.o)
                0x0000000002023e8c                frexp
 .text._strtoll_r
                0x0000000002023f00      0x1e8 /opt/devkitpro/devkitARM/lib/gcc/arm-none-eabi/5.3.0/../../../../arm-none-eabi/lib/thumb/libg.a(lib_a-strtoll_r.o)
                0x0000000002023f00                _strtoll_r
 .text._strtoull_r
                0x00000000020240e8      0x1ec /opt/devkitpro/devkitARM/lib/gcc/arm-none-eabi/5.3.0/../../../../arm-none-eabi/lib/thumb/libg.a(lib_a-strtoull_r.o)
                0x00000000020240e8                _strtoull_r
 .text._strtoul_r
                0x00000000020242d4      0x17c /opt/devkitpro/devkitARM/lib/gcc/arm-none-eabi/5.3.0/../../../../arm-none-eabi/lib/thumb/libg.a(lib_a-strtoul.o)
                0x00000000020242d4                _strtoul_r
 .text.__ssprint_r
                0x0000000002024450      0x134 /opt/devkitpro/devkitARM/lib/gcc/arm-none-eabi/5.3.0/../../../../arm-none-eabi/lib/thumb/libg.a(lib_a-svfiprintf.o)
                0x0000000002024450                __ssprint_r
 .text.__swbuf_r
                0x0000000002024584       0xb8 /opt/devkitpro/devkitARM/lib/gcc/arm-none-eabi/5.3.0/../../../../arm-none-eabi/lib/thumb/libg.a(lib_a-wbuf.o)
                0x0000000002024584                __swbuf_r
 .text._wcsnrtombs_r
                0x000000000202463c      0x118 /opt/devkitpro/devkitARM/lib/gcc/arm-none-eabi/5.3.0/../../../../arm-none-eabi/lib/thumb/libg.a(lib_a-wcsnrtombs.o)
                0x000000000202463c                _wcsnrtombs_r
 .text.__errno  0x0000000002024754        0xc /opt/devkitpro/devkitARM/lib/gcc/arm-none-eabi/5.3.0/../../../../arm-none-eabi/lib/thumb/libg.a(lib_a-errno.o)
                0x0000000002024754                __errno
 .text.__errno.__stub
                0x0000000002024760       0xe8 linker stubs
 *(.stub)
 *(.gnu.warning)
 *(.gnu.linkonce.t*)
 *(.glue_7)
 .glue_7        0x0000000002024858        0x0 linker stubs
 *(.glue_7t)
 .glue_7t       0x0000000002024858        0x0 linker stubs
                0x0000000002024858                . = ALIGN (0x4)

.vfp11_veneer   0x0000000002024858        0x0
 .vfp11_veneer  0x0000000002024858        0x0 linker stubs

.v4_bx          0x0000000002024858        0x0
 .v4_bx         0x0000000002024858        0x0 linker stubs

.iplt           0x0000000002024858        0x0
 .iplt          0x0000000002024858        0x0 /opt/devkitpro/devkitARM/lib/gcc/arm-none-eabi/5.3.0/../../../../arm-none-eabi/lib/thumb/ds_arm9_crt0.o

.fini           0x0000000002024858        0xc
 *(.fini)
 .fini          0x0000000002024858        0x4 /opt/devkitpro/devkitARM/lib/gcc/arm-none-eabi/5.3.0/thumb/crti.o
                0x0000000002024858                _fini
 .fini          0x000000000202485c        0x8 /opt/devkitpro/devkitARM/lib/gcc/arm-none-eabi/5.3.0/thumb/crtn.o
                0x0000000002024864                __text_end = .

.rodata         0x0000000002024868     0x8c30
 *(.rodata)
 .rodata        0x0000000002024868       0x50 /home/lucas/Documentos/Games/nds/HelloWorld/nflib/lib/libnflib.a(nf_basic.o)
 .rodata        0x00000000020248b8       0x68 /opt/devkitpro/libnds/lib/libfat.a(libfat.o)
 .rodata        0x0000000002024920        0xc /opt/devkitpro/libnds/lib/libfat.a(partition.o)
 .rodata        0x000000000202492c       0x18 /opt/devkitpro/libnds/lib/libfat.a(disc.o)
                0x000000000202492c                _FAT_disc_interfaces
 .rodata        0x0000000002024944       0x54 /opt/devkitpro/libnds/lib/libfat.a(directory.o)
 .rodata        0x0000000002024998      0x308 /opt/devkitpro/libnds/lib/libnds9.a(trig.o)
                0x0000000002024998                SIN_LUT
                0x0000000002024a9c                TAN_LUT
 .rodata        0x0000000002024ca0      0x20c /opt/devkitpro/libnds/lib/libnds9.a(console.o)
 .rodata        0x0000000002024eac        0xc /opt/devkitpro/libnds/lib/libnds9.a(dldi.o)
                0x0000000002024eac                DLDI_MAGIC_STRING_BACKWARDS
                0x0000000002024eb4                DLDI_MAGIC_NUMBER
 .rodata        0x0000000002024eb8       0x20 /opt/devkitpro/libnds/lib/libnds9.a(dsi_sd.o)
                0x0000000002024eb8                __io_dsisd
 .rodata        0x0000000002024ed8     0x2004 /opt/devkitpro/libnds/lib/libnds9.a(default_font.bin.o)
                0x0000000002024ed8                default_font_bin
                0x0000000002026ed8                default_font_bin_end
                0x0000000002026ed8                default_font_bin_size
 .rodata        0x0000000002026edc       0x68 /opt/devkitpro/devkitARM/lib/gcc/arm-none-eabi/5.3.0/../../../../arm-none-eabi/lib/thumb/libsysbase.a(iosupport.o)
                0x0000000002026edc                dotab_stdnull
 .rodata        0x0000000002026f44        0xc /opt/devkitpro/devkitARM/lib/gcc/arm-none-eabi/5.3.0/../../../../arm-none-eabi/lib/thumb/libsysbase.a(chdir.o)
                0x0000000002026f44                DIRECTORY_PARENT
                0x0000000002026f48                DIRECTORY_THIS
                0x0000000002026f4c                DIRECTORY_SEPARATOR
 *all.rodata*(*)
 *(.roda)
 *(.rodata.*)
 .rodata.str1.4
                0x0000000002026f50       0x37 main.o
                                         0x3c (size before relaxing)
 *fill*         0x0000000002026f87        0x1 ff
 .rodata.str1.4
                0x0000000002026f88       0x27 /home/lucas/Documentos/Games/nds/HelloWorld/nflib/lib/libnflib.a(nf_2d.o)
                                         0x28 (size before relaxing)
 *fill*         0x0000000002026faf        0x1 ff
 .rodata.str1.4
                0x0000000002026fb0      0x613 /home/lucas/Documentos/Games/nds/HelloWorld/nflib/lib/libnflib.a(nf_basic.o)
                                        0x628 (size before relaxing)
 *fill*         0x00000000020275c3        0x1 ff
 .rodata.str1.4
                0x00000000020275c4       0x68 /home/lucas/Documentos/Games/nds/HelloWorld/nflib/lib/libnflib.a(nf_tiledbg.o)
                                         0x6c (size before relaxing)
 .rodata.str1.4
                0x000000000202762c       0x16 /opt/devkitpro/libnds/lib/libfilesystem.a(nitrofs.o)
                                         0x20 (size before relaxing)
 *fill*         0x0000000002027642        0x2 ff
 .rodata.str1.4
                0x0000000002027644       0x10 /opt/devkitpro/libnds/lib/libfat.a(libfat.o)
                                         0x14 (size before relaxing)
 .rodata.str1.4
                0x0000000002027654        0x5 /opt/devkitpro/libnds/lib/libfat.a(fatdir.o)
                                          0x8 (size before relaxing)
 .rodata.str1.4
                0x0000000002027659        0x8 /opt/devkitpro/libnds/lib/libfat.a(disc.o)
 .rodata.str1.4
                0x0000000002027659        0x8 /opt/devkitpro/libnds/lib/libfat.a(directory.o)
 *fill*         0x0000000002027659        0x3 ff
 .rodata.str1.4
                0x000000000202765c       0x4c /opt/devkitpro/libnds/lib/libnds9.a(console.o)
 .rodata._ctype_
                0x00000000020276a8      0x104 /opt/devkitpro/devkitARM/lib/gcc/arm-none-eabi/5.3.0/../../../../arm-none-eabi/lib/thumb/libg.a(lib_a-ctype_.o)
                0x00000000020276a8                _ctype_
 .rodata.str1.4
                0x00000000020277ac        0x2 /opt/devkitpro/devkitARM/lib/gcc/arm-none-eabi/5.3.0/../../../../arm-none-eabi/lib/thumb/libg.a(lib_a-impure.o)
                                          0x4 (size before relaxing)
 *fill*         0x00000000020277ae        0x2 ff
 .rodata._global_impure_ptr
                0x00000000020277b0        0x4 /opt/devkitpro/devkitARM/lib/gcc/arm-none-eabi/5.3.0/../../../../arm-none-eabi/lib/thumb/libg.a(lib_a-impure.o)
                0x00000000020277b0                _global_impure_ptr
 .rodata.str1.4
                0x00000000020277b4      0x120 /opt/devkitpro/devkitARM/lib/gcc/arm-none-eabi/5.3.0/../../../../arm-none-eabi/lib/thumb/libg.a(lib_a-locale.o)
                                        0x130 (size before relaxing)
 .rodata.str1.4
                0x00000000020278d4        0x4 /opt/devkitpro/devkitARM/lib/gcc/arm-none-eabi/5.3.0/../../../../arm-none-eabi/lib/thumb/libg.a(lib_a-mbrtowc.o)
 .rodata._DAYS_BEFORE_MONTH
                0x00000000020278d4       0x30 /opt/devkitpro/devkitARM/lib/gcc/arm-none-eabi/5.3.0/../../../../arm-none-eabi/lib/thumb/libg.a(lib_a-mktime.o)
 .rodata.DAYS_IN_MONTH
                0x0000000002027904       0x30 /opt/devkitpro/devkitARM/lib/gcc/arm-none-eabi/5.3.0/../../../../arm-none-eabi/lib/thumb/libg.a(lib_a-mktime.o)
 .rodata.__month_lengths
                0x0000000002027934       0x60 /opt/devkitpro/devkitARM/lib/gcc/arm-none-eabi/5.3.0/../../../../arm-none-eabi/lib/thumb/libg.a(lib_a-month_lengths.o)
                0x0000000002027934                __month_lengths
 .rodata.__ssvfiscanf_r
                0x0000000002027994      0x324 /opt/devkitpro/devkitARM/lib/gcc/arm-none-eabi/5.3.0/../../../../arm-none-eabi/lib/thumb/libg.a(lib_a-svfiscanf.o)
 .rodata.basefix.6493
                0x0000000002027cb8       0x24 /opt/devkitpro/devkitARM/lib/gcc/arm-none-eabi/5.3.0/../../../../arm-none-eabi/lib/thumb/libg.a(lib_a-svfiscanf.o)
 .rodata.get_arg
                0x0000000002027cdc      0x914 /opt/devkitpro/devkitARM/lib/gcc/arm-none-eabi/5.3.0/../../../../arm-none-eabi/lib/thumb/libg.a(lib_a-svfprintf.o)
 .rodata._svfprintf_r
                0x00000000020285f0      0x16c /opt/devkitpro/devkitARM/lib/gcc/arm-none-eabi/5.3.0/../../../../arm-none-eabi/lib/thumb/libg.a(lib_a-svfprintf.o)
 .rodata.blanks.7120
                0x000000000202875c       0x10 /opt/devkitpro/devkitARM/lib/gcc/arm-none-eabi/5.3.0/../../../../arm-none-eabi/lib/thumb/libg.a(lib_a-svfprintf.o)
 .rodata.str1.4
                0x000000000202876c       0x42 /opt/devkitpro/devkitARM/lib/gcc/arm-none-eabi/5.3.0/../../../../arm-none-eabi/lib/thumb/libg.a(lib_a-svfprintf.o)
                                         0x44 (size before relaxing)
 *fill*         0x00000000020287ae        0x2 ff
 .rodata.zeroes.7121
                0x00000000020287b0       0x10 /opt/devkitpro/devkitARM/lib/gcc/arm-none-eabi/5.3.0/../../../../arm-none-eabi/lib/thumb/libg.a(lib_a-svfprintf.o)
 .rodata.towlower
                0x00000000020287c0      0x674 /opt/devkitpro/devkitARM/lib/gcc/arm-none-eabi/5.3.0/../../../../arm-none-eabi/lib/thumb/libg.a(lib_a-towlower.o)
 .rodata.towupper
                0x0000000002028e34      0x2dc /opt/devkitpro/devkitARM/lib/gcc/arm-none-eabi/5.3.0/../../../../arm-none-eabi/lib/thumb/libg.a(lib_a-towupper.o)
 .rodata.CSWTCH.1
                0x0000000002029110      0x108 /opt/devkitpro/devkitARM/lib/gcc/arm-none-eabi/5.3.0/../../../../arm-none-eabi/lib/thumb/libg.a(lib_a-towupper.o)
 .rodata.get_arg
                0x0000000002029218      0x914 /opt/devkitpro/devkitARM/lib/gcc/arm-none-eabi/5.3.0/../../../../arm-none-eabi/lib/thumb/libg.a(lib_a-vfiprintf.o)
 .rodata._vfiprintf_r
                0x0000000002029b2c      0x16c /opt/devkitpro/devkitARM/lib/gcc/arm-none-eabi/5.3.0/../../../../arm-none-eabi/lib/thumb/libg.a(lib_a-vfiprintf.o)
 .rodata.blanks.7113
                0x0000000002029c98       0x10 /opt/devkitpro/devkitARM/lib/gcc/arm-none-eabi/5.3.0/../../../../arm-none-eabi/lib/thumb/libg.a(lib_a-vfiprintf.o)
 .rodata.str1.4
                0x0000000002029ca8       0x30 /opt/devkitpro/devkitARM/lib/gcc/arm-none-eabi/5.3.0/../../../../arm-none-eabi/lib/thumb/libg.a(lib_a-vfiprintf.o)
 .rodata.zeroes.7114
                0x0000000002029ca8       0x10 /opt/devkitpro/devkitARM/lib/gcc/arm-none-eabi/5.3.0/../../../../arm-none-eabi/lib/thumb/libg.a(lib_a-vfiprintf.o)
 .rodata.str1.4
                0x0000000002029cb8       0x10 /opt/devkitpro/devkitARM/lib/gcc/arm-none-eabi/5.3.0/../../../../arm-none-eabi/lib/thumb/libg.a(lib_a-dtoa.o)
                                         0x14 (size before relaxing)
 .rodata.__jp2uc
                0x0000000002029cc8       0x20 /opt/devkitpro/devkitARM/lib/gcc/arm-none-eabi/5.3.0/../../../../arm-none-eabi/lib/thumb/libg.a(lib_a-jp2uc.o)
 .rodata.a1     0x0000000002029ce8       0xbc /opt/devkitpro/devkitARM/lib/gcc/arm-none-eabi/5.3.0/../../../../arm-none-eabi/lib/thumb/libg.a(lib_a-jp2uc.o)
 .rodata.a2     0x0000000002029da4       0xbc /opt/devkitpro/devkitARM/lib/gcc/arm-none-eabi/5.3.0/../../../../arm-none-eabi/lib/thumb/libg.a(lib_a-jp2uc.o)
 .rodata.a3     0x0000000002029e60       0x5c /opt/devkitpro/devkitARM/lib/gcc/arm-none-eabi/5.3.0/../../../../arm-none-eabi/lib/thumb/libg.a(lib_a-jp2uc.o)
 .rodata.a6     0x0000000002029ebc       0x70 /opt/devkitpro/devkitARM/lib/gcc/arm-none-eabi/5.3.0/../../../../arm-none-eabi/lib/thumb/libg.a(lib_a-jp2uc.o)
 .rodata.a7     0x0000000002029f2c       0xa4 /opt/devkitpro/devkitARM/lib/gcc/arm-none-eabi/5.3.0/../../../../arm-none-eabi/lib/thumb/libg.a(lib_a-jp2uc.o)
 .rodata.a8     0x0000000002029fd0       0x40 /opt/devkitpro/devkitARM/lib/gcc/arm-none-eabi/5.3.0/../../../../arm-none-eabi/lib/thumb/libg.a(lib_a-jp2uc.o)
 .rodata.str1.4
                0x000000000202a010       0x14 /opt/devkitpro/devkitARM/lib/gcc/arm-none-eabi/5.3.0/../../../../arm-none-eabi/lib/thumb/libg.a(lib_a-jp2uc.o)
 .rodata.b02cf  0x000000000202a010     0x172c /opt/devkitpro/devkitARM/lib/gcc/arm-none-eabi/5.3.0/../../../../arm-none-eabi/lib/thumb/libg.a(lib_a-jp2uc.o)
 .rodata.d02f4  0x000000000202b73c     0x1a7c /opt/devkitpro/devkitARM/lib/gcc/arm-none-eabi/5.3.0/../../../../arm-none-eabi/lib/thumb/libg.a(lib_a-jp2uc.o)
 .rodata.p05.5410
                0x000000000202d1b8        0xc /opt/devkitpro/devkitARM/lib/gcc/arm-none-eabi/5.3.0/../../../../arm-none-eabi/lib/thumb/libg.a(lib_a-mprec.o)
 *fill*         0x000000000202d1c4        0x4 ff
 .rodata.__mprec_bigtens
                0x000000000202d1c8       0x28 /opt/devkitpro/devkitARM/lib/gcc/arm-none-eabi/5.3.0/../../../../arm-none-eabi/lib/thumb/libg.a(lib_a-mprec.o)
                0x000000000202d1c8                __mprec_bigtens
 .rodata.__mprec_tens
                0x000000000202d1f0       0xc8 /opt/devkitpro/devkitARM/lib/gcc/arm-none-eabi/5.3.0/../../../../arm-none-eabi/lib/thumb/libg.a(lib_a-mprec.o)
                0x000000000202d1f0                __mprec_tens
 .rodata.__state_table
                0x000000000202d2b8       0x6c /opt/devkitpro/devkitARM/lib/gcc/arm-none-eabi/5.3.0/../../../../arm-none-eabi/lib/thumb/libg.a(lib_a-svfiprintf.o)
                0x000000000202d2b8                __state_table
 .rodata.__chclass
                0x000000000202d324      0x100 /opt/devkitpro/devkitARM/lib/gcc/arm-none-eabi/5.3.0/../../../../arm-none-eabi/lib/thumb/libg.a(lib_a-svfiprintf.o)
                0x000000000202d324                __chclass
 .rodata.__action_table
                0x000000000202d424       0x6c /opt/devkitpro/devkitARM/lib/gcc/arm-none-eabi/5.3.0/../../../../arm-none-eabi/lib/thumb/libg.a(lib_a-svfiprintf.o)
                0x000000000202d424                __action_table
 .rodata.str1.4
                0x000000000202d490        0x8 /opt/devkitpro/devkitARM/lib/gcc/arm-none-eabi/5.3.0/../../../../arm-none-eabi/lib/thumb/libsysbase.a(iosupport.o)
 *(.gnu.linkonce.r*)
                0x000000000202d498                . = ALIGN (0x4)

.ARM.extab
 *(.ARM.extab* .gnu.linkonce.armextab.*)
                0x000000000202d498                __exidx_start = .

ARM.exidx
 *(.ARM.exidx* .gnu.linkonce.armexidx.*)
                0x000000000202d498                __exidx_end = .
                0x000000000202d498                . = ALIGN (0x4)
                0x000000000202d498                PROVIDE (__preinit_array_start, .)

.preinit_array
 *(.preinit_array)
                0x000000000202d498                PROVIDE (__preinit_array_end, .)
                0x000000000202d498                PROVIDE (__init_array_start, .)

.init_array     0x000000000202d498        0x4
 *(SORT(.init_array.*))
 *(.init_array)
 .init_array    0x000000000202d498        0x4 /opt/devkitpro/devkitARM/lib/gcc/arm-none-eabi/5.3.0/thumb/crtbegin.o
                0x000000000202d49c                PROVIDE (__init_array_end, .)
                [!provide]                        PROVIDE (__fini_array_start, .)

.fini_array     0x000000000202d49c        0x4
 *(.fini_array)
 .fini_array    0x000000000202d49c        0x4 /opt/devkitpro/devkitARM/lib/gcc/arm-none-eabi/5.3.0/thumb/crtbegin.o
 *(SORT(.fini_array.*))
                [!provide]                        PROVIDE (__fini_array_end, .)

.ctors          0x000000000202d4a0        0x0
 *crtbegin.o(.ctors)
 *(EXCLUDE_FILE(*crtend.o) .ctors)
 *(SORT(.ctors.*))
 *(.ctors)
                0x000000000202d4a0                . = ALIGN (0x4)

.dtors          0x000000000202d4a0        0x0
 *crtbegin.o(.dtors)
 *(EXCLUDE_FILE(*crtend.o) .dtors)
 *(SORT(.dtors.*))
 *(.dtors)
                0x000000000202d4a0                . = ALIGN (0x4)

.eh_frame       0x000000000202d4a0       0x48
 *(.eh_frame)
 .eh_frame      0x000000000202d4a0        0x0 /opt/devkitpro/devkitARM/lib/gcc/arm-none-eabi/5.3.0/thumb/crtbegin.o
 .eh_frame      0x000000000202d4a0       0x44 /opt/devkitpro/devkitARM/lib/gcc/arm-none-eabi/5.3.0/../../../../arm-none-eabi/lib/thumb/libg.a(lib_a-strcmp.o)
 .eh_frame      0x000000000202d4e4        0x4 /opt/devkitpro/devkitARM/lib/gcc/arm-none-eabi/5.3.0/thumb/crtend.o
                0x000000000202d4e8                . = ALIGN (0x4)

.rel.dyn        0x000000000202d4e8        0x0
 .rel.iplt      0x000000000202d4e8        0x0 /opt/devkitpro/devkitARM/lib/gcc/arm-none-eabi/5.3.0/../../../../arm-none-eabi/lib/thumb/ds_arm9_crt0.o

.gcc_except_table
                0x000000000202d4e8        0x0
 *(.gcc_except_table)
                0x000000000202d4e8                . = ALIGN (0x4)

.jcr            0x000000000202d4e8        0x4
 *(.jcr)
 .jcr           0x000000000202d4e8        0x0 /opt/devkitpro/devkitARM/lib/gcc/arm-none-eabi/5.3.0/thumb/crtbegin.o
 .jcr           0x000000000202d4e8        0x4 /opt/devkitpro/devkitARM/lib/gcc/arm-none-eabi/5.3.0/thumb/crtend.o

.got
 *(.got.plt)
 *(.got)
 *(.rel.got)

.ewram          0x000000000202d4ec        0x0
                0x000000000202d4ec                __ewram_start = ABSOLUTE (.)
 *(.ewram)
 *ewram.*(.text)
                0x000000000202d4ec                . = ALIGN (0x4)

.data           0x000000000202d4ec     0x2b0c
                0x000000000202d4ec                __data_start = ABSOLUTE (.)
 *(.data)
 .data          0x000000000202d4ec       0x74 /opt/devkitpro/libnds/lib/libfilesystem.a(nitrofs.o)
                0x000000000202d4f0                syspaths
                0x000000000202d4f8                nitroFSdevoptab
 .data          0x000000000202d560        0x3 /opt/devkitpro/libnds/lib/libnds9.a(keys.o)
 *fill*         0x000000000202d563        0x1 ff
 .data          0x000000000202d564       0x30 /opt/devkitpro/libnds/lib/libnds9.a(sprite.o)
                0x000000000202d564                oamMain
                0x000000000202d57c                oamSub
 .data          0x000000000202d594       0x64 /opt/devkitpro/libnds/lib/libnds9.a(console.o)
                0x000000000202d594                currentConsole
                0x000000000202d598                defaultConsole
 .data          0x000000000202d5f8       0x60 /opt/devkitpro/libnds/lib/libnds9.a(background.o)
                0x000000000202d5f8                bgScrollTable
                0x000000000202d618                bgTransform
                0x000000000202d638                bgControl
 .data          0x000000000202d658       0x10 /opt/devkitpro/libnds/lib/libnds9.a(fifosystem.o)
                0x000000000202d658                fifo_buffer_free
                0x000000000202d65c                fifo_freewords
                0x000000000202d660                fifo_send_queue
                0x000000000202d664                fifo_receive_queue
 .data          0x000000000202d668       0x44 /opt/devkitpro/devkitARM/lib/gcc/arm-none-eabi/5.3.0/../../../../arm-none-eabi/lib/thumb/libsysbase.a(iosupport.o)
                0x000000000202d66c                devoptab_list
 .data          0x000000000202d6ac     0x1000 /opt/devkitpro/devkitARM/lib/gcc/arm-none-eabi/5.3.0/../../../../arm-none-eabi/lib/thumb/libsysbase.a(chdir.o)
 .data          0x000000000202e6ac     0x1028 /opt/devkitpro/devkitARM/lib/gcc/arm-none-eabi/5.3.0/../../../../arm-none-eabi/lib/thumb/libsysbase.a(handle_manager.o)
 *(.data.*)
 .data.__ctype_ptr__
                0x000000000202f6d4        0x4 /opt/devkitpro/devkitARM/lib/gcc/arm-none-eabi/5.3.0/../../../../arm-none-eabi/lib/thumb/libg.a(lib_a-ctype_.o)
                0x000000000202f6d4                __ctype_ptr__
 .data.__sfp_lock
                0x000000000202f6d8        0xc /opt/devkitpro/devkitARM/lib/gcc/arm-none-eabi/5.3.0/../../../../arm-none-eabi/lib/thumb/libg.a(lib_a-findfp.o)
 .data.__sinit_lock
                0x000000000202f6e4        0xc /opt/devkitpro/devkitARM/lib/gcc/arm-none-eabi/5.3.0/../../../../arm-none-eabi/lib/thumb/libg.a(lib_a-findfp.o)
 .data.impure_data
                0x000000000202f6f0      0x440 /opt/devkitpro/devkitARM/lib/gcc/arm-none-eabi/5.3.0/../../../../arm-none-eabi/lib/thumb/libg.a(lib_a-impure.o)
 .data._impure_ptr
                0x000000000202fb30        0x4 /opt/devkitpro/devkitARM/lib/gcc/arm-none-eabi/5.3.0/../../../../arm-none-eabi/lib/thumb/libg.a(lib_a-impure.o)
                0x000000000202fb30                _impure_ptr
 .data.lconv    0x000000000202fb34       0x38 /opt/devkitpro/devkitARM/lib/gcc/arm-none-eabi/5.3.0/../../../../arm-none-eabi/lib/thumb/libg.a(lib_a-locale.o)
 .data.lc_ctype_charset
                0x000000000202fb6c       0x20 /opt/devkitpro/devkitARM/lib/gcc/arm-none-eabi/5.3.0/../../../../arm-none-eabi/lib/thumb/libg.a(lib_a-locale.o)
 .data.__mb_cur_max
                0x000000000202fb8c        0x4 /opt/devkitpro/devkitARM/lib/gcc/arm-none-eabi/5.3.0/../../../../arm-none-eabi/lib/thumb/libg.a(lib_a-locale.o)
                0x000000000202fb8c                __mb_cur_max
 .data.__malloc_av_
                0x000000000202fb90      0x408 /opt/devkitpro/devkitARM/lib/gcc/arm-none-eabi/5.3.0/../../../../arm-none-eabi/lib/thumb/libg.a(lib_a-mallocr.o)
                0x000000000202fb90                __malloc_av_
 .data.__malloc_trim_threshold
                0x000000000202ff98        0x4 /opt/devkitpro/devkitARM/lib/gcc/arm-none-eabi/5.3.0/../../../../arm-none-eabi/lib/thumb/libg.a(lib_a-mallocr.o)
                0x000000000202ff98                __malloc_trim_threshold
 .data.__malloc_sbrk_base
                0x000000000202ff9c        0x4 /opt/devkitpro/devkitARM/lib/gcc/arm-none-eabi/5.3.0/../../../../arm-none-eabi/lib/thumb/libg.a(lib_a-mallocr.o)
                0x000000000202ff9c                __malloc_sbrk_base
 .data.__mbtowc
                0x000000000202ffa0        0x4 /opt/devkitpro/devkitARM/lib/gcc/arm-none-eabi/5.3.0/../../../../arm-none-eabi/lib/thumb/libg.a(lib_a-mbtowc_r.o)
                0x000000000202ffa0                __mbtowc
 .data.__malloc_lock_object
                0x000000000202ffa4        0xc /opt/devkitpro/devkitARM/lib/gcc/arm-none-eabi/5.3.0/../../../../arm-none-eabi/lib/thumb/libg.a(lib_a-mlock.o)
 .data.__tz_lock_object
                0x000000000202ffb0        0x4 /opt/devkitpro/devkitARM/lib/gcc/arm-none-eabi/5.3.0/../../../../arm-none-eabi/lib/thumb/libg.a(lib_a-tzlock.o)
 .data.__wctomb
                0x000000000202ffb4        0x4 /opt/devkitpro/devkitARM/lib/gcc/arm-none-eabi/5.3.0/../../../../arm-none-eabi/lib/thumb/libg.a(lib_a-wctomb_r.o)
                0x000000000202ffb4                __wctomb
 .data.tzinfo   0x000000000202ffb8       0x40 /opt/devkitpro/devkitARM/lib/gcc/arm-none-eabi/5.3.0/../../../../arm-none-eabi/lib/thumb/libg.a(lib_a-gettzinfo.o)
 *(.gnu.linkonce.d*)
                0x000000000202fff8                . = ALIGN (0x4)
                0x000000000202fff8                __data_end = ABSOLUTE (.)
                0x000000000202fff8                __dtcm_lma = .
                0x000000000202fff8                __bss_vma = .

.igot.plt       0x000000000202fff8        0x0
 .igot.plt      0x000000000202fff8        0x0 /opt/devkitpro/devkitARM/lib/gcc/arm-none-eabi/5.3.0/../../../../arm-none-eabi/lib/thumb/ds_arm9_crt0.o

.tm_clone_table
                0x000000000202fff8        0x0
 .tm_clone_table
                0x000000000202fff8        0x0 /opt/devkitpro/devkitARM/lib/gcc/arm-none-eabi/5.3.0/thumb/crtbegin.o
 .tm_clone_table
                0x000000000202fff8        0x0 /opt/devkitpro/devkitARM/lib/gcc/arm-none-eabi/5.3.0/thumb/crtend.o

.dtcm           0x000000000b000000        0x0 load address 0x000000000202fff8
 *(.dtcm)
 *(.dtcm.*)
                0x000000000b000000                . = ALIGN (0x4)
                0x000000000b000000                __dtcm_end = ABSOLUTE (.)
                0x000000000202fff8                __itcm_lma = (__dtcm_lma + SIZEOF (.dtcm))

.itcm           0x0000000001000100      0x194 load address 0x000000000202fff8
 *(.itcm)
 .itcm          0x0000000001000100       0xc8 /opt/devkitpro/libnds/lib/libnds9.a(interrupts.o)
                0x0000000001000100                irqTable
 .itcm          0x00000000010001c8       0xcc /opt/devkitpro/libnds/lib/libnds9.a(interruptDispatcher.o)
                0x00000000010001c8                IntrMain
 *itcm.*(.text)
                0x0000000001000294                . = ALIGN (0x4)
                0x0000000001000294                __itcm_end = ABSOLUTE (.)
                0x000000000203018c                __vectors_lma = (__itcm_lma + SIZEOF (.itcm))

.vectors        0x0000000001000000        0x0 load address 0x000000000203018c
 *(.vectors)
 *vectors.*(.text)
                0x0000000001000000                . = ALIGN (0x4)
                0x0000000001000000                __vectors_end = ABSOLUTE (.)

.sbss           0x000000000b000000        0x0
                0x000000000b000000                __sbss_start = ABSOLUTE (.)
                0x000000000b000000                __sbss_start__ = ABSOLUTE (.)
 *(.sbss)
                0x000000000b000000                . = ALIGN (0x4)
                0x000000000b000000                __sbss_end = ABSOLUTE (.)

.bss            0x000000000202fff8     0x9110
                0x000000000202fff8                __bss_start = ABSOLUTE (.)
                0x000000000202fff8                __bss_start__ = ABSOLUTE (.)
 *(.dynbss)
 *(.gnu.linkonce.b*)
 *(.bss*)
 .bss           0x000000000202fff8       0x1c /opt/devkitpro/devkitARM/lib/gcc/arm-none-eabi/5.3.0/thumb/crtbegin.o
 .bss           0x0000000002030014      0x214 /opt/devkitpro/libnds/lib/libfilesystem.a(nitrofs.o)
 .bss           0x0000000002030228        0x4 /opt/devkitpro/libnds/lib/libfat.a(cache.o)
 .bss           0x000000000203022c        0x6 /opt/devkitpro/libnds/lib/libnds9.a(keys.o)
 *fill*         0x0000000002030232        0x2 
 .bss           0x0000000002030234        0x8 /opt/devkitpro/libnds/lib/libnds9.a(fifosystem.o)
                0x0000000002030238                processing
 .bss           0x000000000203023c        0x4 /opt/devkitpro/libnds/lib/libnds9.a(system.o)
 .bss.__malloc_max_total_mem
                0x0000000002030240        0x4 /opt/devkitpro/devkitARM/lib/gcc/arm-none-eabi/5.3.0/../../../../arm-none-eabi/lib/thumb/libg.a(lib_a-mallocr.o)
                0x0000000002030240                __malloc_max_total_mem
 .bss.__malloc_max_sbrked_mem
                0x0000000002030244        0x4 /opt/devkitpro/devkitARM/lib/gcc/arm-none-eabi/5.3.0/../../../../arm-none-eabi/lib/thumb/libg.a(lib_a-mallocr.o)
                0x0000000002030244                __malloc_max_sbrked_mem
 .bss.__malloc_top_pad
                0x0000000002030248        0x4 /opt/devkitpro/devkitARM/lib/gcc/arm-none-eabi/5.3.0/../../../../arm-none-eabi/lib/thumb/libg.a(lib_a-mallocr.o)
                0x0000000002030248                __malloc_top_pad
 .bss.__malloc_current_mallinfo
                0x000000000203024c       0x28 /opt/devkitpro/devkitARM/lib/gcc/arm-none-eabi/5.3.0/../../../../arm-none-eabi/lib/thumb/libg.a(lib_a-mallocr.o)
                0x000000000203024c                __malloc_current_mallinfo
 .bss._daylight
                0x0000000002030274        0x4 /opt/devkitpro/devkitARM/lib/gcc/arm-none-eabi/5.3.0/../../../../arm-none-eabi/lib/thumb/libg.a(lib_a-tzvars.o)
                0x0000000002030274                _daylight
 .bss           0x0000000002030278        0x4 /opt/devkitpro/devkitARM/lib/gcc/arm-none-eabi/5.3.0/../../../../arm-none-eabi/lib/thumb/libsysbase.a(sbrk.o)
 .bss           0x000000000203027c        0x8 /opt/devkitpro/devkitARM/lib/gcc/arm-none-eabi/5.3.0/../../../../arm-none-eabi/lib/thumb/libsysbase.a(malloc_vars.o)
                0x000000000203027c                fake_heap_start
                0x0000000002030280                fake_heap_end
 .bss           0x0000000002030284     0x1000 /opt/devkitpro/devkitARM/lib/gcc/arm-none-eabi/5.3.0/../../../../arm-none-eabi/lib/thumb/libsysbase.a(chdir.o)
 .bss           0x0000000002031284       0x38 /opt/devkitpro/devkitARM/lib/gcc/arm-none-eabi/5.3.0/../../../../arm-none-eabi/lib/thumb/libsysbase.a(syscall_support.o)
                0x0000000002031284                __syscalls
 *(COMMON)
 COMMON         0x00000000020312bc       0x20 /home/lucas/Documentos/Games/nds/HelloWorld/nflib/lib/libnflib.a(nf_basic.o)
                0x00000000020312bc                NF_ROOTFOLDER
 COMMON         0x00000000020312dc     0x5378 /home/lucas/Documentos/Games/nds/HelloWorld/nflib/lib/libnflib.a(nf_sprite256.o)
                0x00000000020312dc                NF_SPR256GFX
                0x0000000002031edc                NF_BUFFER_SPR256PAL
                0x0000000002031fdc                NF_BUFFER_SPR256GFX
                0x00000000020323dc                NF_SPRITEOAM
                0x00000000020347dc                NF_SPR256VRAM
                0x0000000002035bdc                NF_SPRVRAM
                0x0000000002036414                NF_SPRPALSLOT
                0x0000000002036454                NF_SPR256PAL
 COMMON         0x0000000002036654     0x16c8 /home/lucas/Documentos/Games/nds/HelloWorld/nflib/lib/libnflib.a(nf_tiledbg.o)
                0x0000000002036654                NF_BUFFER_BGTILES
                0x0000000002036754                NF_TILEBLOCKS
                0x0000000002036764                NF_BUFFER_BGMAP
                0x0000000002036864                NF_BANKS_TILES
                0x0000000002036868                NF_BANKS_MAPS
                0x000000000203686c                NF_EXBGPAL
                0x0000000002036e6c                NF_TILEDBG_LAYERS
                0x0000000002036efc                NF_MAPBLOCKS
                0x0000000002036f1c                NF_BUFFER_BGPAL
                0x000000000203701c                NF_TILEDBG
 COMMON         0x0000000002037d1c      0x800 /opt/devkitpro/libnds/lib/libnds9.a(sprite.o)
                0x0000000002037d1c                OamMemorySub
                0x000000000203811c                OamMemory
 COMMON         0x000000000203851c       0x5c /opt/devkitpro/libnds/lib/libnds9.a(console.o)
                0x000000000203851c                currentCopy
 COMMON         0x0000000002038578      0x148 /opt/devkitpro/libnds/lib/libnds9.a(background.o)
                0x0000000002038578                bgState
                0x00000000020386b8                bgIsTextLut
 COMMON         0x00000000020386c0        0x1 /opt/devkitpro/libnds/lib/libnds9.a(initSystem.o)
                0x00000000020386c0                __dsimode
 *fill*         0x00000000020386c1        0x3 
 COMMON         0x00000000020386c4      0xa40 /opt/devkitpro/libnds/lib/libnds9.a(fifosystem.o)
                0x00000000020386c4                fifo_datamsg_data
                0x0000000002038704                fifo_buffer
                0x0000000002038f04                fifo_value32_func
                0x0000000002038f44                fifo_address_func
                0x0000000002038f84                fifo_value32_data
                0x0000000002038fc4                fifo_value32_queue
                0x0000000002039004                fifo_data_queue