Archive member included to satisfy reference by file (symbol)

/opt/devkitpro/libnds/lib/libnds9.a(console.o)
                              main.o (consoleDemoInit)
/opt/devkitpro/libnds/lib/libnds9.a(background.o)
                              /opt/devkitpro/libnds/lib/libnds9.a(console.o) (bgState)
/opt/devkitpro/libnds/lib/libnds9.a(sprite_alloc.o)
                              main.o (oamAllocateGfx)
/opt/devkitpro/libnds/lib/libnds9.a(trig.o)
                              /opt/devkitpro/libnds/lib/libnds9.a(background.o) (sinLerp)
/opt/devkitpro/libnds/lib/libnds9.a(sprite.o)
                              main.o (oamInit)
/opt/devkitpro/libnds/lib/libnds9.a(keys.o)
                              main.o (scanKeys)
/opt/devkitpro/libnds/lib/libnds9.a(initSystem.o)
                              /opt/devkitpro/devkitARM/lib/gcc/arm-none-eabi/6.3.0/../../../../arm-none-eabi/lib/thumb/ds_arm9_crt0.o (initSystem)
/opt/devkitpro/libnds/lib/libnds9.a(timeSupport.o)
                              /opt/devkitpro/libnds/lib/libnds9.a(initSystem.o) (__libnds_gtod)
/opt/devkitpro/libnds/lib/libnds9.a(securearea.o)
                              /opt/devkitpro/devkitARM/lib/gcc/arm-none-eabi/6.3.0/../../../../arm-none-eabi/lib/thumb/ds_arm9_crt0.o (__secure_area__)
/opt/devkitpro/libnds/lib/libnds9.a(interrupts.o)
                              /opt/devkitpro/libnds/lib/libnds9.a(initSystem.o) (irqInit)
/opt/devkitpro/libnds/lib/libnds9.a(libnds_exit.arm.o)
                              /opt/devkitpro/devkitARM/lib/gcc/arm-none-eabi/6.3.0/../../../../arm-none-eabi/lib/thumb/ds_arm9_crt0.o (__libnds_exit)
/opt/devkitpro/libnds/lib/libnds9.a(fifosystem.o)
                              /opt/devkitpro/libnds/lib/libnds9.a(initSystem.o) (fifoSetValue32Handler)
/opt/devkitpro/libnds/lib/libnds9.a(dcache.o)
                              /opt/devkitpro/libnds/lib/libnds9.a(sprite.o) (DC_FlushRange)
/opt/devkitpro/libnds/lib/libnds9.a(mpu_setup.o)
                              /opt/devkitpro/devkitARM/lib/gcc/arm-none-eabi/6.3.0/../../../../arm-none-eabi/lib/thumb/ds_arm9_crt0.o (__libnds_mpu_setup)
/opt/devkitpro/libnds/lib/libnds9.a(IntrWait.o)
                              main.o (swiWaitForVBlank)
/opt/devkitpro/libnds/lib/libnds9.a(cpu_clock.o)
                              /opt/devkitpro/libnds/lib/libnds9.a(initSystem.o) (setCpuClock)
/opt/devkitpro/libnds/lib/libnds9.a(interruptDispatcher.o)
                              /opt/devkitpro/libnds/lib/libnds9.a(interrupts.o) (IntrMain)
/opt/devkitpro/libnds/lib/libnds9.a(debugprint.o)
                              /opt/devkitpro/libnds/lib/libnds9.a(console.o) (nocashWrite)
/opt/devkitpro/libnds/lib/libnds9.a(swiSoftReset.o)
                              /opt/devkitpro/libnds/lib/libnds9.a(fifosystem.o) (swiSoftReset)
/opt/devkitpro/libnds/lib/libnds9.a(default_font.bin.o)
                              /opt/devkitpro/libnds/lib/libnds9.a(console.o) (default_font_bin)
/opt/devkitpro/libnds/lib/libnds9.a(video.o)
                              /opt/devkitpro/libnds/lib/libnds9.a(initSystem.o) (vramDefault)
/opt/devkitpro/libnds/lib/libnds9.a(system.o)
                              /opt/devkitpro/libnds/lib/libnds9.a(initSystem.o) (systemValueHandler)
/opt/devkitpro/libnds/lib/libnds9.a(biosCalls.o)
                              /opt/devkitpro/libnds/lib/libnds9.a(system.o) (swiDelay)
/opt/devkitpro/devkitARM/lib/gcc/arm-none-eabi/6.3.0/thumb/libgcc.a(_divsi3.o)
                              /opt/devkitpro/libnds/lib/libnds9.a(console.o) (__aeabi_idivmod)
/opt/devkitpro/devkitARM/lib/gcc/arm-none-eabi/6.3.0/thumb/libgcc.a(_dvmd_tls.o)
                              /opt/devkitpro/devkitARM/lib/gcc/arm-none-eabi/6.3.0/thumb/libgcc.a(_divsi3.o) (__aeabi_idiv0)
/opt/devkitpro/devkitARM/lib/gcc/arm-none-eabi/6.3.0/../../../../arm-none-eabi/lib/thumb/libg.a(lib_a-bsearch.o)
                              /opt/devkitpro/libnds/lib/libnds9.a(trig.o) (bsearch)
/opt/devkitpro/devkitARM/lib/gcc/arm-none-eabi/6.3.0/../../../../arm-none-eabi/lib/thumb/libg.a(lib_a-init.o)
                              /opt/devkitpro/devkitARM/lib/gcc/arm-none-eabi/6.3.0/../../../../arm-none-eabi/lib/thumb/ds_arm9_crt0.o (__libc_init_array)
/opt/devkitpro/devkitARM/lib/gcc/arm-none-eabi/6.3.0/../../../../arm-none-eabi/lib/thumb/libg.a(lib_a-iprintf.o)
                              main.o (iprintf)
/opt/devkitpro/devkitARM/lib/gcc/arm-none-eabi/6.3.0/../../../../arm-none-eabi/lib/thumb/libg.a(lib_a-malloc.o)
                              /opt/devkitpro/libnds/lib/libnds9.a(sprite_alloc.o) (malloc)
/opt/devkitpro/devkitARM/lib/gcc/arm-none-eabi/6.3.0/../../../../arm-none-eabi/lib/thumb/libg.a(lib_a-mallocr.o)
                              /opt/devkitpro/devkitARM/lib/gcc/arm-none-eabi/6.3.0/../../../../arm-none-eabi/lib/thumb/libg.a(lib_a-malloc.o) (_malloc_r)
/opt/devkitpro/devkitARM/lib/gcc/arm-none-eabi/6.3.0/../../../../arm-none-eabi/lib/thumb/libg.a(lib_a-memcpy-stub.o)
[...]
Memory Configuration

Name             Origin             Length             Attributes
ewram            0x0000000002000000 0x0000000000380000
dtcm             0x000000000b000000 0x0000000000004000
vectors          0x0000000001000000 0x0000000000000100
itcm             0x0000000001000100 0x0000000000007f00
*default*        0x0000000000000000 0xffffffffffffffff

Linker script and memory map

                0x0000000002380000                __ewram_end = (ORIGIN (ewram) + LENGTH (ewram))
                0x0000000002380000                __eheap_end = (ORIGIN (ewram) + LENGTH (ewram))
                0x000000000b004000                __dtcm_top = (ORIGIN (dtcm) + LENGTH (dtcm))
                0x000000000b003ff8                __irq_flags = (__dtcm_top - 0x8)
                0x000000000b003ffc                __irq_vector = (__dtcm_top - 0x4)
                0x000000000b003f00                __sp_svc = (__dtcm_top - 0x100)
                0x000000000b003e00                __sp_irq = (__sp_svc - 0x100)
                0x000000000b003d00                __sp_usr = (__sp_irq - 0x100)

.secure         0x0000000002000000      0x800
 *(.secure)
 .secure        0x0000000002000000      0x800 /opt/devkitpro/libnds/lib/libnds9.a(securearea.o)
                0x0000000002000000                __secure_area__

.crt0           0x0000000002000800      0x300
                0x0000000002000800                __text_start = .
 *(.crt0)
 .crt0          0x0000000002000800      0x300 /opt/devkitpro/devkitARM/lib/gcc/arm-none-eabi/6.3.0/../../../../arm-none-eabi/lib/thumb/ds_arm9_crt0.o
                0x0000000002000800                _start
                0x0000000002000b00                . = ALIGN (0x4)

.plt
 *(.plt)

.init           0x0000000002000b00        0xc
 *(SORT(.init))
 .init          0x0000000002000b00        0x4 /opt/devkitpro/devkitARM/lib/gcc/arm-none-eabi/6.3.0/thumb/crti.o
                0x0000000002000b00                _init
 .init          0x0000000002000b04        0x8 /opt/devkitpro/devkitARM/lib/gcc/arm-none-eabi/6.3.0/thumb/crtn.o

.text           0x0000000002000b10     0xa168
 *(EXCLUDE_FILE(*.twl* *.vectors* *.itcm*) .text)
 .text          0x0000000002000b10       0x6c main.o
                0x0000000002000b10                createSquare
 .text          0x0000000002000b7c      0x150 /opt/devkitpro/devkitARM/lib/gcc/arm-none-eabi/6.3.0/thumb/libgcc.a(_divsi3.o)
                0x0000000002000b7c                __aeabi_idiv
                0x0000000002000b7c                __divsi3
                0x0000000002000cac                __aeabi_idivmod
 .text          0x0000000002000ccc        0x4 /opt/devkitpro/devkitARM/lib/gcc/arm-none-eabi/6.3.0/thumb/libgcc.a(_dvmd_tls.o)
                0x0000000002000ccc                __aeabi_ldiv0
                0x0000000002000ccc                __aeabi_idiv0
 .text          0x0000000002000cd0      0x224 /opt/devkitpro/devkitARM/lib/gcc/arm-none-eabi/6.3.0/../../../../arm-none-eabi/lib/thumb/libg.a(lib_a-strcmp.o)
                0x0000000002000cd0                strcmp
 .text          0x0000000002000ef4      0x11c /opt/devkitpro/devkitARM/lib/gcc/arm-none-eabi/6.3.0/thumb/libgcc.a(_udivsi3.o)
                0x0000000002000ef4                __udivsi3
                0x0000000002000ef4                __aeabi_uidiv
                0x0000000002000ff0                __aeabi_uidivmod
 .text          0x0000000002001010       0x3c /opt/devkitpro/devkitARM/lib/gcc/arm-none-eabi/6.3.0/thumb/libgcc.a(_aeabi_uldivmod.o)
                0x0000000002001010                __aeabi_uldivmod
 .text          0x000000000200104c       0x28 /opt/devkitpro/devkitARM/lib/gcc/arm-none-eabi/6.3.0/thumb/libgcc.a(_clzdi2.o)
                0x000000000200104c                __clzdi2
 .text          0x0000000002001074       0x48 /opt/devkitpro/devkitARM/lib/gcc/arm-none-eabi/6.3.0/thumb/libgcc.a(_clzsi2.o)
                0x0000000002001074                __clzsi2
 *(EXCLUDE_FILE(*.twl* *.vectors* *.itcm*) .stub)
 *(EXCLUDE_FILE(*.twl* *.vectors* *.itcm*) .text.*)
 .text.deregister_tm_clones
                0x00000000020010bc       0x30 /opt/devkitpro/devkitARM/lib/gcc/arm-none-eabi/6.3.0/thumb/crtbegin.o
 .text.register_tm_clones
                0x00000000020010ec       0x34 /opt/devkitpro/devkitARM/lib/gcc/arm-none-eabi/6.3.0/thumb/crtbegin.o
 .text.__do_global_dtors_aux
                0x0000000002001120       0x30 /opt/devkitpro/devkitARM/lib/gcc/arm-none-eabi/6.3.0/thumb/crtbegin.o
 .text.frame_dummy
                0x0000000002001150       0x48 /opt/devkitpro/devkitARM/lib/gcc/arm-none-eabi/6.3.0/thumb/crtbegin.o
 .text.startup  0x0000000002001198       0xf4 main.o
                0x0000000002001198                main
 .text.newRow   0x000000000200128c       0xb4 /opt/devkitpro/libnds/lib/libnds9.a(console.o)
 .text.consolePrintChar
                0x0000000002001340       0xf4 /opt/devkitpro/libnds/lib/libnds9.a(console.o)
                0x0000000002001340                consolePrintChar
 .text.consoleCls
                0x0000000002001434       0xec /opt/devkitpro/libnds/lib/libnds9.a(console.o)
 .text.consoleLoadFont
                0x0000000002001520      0x27c /opt/devkitpro/libnds/lib/libnds9.a(console.o)
                0x0000000002001520                consoleLoadFont
 .text.consoleInit
                0x000000000200179c      0x16c /opt/devkitpro/libnds/lib/libnds9.a(console.o)
                0x000000000200179c                consoleInit
 .text.consoleDemoInit
                0x0000000002001908       0x40 /opt/devkitpro/libnds/lib/libnds9.a(console.o)
                0x0000000002001908                consoleDemoInit
 .text.con_write
                0x0000000002001948      0x2ac /opt/devkitpro/libnds/lib/libnds9.a(console.o)
                0x0000000002001948                con_write
 .text.consoleClear
                0x0000000002001bf4       0x10 /opt/devkitpro/libnds/lib/libnds9.a(console.o)
                0x0000000002001bf4                consoleClear
 .text.checkIfText.part.0
                0x0000000002001c04       0x3c /opt/devkitpro/libnds/lib/libnds9.a(background.o)
 .text.bgUpdate
                0x0000000002001c40       0xf0 /opt/devkitpro/libnds/lib/libnds9.a(background.o)
                0x0000000002001c40                bgUpdate
 .text.bgInit_call
                0x0000000002001d30       0xf4 /opt/devkitpro/libnds/lib/libnds9.a(background.o)
                0x0000000002001d30                bgInit_call
 .text.bgInitSub_call
                0x0000000002001e24       0xf8 /opt/devkitpro/libnds/lib/libnds9.a(background.o)
                0x0000000002001e24                bgInitSub_call
 .text.getAllocHeader
                0x0000000002001f1c       0x2c /opt/devkitpro/libnds/lib/libnds9.a(sprite_alloc.o)
 .text.oamAllocReset
                0x0000000002001f48       0x1c /opt/devkitpro/libnds/lib/libnds9.a(sprite_alloc.o)
                0x0000000002001f48                oamAllocReset
 .text.oamAllocateGfx
                0x0000000002001f64      0x22c /opt/devkitpro/libnds/lib/libnds9.a(sprite_alloc.o)
                0x0000000002001f64                oamAllocateGfx
 .text.sinLerp  0x0000000002002190       0x98 /opt/devkitpro/libnds/lib/libnds9.a(trig.o)
                0x0000000002002190                sinLerp
 .text.cosLerp  0x0000000002002228       0x14 /opt/devkitpro/libnds/lib/libnds9.a(trig.o)
                0x0000000002002228                cosLerp
 .text.oamInit  0x000000000200223c      0x11c /opt/devkitpro/libnds/lib/libnds9.a(sprite.o)
                0x000000000200223c                oamInit
 .text.oamGetGfxPtr
                0x0000000002002358       0x38 /opt/devkitpro/libnds/lib/libnds9.a(sprite.o)
                0x0000000002002358                oamGetGfxPtr
 .text.oamGfxPtrToOffset
                0x0000000002002390       0x34 /opt/devkitpro/libnds/lib/libnds9.a(sprite.o)
                0x0000000002002390                oamGfxPtrToOffset
 .text.oamSet   0x00000000020023c4      0x15c /opt/devkitpro/libnds/lib/libnds9.a(sprite.o)
                0x00000000020023c4                oamSet
 .text.oamUpdate
                0x0000000002002520       0x60 /opt/devkitpro/libnds/lib/libnds9.a(sprite.o)
                0x0000000002002520                oamUpdate
 .text.scanKeys
                0x0000000002002580       0x90 /opt/devkitpro/libnds/lib/libnds9.a(keys.o)
                0x0000000002002580                scanKeys
 .text.keysHeld
                0x0000000002002610        0xc /opt/devkitpro/libnds/lib/libnds9.a(keys.o)
                0x0000000002002610                keysHeld
 .text.keysDown
                0x000000000200261c       0x14 /opt/devkitpro/libnds/lib/libnds9.a(keys.o)
                0x000000000200261c                keysDown
 .text.keysUp   0x0000000002002630       0x18 /opt/devkitpro/libnds/lib/libnds9.a(keys.o)
                0x0000000002002630                keysUp
 .text.initSystem
                0x0000000002002648      0x194 /opt/devkitpro/libnds/lib/libnds9.a(initSystem.o)
                0x0000000002002648                initSystem
 .text.__libnds_gtod
                0x00000000020027dc       0x24 /opt/devkitpro/libnds/lib/libnds9.a(timeSupport.o)
                0x00000000020027dc                __libnds_gtod
 .text.irqDummy
                0x0000000002002800        0x4 /opt/devkitpro/libnds/lib/libnds9.a(interrupts.o)
                0x0000000002002800                irqDummy
 .text.irqSet   0x0000000002002804       0x6c /opt/devkitpro/libnds/lib/libnds9.a(interrupts.o)
                0x0000000002002804                irqSet
 .text.irqInit  0x0000000002002870       0x50 /opt/devkitpro/libnds/lib/libnds9.a(interrupts.o)
                0x0000000002002870                irqInit
 .text.irqEnable
                0x00000000020028c0       0x64 /opt/devkitpro/libnds/lib/libnds9.a(interrupts.o)
                0x00000000020028c0                irqEnable
 .text.irqDisable
                0x0000000002002924       0x64 /opt/devkitpro/libnds/lib/libnds9.a(interrupts.o)
                0x0000000002002924                irqDisable
 .text.systemErrorExit
                0x0000000002002988        0x4 /opt/devkitpro/libnds/lib/libnds9.a(libnds_exit.arm.o)
                0x0000000002002988                systemErrorExit
 *fill*         0x000000000200298c        0x4 ff
 .text.__libnds_exit
                0x0000000002002990       0x5c /opt/devkitpro/libnds/lib/libnds9.a(libnds_exit.arm.o)
                0x0000000002002990                __libnds_exit
 .text.__timeoutvbl
                0x00000000020029ec       0x10 /opt/devkitpro/libnds/lib/libnds9.a(fifosystem.o)
 .text.fifo_allocBlock.part.0
                0x00000000020029fc       0x34 /opt/devkitpro/libnds/lib/libnds9.a(fifosystem.o)
 .text.fifo_waitBlock
                0x0000000002002a30       0x48 /opt/devkitpro/libnds/lib/libnds9.a(fifosystem.o)
 .text.fifoInternalSendInterrupt
                0x0000000002002a78       0x9c /opt/devkitpro/libnds/lib/libnds9.a(fifosystem.o)
 .text.fifoInternalSend.part.2
                0x0000000002002b14       0xd8 /opt/devkitpro/libnds/lib/libnds9.a(fifosystem.o)
 .text.fifoGetValue32.part.3
                0x0000000002002bec       0x74 /opt/devkitpro/libnds/lib/libnds9.a(fifosystem.o)
 .text.fifoSetValue32Handler
                0x0000000002002c60       0x74 /opt/devkitpro/libnds/lib/libnds9.a(fifosystem.o)
                0x0000000002002c60                fifoSetValue32Handler
 .text.fifoSendValue32
                0x0000000002002cd4       0x50 /opt/devkitpro/libnds/lib/libnds9.a(fifosystem.o)
                0x0000000002002cd4                fifoSendValue32
 .text.fifoGetDatamsg
                0x0000000002002d24      0x148 /opt/devkitpro/libnds/lib/libnds9.a(fifosystem.o)
                0x0000000002002d24                fifoGetDatamsg
 .text.fifoInternalRecvInterrupt
                0x0000000002002e6c      0x460 /opt/devkitpro/libnds/lib/libnds9.a(fifosystem.o)
 .text.fifoSetDatamsgHandler
                0x00000000020032cc       0x9c /opt/devkitpro/libnds/lib/libnds9.a(fifosystem.o)
                0x00000000020032cc                fifoSetDatamsgHandler
 .text.fifoInit
                0x0000000002003368      0x1cc /opt/devkitpro/libnds/lib/libnds9.a(fifosystem.o)
                0x0000000002003368                fifoInit
 .text.DC_FlushRange
                0x0000000002003534       0x24 /opt/devkitpro/libnds/lib/libnds9.a(dcache.o)
                0x0000000002003534                DC_FlushRange
 .text.__libnds_mpu_setup
                0x0000000002003558      0x174 /opt/devkitpro/libnds/lib/libnds9.a(mpu_setup.o)
                0x0000000002003558                __libnds_mpu_setup
 .text.memUncached
                0x00000000020036cc       0x20 /opt/devkitpro/libnds/lib/libnds9.a(mpu_setup.o)
                0x00000000020036cc                memUncached
 .text.swiWaitForVBlank
                0x00000000020036ec        0x8 /opt/devkitpro/libnds/lib/libnds9.a(IntrWait.o)
                0x00000000020036ec                swiWaitForVBlank
 .text.swiIntrWait
                0x00000000020036f4       0x64 /opt/devkitpro/libnds/lib/libnds9.a(IntrWait.o)
                0x00000000020036f4                swiIntrWait
 .text.setCpuClock
                0x0000000002003758       0x50 /opt/devkitpro/libnds/lib/libnds9.a(cpu_clock.o)
                0x0000000002003758                setCpuClock
 .text.swiSoftReset
                0x00000000020037a8       0x2c /opt/devkitpro/libnds/lib/libnds9.a(swiSoftReset.o)
                0x00000000020037a8                swiSoftReset
 .text.vramDefault
                0x00000000020037d4       0xd0 /opt/devkitpro/libnds/lib/libnds9.a(video.o)
                0x00000000020037d4                vramDefault
 .text.systemValueHandler
                0x00000000020038a4       0x48 /opt/devkitpro/libnds/lib/libnds9.a(system.o)
                0x00000000020038a4                systemValueHandler
 .text.systemMsgHandler
                0x00000000020038ec       0x5c /opt/devkitpro/libnds/lib/libnds9.a(system.o)
                0x00000000020038ec                systemMsgHandler
 .text.powerOn  0x0000000002003948       0x2c /opt/devkitpro/libnds/lib/libnds9.a(system.o)
                0x0000000002003948                powerOn
 .text.swiDelay
                0x0000000002003974        0x4 /opt/devkitpro/libnds/lib/libnds9.a(biosCalls.o)
                0x0000000002003974                swiDelay
 .text.__libc_init_array
                0x0000000002003978       0x58 /opt/devkitpro/devkitARM/lib/gcc/arm-none-eabi/6.3.0/../../../../arm-none-eabi/lib/thumb/libg.a(lib_a-init.o)
                0x0000000002003978                __libc_init_array
 .text.iprintf  0x00000000020039d0       0x24 /opt/devkitpro/devkitARM/lib/gcc/arm-none-eabi/6.3.0/../../../../arm-none-eabi/lib/thumb/libg.a(lib_a-iprintf.o)
                0x00000000020039d0                iprintf
 .text.malloc   0x00000000020039f4       0x14 /opt/devkitpro/devkitARM/lib/gcc/arm-none-eabi/6.3.0/../../../../arm-none-eabi/lib/thumb/libg.a(lib_a-malloc.o)
                0x00000000020039f4                malloc
 .text.free     0x0000000002003a08       0x14 /opt/devkitpro/devkitARM/lib/gcc/arm-none-eabi/6.3.0/../../../../arm-none-eabi/lib/thumb/libg.a(lib_a-malloc.o)
                0x0000000002003a08                free
 .text._malloc_r
                0x0000000002003a1c      0x560 /opt/devkitpro/devkitARM/lib/gcc/arm-none-eabi/6.3.0/../../../../arm-none-eabi/lib/thumb/libg.a(lib_a-mallocr.o)
                0x0000000002003a1c                _malloc_r
 .text.memcpy   0x0000000002003f7c       0x88 /opt/devkitpro/devkitARM/lib/gcc/arm-none-eabi/6.3.0/../../../../arm-none-eabi/lib/thumb/libg.a(lib_a-memcpy-stub.o)
                0x0000000002003f7c                memcpy
 .text.memset   0x0000000002004004       0x9c /opt/devkitpro/devkitARM/lib/gcc/arm-none-eabi/6.3.0/../../../../arm-none-eabi/lib/thumb/libg.a(lib_a-memset.o)
                0x0000000002004004                memset
 .text.__malloc_lock
                0x00000000020040a0       0x14 /opt/devkitpro/devkitARM/lib/gcc/arm-none-eabi/6.3.0/../../../../arm-none-eabi/lib/thumb/libg.a(lib_a-mlock.o)
                0x00000000020040a0                __malloc_lock
 .text.__malloc_unlock
                0x00000000020040b4       0x14 /opt/devkitpro/devkitARM/lib/gcc/arm-none-eabi/6.3.0/../../../../arm-none-eabi/lib/thumb/libg.a(lib_a-mlock.o)
                0x00000000020040b4                __malloc_unlock
 .text.realloc  0x00000000020040c8       0x18 /opt/devkitpro/devkitARM/lib/gcc/arm-none-eabi/6.3.0/../../../../arm-none-eabi/lib/thumb/libg.a(lib_a-realloc.o)
                0x00000000020040c8                realloc
 .text._realloc_r
                0x00000000020040e0      0x38c /opt/devkitpro/devkitARM/lib/gcc/arm-none-eabi/6.3.0/../../../../arm-none-eabi/lib/thumb/libg.a(lib_a-reallocr.o)
                0x00000000020040e0                _realloc_r
 .text.setvbuf  0x000000000200446c      0x1a4 /opt/devkitpro/devkitARM/lib/gcc/arm-none-eabi/6.3.0/../../../../arm-none-eabi/lib/thumb/libg.a(lib_a-setvbuf.o)
                0x000000000200446c                setvbuf
 .text.siscanf  0x0000000002004610       0x4c /opt/devkitpro/devkitARM/lib/gcc/arm-none-eabi/6.3.0/../../../../arm-none-eabi/lib/thumb/libg.a(lib_a-siscanf.o)
                0x0000000002004610                siscanf
 .text.__sread  0x000000000200465c       0x34 /opt/devkitpro/devkitARM/lib/gcc/arm-none-eabi/6.3.0/../../../../arm-none-eabi/lib/thumb/libg.a(lib_a-stdio.o)
                0x000000000200465c                __sread
 .text.__seofread
                0x0000000002004690        0x4 /opt/devkitpro/devkitARM/lib/gcc/arm-none-eabi/6.3.0/../../../../arm-none-eabi/lib/thumb/libg.a(lib_a-stdio.o)
                0x0000000002004690                __seofread
 .text.__swrite
                0x0000000002004694       0x48 /opt/devkitpro/devkitARM/lib/gcc/arm-none-eabi/6.3.0/../../../../arm-none-eabi/lib/thumb/libg.a(lib_a-stdio.o)
                0x0000000002004694                __swrite
 .text.__sseek  0x00000000020046dc       0x40 /opt/devkitpro/devkitARM/lib/gcc/arm-none-eabi/6.3.0/../../../../arm-none-eabi/lib/thumb/libg.a(lib_a-stdio.o)
                0x00000000020046dc                __sseek
 .text.__sclose
                0x000000000200471c       0x10 /opt/devkitpro/devkitARM/lib/gcc/arm-none-eabi/6.3.0/../../../../arm-none-eabi/lib/thumb/libg.a(lib_a-stdio.o)
                0x000000000200471c                __sclose
 .text.strlen   0x000000000200472c       0x68 /opt/devkitpro/devkitARM/lib/gcc/arm-none-eabi/6.3.0/../../../../arm-none-eabi/lib/thumb/libg.a(lib_a-strlen-stub.o)
                0x000000000200472c                strlen
 .text._sungetc_r
                0x0000000002004794       0x8c /opt/devkitpro/devkitARM/lib/gcc/arm-none-eabi/6.3.0/../../../../arm-none-eabi/lib/thumb/libg.a(lib_a-svfiscanf.o)
                0x0000000002004794                _sungetc_r
 .text.__ssrefill_r
                0x0000000002004820       0x44 /opt/devkitpro/devkitARM/lib/gcc/arm-none-eabi/6.3.0/../../../../arm-none-eabi/lib/thumb/libg.a(lib_a-svfiscanf.o)
                0x0000000002004820                __ssrefill_r
 .text._sfread_r
                0x0000000002004864       0x90 /opt/devkitpro/devkitARM/lib/gcc/arm-none-eabi/6.3.0/../../../../arm-none-eabi/lib/thumb/libg.a(lib_a-svfiscanf.o)
                0x0000000002004864                _sfread_r
 .text.__ssvfiscanf_r
                0x00000000020048f4     0x13e0 /opt/devkitpro/devkitARM/lib/gcc/arm-none-eabi/6.3.0/../../../../arm-none-eabi/lib/thumb/libg.a(lib_a-svfiscanf.o)
                0x00000000020048f4                __ssvfiscanf_r
 .text.__submore
                0x0000000002005cd4       0x88 /opt/devkitpro/devkitARM/lib/gcc/arm-none-eabi/6.3.0/../../../../arm-none-eabi/lib/thumb/libg.a(lib_a-ungetc.o)
                0x0000000002005cd4                __submore
 .text.get_arg  0x0000000002005d5c      0xc4c /opt/devkitpro/devkitARM/lib/gcc/arm-none-eabi/6.3.0/../../../../arm-none-eabi/lib/thumb/libg.a(lib_a-vfiprintf.o)
 .text.__sprint_r.part.0
                0x00000000020069a8       0x14 /opt/devkitpro/devkitARM/lib/gcc/arm-none-eabi/6.3.0/../../../../arm-none-eabi/lib/thumb/libg.a(lib_a-vfiprintf.o)
 .text._vfiprintf_r
                0x00000000020069bc     0x1e0c /opt/devkitpro/devkitARM/lib/gcc/arm-none-eabi/6.3.0/../../../../arm-none-eabi/lib/thumb/libg.a(lib_a-vfiprintf.o)
                0x00000000020069bc                _vfiprintf_r
 .text.__sbprintf
                0x00000000020087c8       0x8c /opt/devkitpro/devkitARM/lib/gcc/arm-none-eabi/6.3.0/../../../../arm-none-eabi/lib/thumb/libg.a(lib_a-vfiprintf.o)
 .text._wcrtomb_r
                0x0000000002008854       0x80 /opt/devkitpro/devkitARM/lib/gcc/arm-none-eabi/6.3.0/../../../../arm-none-eabi/lib/thumb/libg.a(lib_a-wcrtomb.o)
                0x0000000002008854                _wcrtomb_r
 .text._wcsrtombs_r
                0x00000000020088d4       0x1c /opt/devkitpro/devkitARM/lib/gcc/arm-none-eabi/6.3.0/../../../../arm-none-eabi/lib/thumb/libg.a(lib_a-wcsrtombs.o)
                0x00000000020088d4                _wcsrtombs_r
 .text.__swsetup_r
                0x00000000020088f0       0xd8 /opt/devkitpro/devkitARM/lib/gcc/arm-none-eabi/6.3.0/../../../../arm-none-eabi/lib/thumb/libg.a(lib_a-wsetup.o)
                0x00000000020088f0                __swsetup_r
 .text.__sflush_r
                0x00000000020089c8      0x1a4 /opt/devkitpro/devkitARM/lib/gcc/arm-none-eabi/6.3.0/../../../../arm-none-eabi/lib/thumb/libg.a(lib_a-fflush.o)
                0x00000000020089c8                __sflush_r
 .text._fflush_r
                0x0000000002008b6c       0x58 /opt/devkitpro/devkitARM/lib/gcc/arm-none-eabi/6.3.0/../../../../arm-none-eabi/lib/thumb/libg.a(lib_a-fflush.o)
                0x0000000002008b6c                _fflush_r
 .text._cleanup_r
                0x0000000002008bc4       0x14 /opt/devkitpro/devkitARM/lib/gcc/arm-none-eabi/6.3.0/../../../../arm-none-eabi/lib/thumb/libg.a(lib_a-findfp.o)
                0x0000000002008bc4                _cleanup_r
 .text.std.isra.0
                0x0000000002008bd8       0x54 /opt/devkitpro/devkitARM/lib/gcc/arm-none-eabi/6.3.0/../../../../arm-none-eabi/lib/thumb/libg.a(lib_a-findfp.o)
 .text.__sinit  0x0000000002008c2c       0x64 /opt/devkitpro/devkitARM/lib/gcc/arm-none-eabi/6.3.0/../../../../arm-none-eabi/lib/thumb/libg.a(lib_a-findfp.o)
                0x0000000002008c2c                __sinit
 .text.__sfp_lock_acquire
                0x0000000002008c90       0x14 /opt/devkitpro/devkitARM/lib/gcc/arm-none-eabi/6.3.0/../../../../arm-none-eabi/lib/thumb/libg.a(lib_a-findfp.o)
                0x0000000002008c90                __sfp_lock_acquire
 .text.__sfp_lock_release
                0x0000000002008ca4       0x14 /opt/devkitpro/devkitARM/lib/gcc/arm-none-eabi/6.3.0/../../../../arm-none-eabi/lib/thumb/libg.a(lib_a-findfp.o)
                0x0000000002008ca4                __sfp_lock_release
 .text._malloc_trim_r
                0x0000000002008cb8       0xa4 /opt/devkitpro/devkitARM/lib/gcc/arm-none-eabi/6.3.0/../../../../arm-none-eabi/lib/thumb/libg.a(lib_a-freer.o)
                0x0000000002008cb8                _malloc_trim_r
 .text._free_r  0x0000000002008d5c      0x1c0 /opt/devkitpro/devkitARM/lib/gcc/arm-none-eabi/6.3.0/../../../../arm-none-eabi/lib/thumb/libg.a(lib_a-freer.o)
                0x0000000002008d5c                _free_r
 .text.__sfvwrite_r
                0x0000000002008f1c      0x334 /opt/devkitpro/devkitARM/lib/gcc/arm-none-eabi/6.3.0/../../../../arm-none-eabi/lib/thumb/libg.a(lib_a-fvwrite.o)
                0x0000000002008f1c                __sfvwrite_r
 .text._fwalk_reent
                0x0000000002009250       0x54 /opt/devkitpro/devkitARM/lib/gcc/arm-none-eabi/6.3.0/../../../../arm-none-eabi/lib/thumb/libg.a(lib_a-fwalk.o)
                0x0000000002009250                _fwalk_reent
 .text.iswspace
                0x00000000020092a4       0x78 /opt/devkitpro/devkitARM/lib/gcc/arm-none-eabi/6.3.0/../../../../arm-none-eabi/lib/thumb/libg.a(lib_a-iswspace.o)
                0x00000000020092a4                iswspace
 .text.__jp2uc  0x000000000200931c      0x188 /opt/devkitpro/devkitARM/lib/gcc/arm-none-eabi/6.3.0/../../../../arm-none-eabi/lib/thumb/libg.a(lib_a-jp2uc.o)
 .text._jp2uc   0x00000000020094a4       0x8c /opt/devkitpro/devkitARM/lib/gcc/arm-none-eabi/6.3.0/../../../../arm-none-eabi/lib/thumb/libg.a(lib_a-jp2uc.o)
                0x00000000020094a4                _jp2uc
 .text._localeconv_r
                0x0000000002009530       0x1c /opt/devkitpro/devkitARM/lib/gcc/arm-none-eabi/6.3.0/../../../../arm-none-eabi/lib/thumb/libg.a(lib_a-localeconv.o)
                0x0000000002009530                _localeconv_r
 .text.__locale_mb_cur_max
                0x000000000200954c       0x20 /opt/devkitpro/devkitARM/lib/gcc/arm-none-eabi/6.3.0/../../../../arm-none-eabi/lib/thumb/libg.a(lib_a-locale.o)
                0x000000000200954c                __locale_mb_cur_max
 .text.__locale_ctype_ptr_l
                0x000000000200956c        0x8 /opt/devkitpro/devkitARM/lib/gcc/arm-none-eabi/6.3.0/../../../../arm-none-eabi/lib/thumb/libg.a(lib_a-locale.o)
                0x000000000200956c                __locale_ctype_ptr_l
 .text.__locale_ctype_ptr
                0x0000000002009574       0x20 /opt/devkitpro/devkitARM/lib/gcc/arm-none-eabi/6.3.0/../../../../arm-none-eabi/lib/thumb/libg.a(lib_a-locale.o)
                0x0000000002009574                __locale_ctype_ptr
 .text.__swhatbuf_r
                0x0000000002009594       0x64 /opt/devkitpro/devkitARM/lib/gcc/arm-none-eabi/6.3.0/../../../../arm-none-eabi/lib/thumb/libg.a(lib_a-makebuf.o)
                0x0000000002009594                __swhatbuf_r
 .text.__smakebuf_r
                0x00000000020095f8       0x98 /opt/devkitpro/devkitARM/lib/gcc/arm-none-eabi/6.3.0/../../../../arm-none-eabi/lib/thumb/libg.a(lib_a-makebuf.o)
                0x00000000020095f8                __smakebuf_r
 .text._mbrtowc_r
                0x0000000002009690       0x8c /opt/devkitpro/devkitARM/lib/gcc/arm-none-eabi/6.3.0/../../../../arm-none-eabi/lib/thumb/libg.a(lib_a-mbrtowc.o)
                0x0000000002009690                _mbrtowc_r
 .text.__utf8_mbtowc
                0x000000000200971c      0x2a0 /opt/devkitpro/devkitARM/lib/gcc/arm-none-eabi/6.3.0/../../../../arm-none-eabi/lib/thumb/libg.a(lib_a-mbtowc_r.o)
                0x000000000200971c                __utf8_mbtowc
 .text.memchr   0x00000000020099bc       0x84 /opt/devkitpro/devkitARM/lib/gcc/arm-none-eabi/6.3.0/../../../../arm-none-eabi/lib/thumb/libg.a(lib_a-memchr-stub.o)
                0x00000000020099bc                memchr
 .text.memmove  0x0000000002009a40       0xa4 /opt/devkitpro/devkitARM/lib/gcc/arm-none-eabi/6.3.0/../../../../arm-none-eabi/lib/thumb/libg.a(lib_a-memmove.o)
                0x0000000002009a40                memmove
 .text.__sccl   0x0000000002009ae4       0x78 /opt/devkitpro/devkitARM/lib/gcc/arm-none-eabi/6.3.0/../../../../arm-none-eabi/lib/thumb/libg.a(lib_a-sccl.o)
                0x0000000002009ae4                __sccl
 .text.strncpy  0x0000000002009b5c       0x80 /opt/devkitpro/devkitARM/lib/gcc/arm-none-eabi/6.3.0/../../../../arm-none-eabi/lib/thumb/libg.a(lib_a-strncpy.o)
                0x0000000002009b5c                strncpy
 .text._strtoll_l.isra.0
                0x0000000002009bdc      0x1f0 /opt/devkitpro/devkitARM/lib/gcc/arm-none-eabi/6.3.0/../../../../arm-none-eabi/lib/thumb/libg.a(lib_a-strtoll.o)
 .text._strtoll_r
                0x0000000002009dcc       0x34 /opt/devkitpro/devkitARM/lib/gcc/arm-none-eabi/6.3.0/../../../../arm-none-eabi/lib/thumb/libg.a(lib_a-strtoll.o)
                0x0000000002009dcc                _strtoll_r
 .text._strtol_l.isra.0
                0x0000000002009e00      0x180 /opt/devkitpro/devkitARM/lib/gcc/arm-none-eabi/6.3.0/../../../../arm-none-eabi/lib/thumb/libg.a(lib_a-strtol.o)
 .text._strtol_r
                0x0000000002009f80       0x34 /opt/devkitpro/devkitARM/lib/gcc/arm-none-eabi/6.3.0/../../../../arm-none-eabi/lib/thumb/libg.a(lib_a-strtol.o)
                0x0000000002009f80                _strtol_r
 .text._strtoull_l.isra.0
                0x0000000002009fb4      0x1c8 /opt/devkitpro/devkitARM/lib/gcc/arm-none-eabi/6.3.0/../../../../arm-none-eabi/lib/thumb/libg.a(lib_a-strtoull.o)
 .text._strtoull_r
                0x000000000200a17c       0x34 /opt/devkitpro/devkitARM/lib/gcc/arm-none-eabi/6.3.0/../../../../arm-none-eabi/lib/thumb/libg.a(lib_a-strtoull.o)
                0x000000000200a17c                _strtoull_r
 .text._strtoul_l.isra.0
                0x000000000200a1b0      0x14c /opt/devkitpro/devkitARM/lib/gcc/arm-none-eabi/6.3.0/../../../../arm-none-eabi/lib/thumb/libg.a(lib_a-strtoul.o)
 .text._strtoul_r
                0x000000000200a2fc       0x34 /opt/devkitpro/devkitARM/lib/gcc/arm-none-eabi/6.3.0/../../../../arm-none-eabi/lib/thumb/libg.a(lib_a-strtoul.o)
                0x000000000200a2fc                _strtoul_r
 .text._wcsnrtombs_l
                0x000000000200a330      0x11c /opt/devkitpro/devkitARM/lib/gcc/arm-none-eabi/6.3.0/../../../../arm-none-eabi/lib/thumb/libg.a(lib_a-wcsnrtombs.o)
                0x000000000200a330                _wcsnrtombs_l
 .text._wcsnrtombs_r
                0x000000000200a44c       0x40 /opt/devkitpro/devkitARM/lib/gcc/arm-none-eabi/6.3.0/../../../../arm-none-eabi/lib/thumb/libg.a(lib_a-wcsnrtombs.o)
                0x000000000200a44c                _wcsnrtombs_r
 .text.__utf8_wctomb
                0x000000000200a48c       0xbc /opt/devkitpro/devkitARM/lib/gcc/arm-none-eabi/6.3.0/../../../../arm-none-eabi/lib/thumb/libg.a(lib_a-wctomb_r.o)
                0x000000000200a48c                __utf8_wctomb
 .text._fclose_r
                0x000000000200a548       0xd4 /opt/devkitpro/devkitARM/lib/gcc/arm-none-eabi/6.3.0/../../../../arm-none-eabi/lib/thumb/libg.a(lib_a-fclose.o)
                0x000000000200a548                _fclose_r
 .text.null_write
                0x000000000200a61c        0x4 /opt/devkitpro/devkitARM/lib/gcc/arm-none-eabi/6.3.0/../../../../arm-none-eabi/lib/thumb/libsysbase.a(iosupport.o)
 .text._close_r
                0x000000000200a620       0x5c /opt/devkitpro/devkitARM/lib/gcc/arm-none-eabi/6.3.0/../../../../arm-none-eabi/lib/thumb/libsysbase.a(close.o)
                0x000000000200a620                _close_r
 .text._fstat_r
                0x000000000200a67c       0x4c /opt/devkitpro/devkitARM/lib/gcc/arm-none-eabi/6.3.0/../../../../arm-none-eabi/lib/thumb/libsysbase.a(fstat.o)
                0x000000000200a67c                _fstat_r
 .text._isatty_r
                0x000000000200a6c8        0x4 /opt/devkitpro/devkitARM/lib/gcc/arm-none-eabi/6.3.0/../../../../arm-none-eabi/lib/thumb/libsysbase.a(isatty.o)
                0x000000000200a6c8                _isatty_r
 .text._lseek_r
                0x000000000200a6cc       0x5c /opt/devkitpro/devkitARM/lib/gcc/arm-none-eabi/6.3.0/../../../../arm-none-eabi/lib/thumb/libsysbase.a(lseek.o)
                0x000000000200a6cc                _lseek_r
 .text._read_r  0x000000000200a728       0x50 /opt/devkitpro/devkitARM/lib/gcc/arm-none-eabi/6.3.0/../../../../arm-none-eabi/lib/thumb/libsysbase.a(read.o)
                0x000000000200a728                _read_r
 .text._sbrk_r  0x000000000200a778       0x54 /opt/devkitpro/devkitARM/lib/gcc/arm-none-eabi/6.3.0/../../../../arm-none-eabi/lib/thumb/libsysbase.a(sbrk.o)
                0x000000000200a778                _sbrk_r
 .text._write_r
                0x000000000200a7cc       0x50 /opt/devkitpro/devkitARM/lib/gcc/arm-none-eabi/6.3.0/../../../../arm-none-eabi/lib/thumb/libsysbase.a(write.o)
                0x000000000200a7cc                _write_r
 .text.build_argv
                0x000000000200a81c       0x4c /opt/devkitpro/devkitARM/lib/gcc/arm-none-eabi/6.3.0/../../../../arm-none-eabi/lib/thumb/libsysbase.a(build_argv.o)
                0x000000000200a81c                build_argv
 .text.__flockfile
                0x000000000200a868       0x10 /opt/devkitpro/devkitARM/lib/gcc/arm-none-eabi/6.3.0/../../../../arm-none-eabi/lib/thumb/libsysbase.a(flock.o)
                0x000000000200a868                __flockfile
 .text.__funlockfile
                0x000000000200a878       0x10 /opt/devkitpro/devkitARM/lib/gcc/arm-none-eabi/6.3.0/../../../../arm-none-eabi/lib/thumb/libsysbase.a(flock.o)
                0x000000000200a878                __funlockfile
 .text.__libc_lock_acquire
                0x000000000200a888       0x1c /opt/devkitpro/devkitARM/lib/gcc/arm-none-eabi/6.3.0/../../../../arm-none-eabi/lib/thumb/libsysbase.a(syscall_support.o)
                0x000000000200a888                __libc_lock_acquire
 .text.__libc_lock_release
                0x000000000200a8a4       0x1c /opt/devkitpro/devkitARM/lib/gcc/arm-none-eabi/6.3.0/../../../../arm-none-eabi/lib/thumb/libsysbase.a(syscall_support.o)
                0x000000000200a8a4                __libc_lock_release
 .text.__libc_lock_init_recursive
                0x000000000200a8c0       0x1c /opt/devkitpro/devkitARM/lib/gcc/arm-none-eabi/6.3.0/../../../../arm-none-eabi/lib/thumb/libsysbase.a(syscall_support.o)
                0x000000000200a8c0                __libc_lock_init_recursive
 .text.__libc_lock_acquire_recursive
                0x000000000200a8dc       0x1c /opt/devkitpro/devkitARM/lib/gcc/arm-none-eabi/6.3.0/../../../../arm-none-eabi/lib/thumb/libsysbase.a(syscall_support.o)
                0x000000000200a8dc                __libc_lock_acquire_recursive
 .text.__libc_lock_release_recursive
                0x000000000200a8f8       0x1c /opt/devkitpro/devkitARM/lib/gcc/arm-none-eabi/6.3.0/../../../../arm-none-eabi/lib/thumb/libsysbase.a(syscall_support.o)
                0x000000000200a8f8                __libc_lock_release_recursive
 .text.__libc_lock_close_recursive
                0x000000000200a914       0x1c /opt/devkitpro/devkitARM/lib/gcc/arm-none-eabi/6.3.0/../../../../arm-none-eabi/lib/thumb/libsysbase.a(syscall_support.o)
                0x000000000200a914                __libc_lock_close_recursive
 .text.__free_handle
                0x000000000200a930       0x3c /opt/devkitpro/devkitARM/lib/gcc/arm-none-eabi/6.3.0/../../../../arm-none-eabi/lib/thumb/libsysbase.a(handle_manager.o)
                0x000000000200a930                __free_handle
 .text.__release_handle
                0x000000000200a96c       0x38 /opt/devkitpro/devkitARM/lib/gcc/arm-none-eabi/6.3.0/../../../../arm-none-eabi/lib/thumb/libsysbase.a(handle_manager.o)
                0x000000000200a96c                __release_handle
 .text.__get_handle
                0x000000000200a9a4       0x1c /opt/devkitpro/devkitARM/lib/gcc/arm-none-eabi/6.3.0/../../../../arm-none-eabi/lib/thumb/libsysbase.a(handle_manager.o)
                0x000000000200a9a4                __get_handle
 .text.__getreent
                0x000000000200a9c0       0x28 /opt/devkitpro/devkitARM/lib/gcc/arm-none-eabi/6.3.0/../../../../arm-none-eabi/lib/thumb/libsysbase.a(getreent.o)
                0x000000000200a9c0                __getreent
 .text.__muldi3
                0x000000000200a9e8       0x60 /opt/devkitpro/devkitARM/lib/gcc/arm-none-eabi/6.3.0/thumb/libgcc.a(_muldi3.o)
                0x000000000200a9e8                __aeabi_lmul
                0x000000000200a9e8                __muldi3
 .text.__udivmoddi4
                0x000000000200aa48      0x184 /opt/devkitpro/devkitARM/lib/gcc/arm-none-eabi/6.3.0/thumb/libgcc.a(_udivmoddi4.o)
                0x000000000200aa48                __udivmoddi4
 *fill*         0x000000000200abcc        0x4 ff
 .text.__udivmoddi4.__stub
                0x000000000200abd0       0x98 linker stubs
 *(EXCLUDE_FILE(*.twl*) .gnu.warning)
 *(EXCLUDE_FILE(*.twl*) .gnu.linkonce.t*)
 *(.glue_7)
 .glue_7        0x000000000200ac78        0x0 linker stubs
 *(.glue_7t)
 .glue_7t       0x000000000200ac78        0x0 linker stubs
                0x000000000200ac78                . = ALIGN (0x4)

.vfp11_veneer   0x000000000200ac78        0x0
 .vfp11_veneer  0x000000000200ac78        0x0 linker stubs

.v4_bx          0x000000000200ac78        0x0
 .v4_bx         0x000000000200ac78        0x0 linker stubs

.iplt           0x000000000200ac78        0x0
 .iplt          0x000000000200ac78        0x0 /opt/devkitpro/devkitARM/lib/gcc/arm-none-eabi/6.3.0/../../../../arm-none-eabi/lib/thumb/ds_arm9_crt0.o

.fini           0x000000000200ac78        0xc
 *(.fini)
 .fini          0x000000000200ac78        0x4 /opt/devkitpro/devkitARM/lib/gcc/arm-none-eabi/6.3.0/thumb/crti.o
                0x000000000200ac78                _fini
 .fini          0x000000000200ac7c        0x8 /opt/devkitpro/devkitARM/lib/gcc/arm-none-eabi/6.3.0/thumb/crtn.o
                0x000000000200ac84                __text_end = .

.rodata         0x000000000200ac84     0x697c
 *(EXCLUDE_FILE(*.twl*) .rodata)
 .rodata        0x000000000200ac84     0x2004 /opt/devkitpro/libnds/lib/libnds9.a(default_font.bin.o)
                0x000000000200ac84                default_font_bin
                0x000000000200cc84                default_font_bin_end
                0x000000000200cc84                default_font_bin_size
 *all.rodata*(*)
 *(EXCLUDE_FILE(*.twl*) .roda)
 *(EXCLUDE_FILE(*.twl*) .rodata.*)
 .rodata.str1.4
                0x000000000200cc88       0x16 main.o
 *fill*         0x000000000200cc9e        0x2 ff
 .rodata.con_write
                0x000000000200cca0       0xd4 /opt/devkitpro/libnds/lib/libnds9.a(console.o)
 .rodata.con_write.str1.4
                0x000000000200cd74       0x30 /opt/devkitpro/libnds/lib/libnds9.a(console.o)
 .rodata.consoleClear.str1.4
                0x000000000200cda4        0x5 /opt/devkitpro/libnds/lib/libnds9.a(console.o)
 *fill*         0x000000000200cda9        0x3 ff
 .rodata.dotab_stdout
                0x000000000200cdac       0x68 /opt/devkitpro/libnds/lib/libnds9.a(console.o)
 .rodata.str1.4
                0x000000000200ce14       0x14 /opt/devkitpro/libnds/lib/libnds9.a(console.o)
 .rodata.SIN_LUT
                0x000000000200ce28      0x102 /opt/devkitpro/libnds/lib/libnds9.a(trig.o)
                0x000000000200ce28                SIN_LUT
 *fill*         0x000000000200cf2a        0x2 ff
 .rodata.__ssvfiscanf_r
                0x000000000200cf2c      0x324 /opt/devkitpro/devkitARM/lib/gcc/arm-none-eabi/6.3.0/../../../../arm-none-eabi/lib/thumb/libg.a(lib_a-svfiscanf.o)
 .rodata.basefix.6811
                0x000000000200d250       0x22 /opt/devkitpro/devkitARM/lib/gcc/arm-none-eabi/6.3.0/../../../../arm-none-eabi/lib/thumb/libg.a(lib_a-svfiscanf.o)
 *fill*         0x000000000200d272        0x2 ff
 .rodata.get_arg
                0x000000000200d274      0x938 /opt/devkitpro/devkitARM/lib/gcc/arm-none-eabi/6.3.0/../../../../arm-none-eabi/lib/thumb/libg.a(lib_a-vfiprintf.o)
 .rodata._vfiprintf_r
                0x000000000200dbac      0x16c /opt/devkitpro/devkitARM/lib/gcc/arm-none-eabi/6.3.0/../../../../arm-none-eabi/lib/thumb/libg.a(lib_a-vfiprintf.o)
 .rodata._vfiprintf_r.str1.4
                0x000000000200dd18       0x2f /opt/devkitpro/devkitARM/lib/gcc/arm-none-eabi/6.3.0/../../../../arm-none-eabi/lib/thumb/libg.a(lib_a-vfiprintf.o)
 *fill*         0x000000000200dd47        0x1 ff
 .rodata.blanks.7260
                0x000000000200dd48       0x10 /opt/devkitpro/devkitARM/lib/gcc/arm-none-eabi/6.3.0/../../../../arm-none-eabi/lib/thumb/libg.a(lib_a-vfiprintf.o)
 .rodata.zeroes.7261
                0x000000000200dd58       0x10 /opt/devkitpro/devkitARM/lib/gcc/arm-none-eabi/6.3.0/../../../../arm-none-eabi/lib/thumb/libg.a(lib_a-vfiprintf.o)
 .rodata.__jp2uc
                0x000000000200dd68       0x20 /opt/devkitpro/devkitARM/lib/gcc/arm-none-eabi/6.3.0/../../../../arm-none-eabi/lib/thumb/libg.a(lib_a-jp2uc.o)
 .rodata._jp2uc.str1.4
                0x000000000200dd88       0x12 /opt/devkitpro/devkitARM/lib/gcc/arm-none-eabi/6.3.0/../../../../arm-none-eabi/lib/thumb/libg.a(lib_a-jp2uc.o)
 *fill*         0x000000000200dd9a        0x2 ff
 .rodata.a1     0x000000000200dd9c       0xbc /opt/devkitpro/devkitARM/lib/gcc/arm-none-eabi/6.3.0/../../../../arm-none-eabi/lib/thumb/libg.a(lib_a-jp2uc.o)
 .rodata.a2     0x000000000200de58       0xbc /opt/devkitpro/devkitARM/lib/gcc/arm-none-eabi/6.3.0/../../../../arm-none-eabi/lib/thumb/libg.a(lib_a-jp2uc.o)
 .rodata.a3     0x000000000200df14       0x5b /opt/devkitpro/devkitARM/lib/gcc/arm-none-eabi/6.3.0/../../../../arm-none-eabi/lib/thumb/libg.a(lib_a-jp2uc.o)
 *fill*         0x000000000200df6f        0x1 ff
 .rodata.a6     0x000000000200df70       0x70 /opt/devkitpro/devkitARM/lib/gcc/arm-none-eabi/6.3.0/../../../../arm-none-eabi/lib/thumb/libg.a(lib_a-jp2uc.o)
 .rodata.a7     0x000000000200dfe0       0xa2 /opt/devkitpro/devkitARM/lib/gcc/arm-none-eabi/6.3.0/../../../../arm-none-eabi/lib/thumb/libg.a(lib_a-jp2uc.o)
 *fill*         0x000000000200e082        0x2 ff
 .rodata.a8     0x000000000200e084       0x40 /opt/devkitpro/devkitARM/lib/gcc/arm-none-eabi/6.3.0/../../../../arm-none-eabi/lib/thumb/libg.a(lib_a-jp2uc.o)
 .rodata.b02cf  0x000000000200e0c4     0x172a /opt/devkitpro/devkitARM/lib/gcc/arm-none-eabi/6.3.0/../../../../arm-none-eabi/lib/thumb/libg.a(lib_a-jp2uc.o)
 *fill*         0x000000000200f7ee        0x2 ff
 .rodata.d02f4  0x000000000200f7f0     0x1a7c /opt/devkitpro/devkitARM/lib/gcc/arm-none-eabi/6.3.0/../../../../arm-none-eabi/lib/thumb/libg.a(lib_a-jp2uc.o)
 .rodata.str1.4
                0x000000000201126c       0x48 /opt/devkitpro/devkitARM/lib/gcc/arm-none-eabi/6.3.0/../../../../arm-none-eabi/lib/thumb/libg.a(lib_a-locale.o)
                                         0x4c (size before relaxing)
 .rodata._mbrtowc_r.str1.4
                0x00000000020112b4        0x1 /opt/devkitpro/devkitARM/lib/gcc/arm-none-eabi/6.3.0/../../../../arm-none-eabi/lib/thumb/libg.a(lib_a-mbrtowc.o)
 .rodata.__action_table
                0x00000000020112b4       0x6c /opt/devkitpro/devkitARM/lib/gcc/arm-none-eabi/6.3.0/../../../../arm-none-eabi/lib/thumb/libg.a(lib_a-svfiprintf.o)
                0x00000000020112b4                __action_table
 .rodata.__chclass
                0x0000000002011320      0x100 /opt/devkitpro/devkitARM/lib/gcc/arm-none-eabi/6.3.0/../../../../arm-none-eabi/lib/thumb/libg.a(lib_a-svfiprintf.o)
                0x0000000002011320                __chclass
 .rodata.__state_table
                0x0000000002011420       0x6c /opt/devkitpro/devkitARM/lib/gcc/arm-none-eabi/6.3.0/../../../../arm-none-eabi/lib/thumb/libg.a(lib_a-svfiprintf.o)
                0x0000000002011420                __state_table
 .rodata._ctype_
                0x000000000201148c      0x101 /opt/devkitpro/devkitARM/lib/gcc/arm-none-eabi/6.3.0/../../../../arm-none-eabi/lib/thumb/libg.a(lib_a-ctype_.o)
                0x000000000201148c                _ctype_
 *fill*         0x000000000201158d        0x3 ff
 .rodata.AddDevice.str1.4
                0x0000000002011590        0x8 /opt/devkitpro/devkitARM/lib/gcc/arm-none-eabi/6.3.0/../../../../arm-none-eabi/lib/thumb/libsysbase.a(iosupport.o)
 .rodata.dotab_stdnull
                0x0000000002011598       0x68 /opt/devkitpro/devkitARM/lib/gcc/arm-none-eabi/6.3.0/../../../../arm-none-eabi/lib/thumb/libsysbase.a(iosupport.o)
                0x0000000002011598                dotab_stdnull
 *(EXCLUDE_FILE(*.twl*) .gnu.linkonce.r*)
                0x0000000002011600                . = ALIGN (0x4)

.ARM.extab
 *(.ARM.extab* .gnu.linkonce.armextab.*)
                0x0000000002011600                __exidx_start = .

ARM.exidx
 *(.ARM.exidx* .gnu.linkonce.armexidx.*)
                0x0000000002011600                __exidx_end = .
                0x0000000002011600                . = ALIGN (0x4)
                0x0000000002011600                PROVIDE (__preinit_array_start, .)

.preinit_array
 *(.preinit_array)
                0x0000000002011600                PROVIDE (__preinit_array_end, .)
                0x0000000002011600                PROVIDE (__init_array_start, .)

.init_array     0x0000000002011600        0x4
 *(SORT(.init_array.*))
 *(.init_array)
 .init_array    0x0000000002011600        0x4 /opt/devkitpro/devkitARM/lib/gcc/arm-none-eabi/6.3.0/thumb/crtbegin.o
                0x0000000002011604                PROVIDE (__init_array_end, .)
                [!provide]                        PROVIDE (__fini_array_start, .)

.fini_array     0x0000000002011604        0x4
 *(.fini_array)
 .fini_array    0x0000000002011604        0x4 /opt/devkitpro/devkitARM/lib/gcc/arm-none-eabi/6.3.0/thumb/crtbegin.o
 *(SORT(.fini_array.*))
                [!provide]                        PROVIDE (__fini_array_end, .)

.ctors          0x0000000002011608        0x0
 *crtbegin.o(.ctors)
 *(EXCLUDE_FILE(*crtend.o) .ctors)
 *(SORT(.ctors.*))
 *(.ctors)
                0x0000000002011608                . = ALIGN (0x4)

.dtors          0x0000000002011608        0x0
 *crtbegin.o(.dtors)
 *(EXCLUDE_FILE(*crtend.o) .dtors)
 *(SORT(.dtors.*))
 *(.dtors)
                0x0000000002011608                . = ALIGN (0x4)

.eh_frame       0x0000000002011608        0x4
 *(.eh_frame)
 .eh_frame      0x0000000002011608        0x0 /opt/devkitpro/devkitARM/lib/gcc/arm-none-eabi/6.3.0/thumb/crtbegin.o
 .eh_frame      0x0000000002011608        0x4 /opt/devkitpro/devkitARM/lib/gcc/arm-none-eabi/6.3.0/thumb/crtend.o
                0x000000000201160c                . = ALIGN (0x4)

.rel.dyn        0x000000000201160c        0x0
 .rel.iplt      0x000000000201160c        0x0 /opt/devkitpro/devkitARM/lib/gcc/arm-none-eabi/6.3.0/../../../../arm-none-eabi/lib/thumb/ds_arm9_crt0.o

.gcc_except_table
                0x000000000201160c        0x0
 *(.gcc_except_table)
                0x000000000201160c                . = ALIGN (0x4)

.jcr            0x000000000201160c        0x4
 *(.jcr)
 .jcr           0x000000000201160c        0x0 /opt/devkitpro/devkitARM/lib/gcc/arm-none-eabi/6.3.0/thumb/crtbegin.o
 .jcr           0x000000000201160c        0x4 /opt/devkitpro/devkitARM/lib/gcc/arm-none-eabi/6.3.0/thumb/crtend.o

.got
 *(.got.plt)
 *(.got)
 *(.rel.got)

.ewram          0x0000000002011610        0x0
                0x0000000002011610                __ewram_start = ABSOLUTE (.)
 *(.ewram)
 *ewram.*(.text)
                0x0000000002011610                . = ALIGN (0x4)

.data           0x0000000002011610     0x1b9c
                0x0000000002011610                __data_start = ABSOLUTE (.)
 *(EXCLUDE_FILE(*.twl*) .data)
 .data          0x0000000002011610       0x28 /opt/devkitpro/libnds/lib/libnds9.a(mpu_setup.o)
 *(EXCLUDE_FILE(*.twl*) .data.*)
 .data.currentConsole
                0x0000000002011638        0x4 /opt/devkitpro/libnds/lib/libnds9.a(console.o)
                0x0000000002011638                currentConsole
 .data.defaultConsole
                0x000000000201163c       0x5c /opt/devkitpro/libnds/lib/libnds9.a(console.o)
                0x000000000201163c                defaultConsole
 .data.firstConsoleInit.6480
                0x0000000002011698        0x1 /opt/devkitpro/libnds/lib/libnds9.a(console.o)
 *fill*         0x0000000002011699        0x3 ff
 .data.bgControl
                0x000000000201169c       0x20 /opt/devkitpro/libnds/lib/libnds9.a(background.o)
                0x000000000201169c                bgControl
 .data.bgScrollTable
                0x00000000020116bc       0x20 /opt/devkitpro/libnds/lib/libnds9.a(background.o)
                0x00000000020116bc                bgScrollTable
 .data.bgTransform
                0x00000000020116dc       0x20 /opt/devkitpro/libnds/lib/libnds9.a(background.o)
                0x00000000020116dc                bgTransform
 .data.oamMain  0x00000000020116fc       0x18 /opt/devkitpro/libnds/lib/libnds9.a(sprite.o)
                0x00000000020116fc                oamMain
 .data.oamSub   0x0000000002011714       0x18 /opt/devkitpro/libnds/lib/libnds9.a(sprite.o)
                0x0000000002011714                oamSub
 .data.count    0x000000000201172c        0x1 /opt/devkitpro/libnds/lib/libnds9.a(keys.o)
 .data.delay    0x000000000201172d        0x1 /opt/devkitpro/libnds/lib/libnds9.a(keys.o)
 .data.repeat   0x000000000201172e        0x1 /opt/devkitpro/libnds/lib/libnds9.a(keys.o)
 *fill*         0x000000000201172f        0x1 ff
 .data.fifo_buffer_free
                0x0000000002011730        0x4 /opt/devkitpro/libnds/lib/libnds9.a(fifosystem.o)
                0x0000000002011730                fifo_buffer_free
 .data.fifo_freewords
                0x0000000002011734        0x4 /opt/devkitpro/libnds/lib/libnds9.a(fifosystem.o)
                0x0000000002011734                fifo_freewords
 .data.fifo_receive_queue
                0x0000000002011738        0x4 /opt/devkitpro/libnds/lib/libnds9.a(fifosystem.o)
                0x0000000002011738                fifo_receive_queue
 .data.fifo_send_queue
                0x000000000201173c        0x4 /opt/devkitpro/libnds/lib/libnds9.a(fifosystem.o)
                0x000000000201173c                fifo_send_queue
 .data.__malloc_av_
                0x0000000002011740      0x408 /opt/devkitpro/devkitARM/lib/gcc/arm-none-eabi/6.3.0/../../../../arm-none-eabi/lib/thumb/libg.a(lib_a-mallocr.o)
                0x0000000002011740                __malloc_av_
 .data.__malloc_sbrk_base
                0x0000000002011b48        0x4 /opt/devkitpro/devkitARM/lib/gcc/arm-none-eabi/6.3.0/../../../../arm-none-eabi/lib/thumb/libg.a(lib_a-mallocr.o)
                0x0000000002011b48                __malloc_sbrk_base
 .data.__malloc_trim_threshold
                0x0000000002011b4c        0x4 /opt/devkitpro/devkitARM/lib/gcc/arm-none-eabi/6.3.0/../../../../arm-none-eabi/lib/thumb/libg.a(lib_a-mallocr.o)
                0x0000000002011b4c                __malloc_trim_threshold
 .data.__malloc_lock_object
                0x0000000002011b50        0xc /opt/devkitpro/devkitARM/lib/gcc/arm-none-eabi/6.3.0/../../../../arm-none-eabi/lib/thumb/libg.a(lib_a-mlock.o)
 .data.__sfp_lock
                0x0000000002011b5c        0xc /opt/devkitpro/devkitARM/lib/gcc/arm-none-eabi/6.3.0/../../../../arm-none-eabi/lib/thumb/libg.a(lib_a-findfp.o)
 .data.__sinit_lock
                0x0000000002011b68        0xc /opt/devkitpro/devkitARM/lib/gcc/arm-none-eabi/6.3.0/../../../../arm-none-eabi/lib/thumb/libg.a(lib_a-findfp.o)
 .data._impure_ptr
                0x0000000002011b74        0x4 /opt/devkitpro/devkitARM/lib/gcc/arm-none-eabi/6.3.0/../../../../arm-none-eabi/lib/thumb/libg.a(lib_a-impure.o)
                0x0000000002011b74                _impure_ptr
 *fill*         0x0000000002011b78        0x0 ff
 .data.impure_data
                0x0000000002011b78      0x460 /opt/devkitpro/devkitARM/lib/gcc/arm-none-eabi/6.3.0/../../../../arm-none-eabi/lib/thumb/libg.a(lib_a-impure.o)
 .data.__global_locale
                0x0000000002011fd8      0x16c /opt/devkitpro/devkitARM/lib/gcc/arm-none-eabi/6.3.0/../../../../arm-none-eabi/lib/thumb/libg.a(lib_a-locale.o)
                0x0000000002011fd8                __global_locale
 .data.devoptab_list
                0x0000000002012144       0x40 /opt/devkitpro/devkitARM/lib/gcc/arm-none-eabi/6.3.0/../../../../arm-none-eabi/lib/thumb/libsysbase.a(iosupport.o)
                0x0000000002012144                devoptab_list
 .data.__hndl_lock
                0x0000000002012184        0x4 /opt/devkitpro/devkitARM/lib/gcc/arm-none-eabi/6.3.0/../../../../arm-none-eabi/lib/thumb/libsysbase.a(handle_manager.o)
 .data.__stderr_handle
                0x0000000002012188        0xc /opt/devkitpro/devkitARM/lib/gcc/arm-none-eabi/6.3.0/../../../../arm-none-eabi/lib/thumb/libsysbase.a(handle_manager.o)
 .data.__stdin_handle
                0x0000000002012194        0xc /opt/devkitpro/devkitARM/lib/gcc/arm-none-eabi/6.3.0/../../../../arm-none-eabi/lib/thumb/libsysbase.a(handle_manager.o)
 .data.__stdout_handle
                0x00000000020121a0        0xc /opt/devkitpro/devkitARM/lib/gcc/arm-none-eabi/6.3.0/../../../../arm-none-eabi/lib/thumb/libsysbase.a(handle_manager.o)
 .data.handles  0x00000000020121ac     0x1000 /opt/devkitpro/devkitARM/lib/gcc/arm-none-eabi/6.3.0/../../../../arm-none-eabi/lib/thumb/libsysbase.a(handle_manager.o)
 *(EXCLUDE_FILE(*.twl*) .gnu.linkonce.d*)
                0x00000000020131ac                . = ALIGN (0x4)
                0x00000000020131ac                __data_end = ABSOLUTE (.)
                0x00000000020131ac                __bss_vma = .

.igot.plt       0x00000000020131ac        0x0
 .igot.plt      0x00000000020131ac        0x0 /opt/devkitpro/devkitARM/lib/gcc/arm-none-eabi/6.3.0/../../../../arm-none-eabi/lib/thumb/ds_arm9_crt0.o

.tm_clone_table
                0x00000000020131ac        0x0
 .tm_clone_table
                0x00000000020131ac        0x0 /opt/devkitpro/devkitARM/lib/gcc/arm-none-eabi/6.3.0/thumb/crtbegin.o
 .tm_clone_table
                0x00000000020131ac        0x0 /opt/devkitpro/devkitARM/lib/gcc/arm-none-eabi/6.3.0/thumb/crtend.o

.dtcm           0x000000000b000000        0x0 load address 0x00000000020131ac
                0x00000000020131ac                __dtcm_lma = LOADADDR (.dtcm)
                0x000000000b000000                __dtcm_start = ABSOLUTE (.)
 *(.dtcm)
 *(.dtcm.*)
                0x000000000b000000                . = ALIGN (0x4)
                0x000000000b000000                __dtcm_end = ABSOLUTE (.)

.itcm           0x0000000001000100      0x194 load address 0x00000000020131ac
                0x00000000020131ac                __itcm_lma = LOADADDR (.itcm)
                0x0000000001000100                __itcm_start = ABSOLUTE (.)
 *(.itcm)
 .itcm          0x0000000001000100       0xc8 /opt/devkitpro/libnds/lib/libnds9.a(interrupts.o)
                0x0000000001000100                irqTable
 .itcm          0x00000000010001c8       0xcc /opt/devkitpro/libnds/lib/libnds9.a(interruptDispatcher.o)
                0x00000000010001c8                IntrMain
 *.itcm*(.text .stub .text.*)
                0x0000000001000294                . = ALIGN (0x4)
                0x0000000001000294                __itcm_end = ABSOLUTE (.)

.vectors        0x0000000001000000        0x0 load address 0x0000000002013340
                0x0000000002013340                __vectors_lma = LOADADDR (.vectors)
                0x0000000001000000                __vectors_start = ABSOLUTE (.)
 *(.vectors)
 *.vectors*(.text .stub .text.*)
                0x0000000001000000                . = ALIGN (0x4)
                0x0000000001000000                __vectors_end = ABSOLUTE (.)

.sbss           0x000000000b000000        0x0
                0x000000000b000000                __sbss_start = ABSOLUTE (.)
                0x000000000b000000                __sbss_start__ = ABSOLUTE (.)
 *(.sbss)
                0x000000000b000000                . = ALIGN (0x4)
                0x000000000b000000                __sbss_end = ABSOLUTE (.)

.bss            0x00000000020131ac     0x1494
                0x00000000020131ac                __bss_start = ABSOLUTE (.)
                0x00000000020131ac                __bss_start__ = ABSOLUTE (.)
 *(EXCLUDE_FILE(*.twl*) .dynbss)
 *(EXCLUDE_FILE(*.twl*) .gnu.linkonce.b*)
 *(EXCLUDE_FILE(*.twl*) .bss*)
 .bss.completed.6497
                0x00000000020131ac        0x1 /opt/devkitpro/devkitARM/lib/gcc/arm-none-eabi/6.3.0/thumb/crtbegin.o
 *fill*         0x00000000020131ad        0x3 
 .bss.object.6502
                0x00000000020131b0       0x18 /opt/devkitpro/devkitARM/lib/gcc/arm-none-eabi/6.3.0/thumb/crtbegin.o
 .bss.keys      0x00000000020131c8        0x2 /opt/devkitpro/libnds/lib/libnds9.a(keys.o)
 .bss.keysold   0x00000000020131ca        0x2 /opt/devkitpro/libnds/lib/libnds9.a(keys.o)
 .bss.keysrepeat
                0x00000000020131cc        0x2 /opt/devkitpro/libnds/lib/libnds9.a(keys.o)
 *fill*         0x00000000020131ce        0x2 
 .bss.__timeout
                0x00000000020131d0        0x4 /opt/devkitpro/libnds/lib/libnds9.a(fifosystem.o)
 .bss.processing
                0x00000000020131d4        0x4 /opt/devkitpro/libnds/lib/libnds9.a(fifosystem.o)
                0x00000000020131d4                processing
 .bss.SDcallback
                0x00000000020131d8        0x4 /opt/devkitpro/libnds/lib/libnds9.a(system.o)
 .bss.__malloc_current_mallinfo
                0x00000000020131dc       0x28 /opt/devkitpro/devkitARM/lib/gcc/arm-none-eabi/6.3.0/../../../../arm-none-eabi/lib/thumb/libg.a(lib_a-mallocr.o)
                0x00000000020131dc                __malloc_current_mallinfo
 .bss.__malloc_max_sbrked_mem
                0x0000000002013204        0x4 /opt/devkitpro/devkitARM/lib/gcc/arm-none-eabi/6.3.0/../../../../arm-none-eabi/lib/thumb/libg.a(lib_a-mallocr.o)
                0x0000000002013204                __malloc_max_sbrked_mem
 .bss.__malloc_max_total_mem
                0x0000000002013208        0x4 /opt/devkitpro/devkitARM/lib/gcc/arm-none-eabi/6.3.0/../../../../arm-none-eabi/lib/thumb/libg.a(lib_a-mallocr.o)
                0x0000000002013208                __malloc_max_total_mem
 .bss.__malloc_top_pad
                0x000000000201320c        0x4 /opt/devkitpro/devkitARM/lib/gcc/arm-none-eabi/6.3.0/../../../../arm-none-eabi/lib/thumb/libg.a(lib_a-mallocr.o)
                0x000000000201320c                __malloc_top_pad
 .bss.heap_start.5804
                0x0000000002013210        0x4 /opt/devkitpro/devkitARM/lib/gcc/arm-none-eabi/6.3.0/../../../../arm-none-eabi/lib/thumb/libsysbase.a(sbrk.o)
 .bss.fake_heap_end
                0x0000000002013214        0x4 /opt/devkitpro/devkitARM/lib/gcc/arm-none-eabi/6.3.0/../../../../arm-none-eabi/lib/thumb/libsysbase.a(malloc_vars.o)
                0x0000000002013214                fake_heap_end
 .bss.fake_heap_start
                0x0000000002013218        0x4 /opt/devkitpro/devkitARM/lib/gcc/arm-none-eabi/6.3.0/../../../../arm-none-eabi/lib/thumb/libsysbase.a(malloc_vars.o)
                0x0000000002013218                fake_heap_start
 .bss.__syscalls
                0x000000000201321c       0x38 /opt/devkitpro/devkitARM/lib/gcc/arm-none-eabi/6.3.0/../../../../arm-none-eabi/lib/thumb/libsysbase.a(syscall_support.o)
                0x000000000201321c                __syscalls
 *(EXCLUDE_FILE(*.twl*) COMMON)
 COMMON         0x0000000002013254       0x5c /opt/devkitpro/libnds/lib/libnds9.a(console.o)
                0x0000000002013254                currentCopy
 COMMON         0x00000000020132b0      0x148 /opt/devkitpro/libnds/lib/libnds9.a(background.o)
                0x00000000020132b0                bgState
                0x00000000020133f0                bgIsTextLut
 COMMON         0x00000000020133f8      0x800 /opt/devkitpro/libnds/lib/libnds9.a(sprite.o)
                0x00000000020133f8                OamMemorySub
                0x00000000020137f8                OamMemory
 COMMON         0x0000000002013bf8        0x1 /opt/devkitpro/libnds/lib/libnds9.a(initSystem.o)
                0x0000000002013bf8                __dsimode
 *fill*         0x0000000002013bf9        0x3 
 COMMON         0x0000000002013bfc        0x4 /opt/devkitpro/libnds/lib/libnds9.a(timeSupport.o)
                0x0000000002013bfc                punixTime
 COMMON         0x0000000002013c00      0xa40 /opt/devkitpro/libnds/lib/libnds9.a(fifosystem.o)
                0x0000000002013c00                fifo_datamsg_data
                0x0000000002013c40                fifo_buffer
                0x0000000002014440                fifo_value32_func
                0x0000000002014480                fifo_address_func
                0x00000000020144c0                fifo_value32_data
                0x0000000002014500                fifo_value32_queue
                0x0000000002014540                fifo_data_queue
                0x0000000002014580                fifo_address_data
                0x00000000020145c0                fifo_datamsg_func
                0x0000000002014600                fifo_address_queue
                0x0000000002014640                . = ALIGN (0x4)
                0x0000000002014640                __bss_end__ = ABSOLUTE (.)
                0x0000000002014640                __end__ = ABSOLUTE (.)

.twl            0x0000000002014640        0x0 load address 0x0000000002400000
                0x0000000002400000                __arm9i_lma__ = LOADADDR (.twl)
                0x0000000002014640                __arm9i_start__ = ABSOLUTE (.)
 *(.twl)
 *.twl*(.text .stub .text.* .gnu.linkonce.t.*)
 *.twl*(.rodata)
 *.twl*(.roda)
 *.twl*(.rodata.*)
 *.twl*(.data)
 *.twl*(.data.*)
 *.twl*(.gnu.linkonce.d*)
                0x0000000002014640                __arm9i_end__ = ABSOLUTE (.)

.twl_bss        0x0000000002014640        0x0
                0x0000000002014640                __twl_bss_start__ = ABSOLUTE (.)
 *(.twl_bss)
 *.twl*(.dynbss)
 *.twl*(.gnu.linkonce.b*)
 *.twl*(.bss*)
 *.twl*(COMMON)
                0x0000000002014640                . = ALIGN (0x4)
                0x0000000002014640                __twl_bss_end__ = ABSOLUTE (.)
                0x0000000002014640                __twl_end__ = ABSOLUTE (.)

.stab
 *(.stab)

.stabstr
 *(.stabstr)

.stab.excl
 *(.stab.excl)

.stab.exclstr
 *(.stab.exclstr)

.stab.index
 *(.stab.index)

.stab.indexstr
 *(.stab.indexstr)

.comment        0x0000000000000000       0x22
 *(.comment)
 .comment       0x0000000000000000       0x22 /opt/devkitpro/devkitARM/lib/gcc/arm-none-eabi/6.3.0/thumb/crtbegin.o
                                         0x23 (size before relaxing)
 .comment       0x0000000000000022       0x23 main.o
 .comment       0x0000000000000022       0x23 /opt/devkitpro/libnds/lib/libnds9.a(console.o)
 .comment       0x0000000000000022       0x23 /opt/devkitpro/libnds/lib/libnds9.a(background.o)
 .comment       0x0000000000000022       0x23 /opt/devkitpro/libnds/lib/libnds9.a(sprite_alloc.o)
 .comment       0x0000000000000022       0x23 /opt/devkitpro/libnds/lib/libnds9.a(trig.o)
 .comment       0x0000000000000022       0x23 /opt/devkitpro/libnds/lib/libnds9.a(sprite.o)
 .comment       0x0000000000000022       0x23 /opt/devkitpro/libnds/lib/libnds9.a(keys.o)
 .comment       0x0000000000000022       0x23 /opt/devkitpro/libnds/lib/libnds9.a(initSystem.o)
 .comment       0x0000000000000022       0x23 /opt/devkitpro/libnds/lib/libnds9.a(timeSupport.o)
 .comment       0x0000000000000022       0x23 /opt/devkitpro/libnds/lib/libnds9.a(securearea.o)
 .comment       0x0000000000000022       0x23 /opt/devkitpro/libnds/lib/libnds9.a(interrupts.o)
 .comment       0x0000000000000022       0x23 /opt/devkitpro/libnds/lib/libnds9.a(libnds_exit.arm.o)
 .comment       0x0000000000000022       0x23 /opt/devkitpro/libnds/lib/libnds9.a(fifosystem.o)
 .comment       0x0000000000000022       0x23 /opt/devkitpro/libnds/lib/libnds9.a(video.o)
 .comment       0x0000000000000022       0x23 /opt/devkitpro/libnds/lib/libnds9.a(system.o)
 .comment       0x0000000000000022       0x23 /opt/devkitpro/devkitARM/lib/gcc/arm-none-eabi/6.3.0/../../../../arm-none-eabi/lib/thumb/libg.a(lib_a-init.o)
 .comment       0x0000000000000022       0x23 /opt/devkitpro/devkitARM/lib/gcc/arm-none-eabi/6.3.0/../../../../arm-none-eabi/lib/thumb/libg.a(lib_a-iprintf.o)
 .comment       0x0000000000000022       0x23 /opt/devkitpro/devkitARM/lib/gcc/arm-none-eabi/6.3.0/../../../../arm-none-eabi/lib/thumb/libg.a(lib_a-malloc.o)
 .comment       0x0000000000000022       0x23 /opt/devkitpro/devkitARM/lib/gcc/arm-none-eabi/6.3.0/../../../../arm-none-eabi/lib/thumb/libg.a(lib_a-mallocr.o)
 .comment       0x0000000000000022       0x23 /opt/devkitpro/devkitARM/lib/gcc/arm-none-eabi/6.3.0/../../../../arm-none-eabi/lib/thumb/libg.a(lib_a-memcpy-stub.o)
 .comment       0x0000000000000022       0x23 /opt/devkitpro/devkitARM/lib/gcc/arm-none-eabi/6.3.0/../../../../arm-none-eabi/lib/thumb/libg.a(lib_a-memset.o)
 .comment       0x0000000000000022       0x23 /opt/devkitpro/devkitARM/lib/gcc/arm-none-eabi/6.3.0/../../../../arm-none-eabi/lib/thumb/libg.a(lib_a-mlock.o)
 .comment       0x0000000000000022       0x23 /opt/devkitpro/devkitARM/lib/gcc/arm-none-eabi/6.3.0/../../../../arm-none-eabi/lib/thumb/libg.a(lib_a-realloc.o)
 .comment       0x0000000000000022       0x23 /opt/devkitpro/devkitARM/lib/gcc/arm-none-eabi/6.3.0/../../../../arm-none-eabi/lib/thumb/libg.a(lib_a-reallocr.o)
 .comment       0x0000000000000022       0x23 /opt/devkitpro/devkitARM/lib/gcc/arm-none-eabi/6.3.0/../../../../arm-none-eabi/lib/thumb/libg.a(lib_a-setvbuf.o)
 .comment       0x0000000000000022       0x23 /opt/devkitpro/devkitARM/lib/gcc/arm-none-eabi/6.3.0/../../../../arm-none-eabi/lib/thumb/libg.a(lib_a-siscanf.o)
 .comment       0x0000000000000022       0x23 /opt/devkitpro/devkitARM/lib/gcc/arm-none-eabi/6.3.0/../../../../arm-none-eabi/lib/thumb/libg.a(lib_a-stdio.o)
 .comment       0x0000000000000022       0x23 /opt/devkitpro/devkitARM/lib/gcc/arm-none-eabi/6.3.0/../../../../arm-none-eabi/lib/thumb/libg.a(lib_a-strlen-stub.o)
 .comment       0x0000000000000022       0x23 /opt/devkitpro/devkitARM/lib/gcc/arm-none-eabi/6.3.0/../../../../arm-none-eabi/lib/thumb/libg.a(lib_a-svfiscanf.o)
 .comment       0x0000000000000022       0x23 /opt/devkitpro/devkitARM/lib/gcc/arm-none-eabi/6.3.0/../../../../arm-none-eabi/lib/thumb/libg.a(lib_a-ungetc.o)
 .comment       0x0000000000000022       0x23 /opt/devkitpro/devkitARM/lib/gcc/arm-none-eabi/6.3.0/../../../../arm-none-eabi/lib/thumb/libg.a(lib_a-vfiprintf.o)
 .comment       0x0000000000000022       0x23 /opt/devkitpro/devkitARM/lib/gcc/arm-none-eabi/6.3.0/../../../../arm-none-eabi/lib/thumb/libg.a(lib_a-wcrtomb.o)
 .comment       0x0000000000000022       0x23 /opt/devkitpro/devkitARM/lib/gcc/arm-none-eabi/6.3.0/../../../../arm-none-eabi/lib/thumb/libg.a(lib_a-wcsrtombs.o)
 .comment       0x0000000000000022       0x23 /opt/devkitpro/devkitARM/lib/gcc/arm-none-eabi/6.3.0/../../../../arm-none-eabi/lib/thumb/libg.a(lib_a-wsetup.o)
 .comment       0x0000000000000022       0x23 /opt/devkitpro/devkitARM/lib/gcc/arm-none-eabi/6.3.0/../../../../arm-none-eabi/lib/thumb/libg.a(lib_a-fflush.o)
 .comment       0x0000000000000022       0x23 /opt/devkitpro/devkitARM/lib/gcc/arm-none-eabi/6.3.0/../../../../arm-none-eabi/lib/thumb/libg.a(lib_a-findfp.o)
 .comment       0x0000000000000022       0x23 /opt/devkitpro/devkitARM/lib/gcc/arm-none-eabi/6.3.0/../../../../arm-none-eabi/lib/thumb/libg.a(lib_a-freer.o)
 .comment       0x0000000000000022       0x23 /opt/devkitpro/devkitARM/lib/gcc/arm-none-eabi/6.3.0/../../../../arm-none-eabi/lib/thumb/libg.a(lib_a-fvwrite.o)
 .comment       0x0000000000000022       0x23 /opt/devkitpro/devkitARM/lib/gcc/arm-none-eabi/6.3.0/../../../../arm-none-eabi/lib/thumb/libg.a(lib_a-fwalk.o)
 .comment       0x0000000000000022       0x23 /opt/devkitpro/devkitARM/lib/gcc/arm-none-eabi/6.3.0/../../../../arm-none-eabi/lib/thumb/libg.a(lib_a-impure.o)
 .comment       0x0000000000000022       0x23 /opt/devkitpro/devkitARM/lib/gcc/arm-none-eabi/6.3.0/../../../../arm-none-eabi/lib/thumb/libg.a(lib_a-iswspace.o)
 .comment       0x0000000000000022       0x23 /opt/devkitpro/devkitARM/lib/gcc/arm-none-eabi/6.3.0/../../../../arm-none-eabi/lib/thumb/libg.a(lib_a-jp2uc.o)
 .comment       0x0000000000000022       0x23 /opt/devkitpro/devkitARM/lib/gcc/arm-none-eabi/6.3.0/../../../../arm-none-eabi/lib/thumb/libg.a(lib_a-localeconv.o)
 .comment       0x0000000000000022       0x23 /opt/devkitpro/devkitARM/lib/gcc/arm-none-eabi/6.3.0/../../../../arm-none-eabi/lib/thumb/libg.a(lib_a-locale.o)
 .comment       0x0000000000000022       0x23 /opt/devkitpro/devkitARM/lib/gcc/arm-none-eabi/6.3.0/../../../../arm-none-eabi/lib/thumb/libg.a(lib_a-makebuf.o)
 .comment       0x0000000000000022       0x23 /opt/devkitpro/devkitARM/lib/gcc/arm-none-eabi/6.3.0/../../../../arm-none-eabi/lib/thumb/libg.a(lib_a-mbrtowc.o)
 .comment       0x0000000000000022       0x23 /opt/devkitpro/devkitARM/lib/gcc/arm-none-eabi/6.3.0/../../../../arm-none-eabi/lib/thumb/libg.a(lib_a-mbtowc_r.o)
 .comment       0x0000000000000022       0x23 /opt/devkitpro/devkitARM/lib/gcc/arm-none-eabi/6.3.0/../../../../arm-none-eabi/lib/thumb/libg.a(lib_a-memchr-stub.o)
 .comment       0x0000000000000022       0x23 /opt/devkitpro/devkitARM/lib/gcc/arm-none-eabi/6.3.0/../../../../arm-none-eabi/lib/thumb/libg.a(lib_a-memmove.o)
 .comment       0x0000000000000022       0x23 /opt/devkitpro/devkitARM/lib/gcc/arm-none-eabi/6.3.0/../../../../arm-none-eabi/lib/thumb/libg.a(lib_a-sccl.o)
 .comment       0x0000000000000022       0x23 /opt/devkitpro/devkitARM/lib/gcc/arm-none-eabi/6.3.0/../../../../arm-none-eabi/lib/thumb/libg.a(lib_a-strncpy.o)
 .comment       0x0000000000000022       0x23 /opt/devkitpro/devkitARM/lib/gcc/arm-none-eabi/6.3.0/../../../../arm-none-eabi/lib/thumb/libg.a(lib_a-strtoll.o)
 .comment       0x0000000000000022       0x23 /opt/devkitpro/devkitARM/lib/gcc/arm-none-eabi/6.3.0/../../../../arm-none-eabi/lib/thumb/libg.a(lib_a-strtol.o)
 .comment       0x0000000000000022       0x23 /opt/devkitpro/devkitARM/lib/gcc/arm-none-eabi/6.3.0/../../../../arm-none-eabi/lib/thumb/libg.a(lib_a-strtoull.o)
 .comment       0x0000000000000022       0x23 /opt/devkitpro/devkitARM/lib/gcc/arm-none-eabi/6.3.0/../../../../arm-none-eabi/lib/thumb/libg.a(lib_a-strtoul.o)
 .comment       0x0000000000000022       0x23 /opt/devkitpro/devkitARM/lib/gcc/arm-none-eabi/6.3.0/../../../../arm-none-eabi/lib/thumb/libg.a(lib_a-svfiprintf.o)
 .comment       0x0000000000000022       0x23 /opt/devkitpro/devkitARM/lib/gcc/arm-none-eabi/6.3.0/../../../../arm-none-eabi/lib/thumb/libg.a(lib_a-wcsnrtombs.o)
 .comment       0x0000000000000022       0x23 /opt/devkitpro/devkitARM/lib/gcc/arm-none-eabi/6.3.0/../../../../arm-none-eabi/lib/thumb/libg.a(lib_a-wctomb_r.o)
 .comment       0x0000000000000022       0x23 /opt/devkitpro/devkitARM/lib/gcc/arm-none-eabi/6.3.0/../../../../arm-none-eabi/lib/thumb/libg.a(lib_a-ctype_.o)
 .comment       0x0000000000000022       0x23 /opt/devkitpro/devkitARM/lib/gcc/arm-none-eabi/6.3.0/../../../../arm-none-eabi/lib/thumb/libg.a(lib_a-fclose.o)
 .comment       0x0000000000000022       0x23 /opt/devkitpro/devkitARM/lib/gcc/arm-none-eabi/6.3.0/../../../../arm-none-eabi/lib/thumb/libsysbase.a(iosupport.o)
 .comment       0x0000000000000022       0x23 /opt/devkitpro/devkitARM/lib/gcc/arm-none-eabi/6.3.0/../../../../arm-none-eabi/lib/thumb/libsysbase.a(close.o)
 .comment       0x0000000000000022       0x23 /opt/devkitpro/devkitARM/lib/gcc/arm-none-eabi/6.3.0/../../../../arm-none-eabi/lib/thumb/libsysbase.a(fstat.o)
 .comment       0x0000000000000022       0x23 /opt/devkitpro/devkitARM/lib/gcc/arm-none-eabi/6.3.0/../../../../arm-none-eabi/lib/thumb/libsysbase.a(isatty.o)
 .comment       0x0000000000000022       0x23 /opt/devkitpro/devkitARM/lib/gcc/arm-none-eabi/6.3.0/../../../../arm-none-eabi/lib/thumb/libsysbase.a(lseek.o)
 .comment       0x0000000000000022       0x23 /opt/devkitpro/devkitARM/lib/gcc/arm-none-eabi/6.3.0/../../../../arm-none-eabi/lib/thumb/libsysbase.a(read.o)
 .comment       0x0000000000000022       0x23 /opt/devkitpro/devkitARM/lib/gcc/arm-none-eabi/6.3.0/../../../../arm-none-eabi/lib/thumb/libsysbase.a(sbrk.o)
 .comment       0x0000000000000022       0x23 /opt/devkitpro/devkitARM/lib/gcc/arm-none-eabi/6.3.0/../../../../arm-none-eabi/lib/thumb/libsysbase.a(write.o)
 .comment       0x0000000000000022       0x23 /opt/devkitpro/devkitARM/lib/gcc/arm-none-eabi/6.3.0/../../../../arm-none-eabi/lib/thumb/libsysbase.a(malloc_vars.o)
 .comment       0x0000000000000022       0x23 /opt/devkitpro/devkitARM/lib/gcc/arm-none-eabi/6.3.0/../../../../arm-none-eabi/lib/thumb/libsysbase.a(build_argv.o)
 .comment       0x0000000000000022       0x23 /opt/devkitpro/devkitARM/lib/gcc/arm-none-eabi/6.3.0/../../../../arm-none-eabi/lib/thumb/libsysbase.a(flock.o)
 .comment       0x0000000000000022       0x23 /opt/devkitpro/devkitARM/lib/gcc/arm-none-eabi/6.3.0/../../../../arm-none-eabi/lib/thumb/libsysbase.a(syscall_support.o)
 .comment       0x0000000000000022       0x23 /opt/devkitpro/devkitARM/lib/gcc/arm-none-eabi/6.3.0/../../../../arm-none-eabi/lib/thumb/libsysbase.a(handle_manager.o)
 .comment       0x0000000000000022       0x23 /opt/devkitpro/devkitARM/lib/gcc/arm-none-eabi/6.3.0/../../../../arm-none-eabi/lib/thumb/libsysbase.a(getreent.o)
 .comment       0x0000000000000022       0x23 /opt/devkitpro/devkitARM/lib/gcc/arm-none-eabi/6.3.0/thumb/libgcc.a(_muldi3.o)
 .comment       0x0000000000000022       0x23 /opt/devkitpro/devkitARM/lib/gcc/arm-none-eabi/6.3.0/thumb/libgcc.a(_udivmoddi4.o)
 .comment       0x0000000000000022       0x23 /opt/devkitpro/devkitARM/lib/gcc/arm-none-eabi/6.3.0/thumb/crtend.o

.ARM.attributes
                0x0000000000000000       0x2d
 .ARM.attributes
                0x0000000000000000       0x21 /opt/devkitpro/devkitARM/lib/gcc/arm-none-eabi/6.3.0/../../../../arm-none-eabi/lib/thumb/ds_arm9_crt0.o
 .ARM.attributes
                0x0000000000000021       0x16 /opt/devkitpro/devkitARM/lib/gcc/arm-none-eabi/6.3.0/thumb/crti.o
 .ARM.attributes
                0x0000000000000037       0x30 /opt/devkitpro/devkitARM/lib/gcc/arm-none-eabi/6.3.0/thumb/crtbegin.o
 .ARM.attributes
                0x0000000000000067       0x27 main.o
 .ARM.attributes
                0x000000000000008e       0x2b /opt/devkitpro/libnds/lib/libnds9.a(console.o)
 .ARM.attributes
                0x00000000000000b9       0x2b /opt/devkitpro/libnds/lib/libnds9.a(background.o)
 .ARM.attributes
                0x00000000000000e4       0x2b /opt/devkitpro/libnds/lib/libnds9.a(sprite_alloc.o)
 .ARM.attributes
                0x000000000000010f       0x2b /opt/devkitpro/libnds/lib/libnds9.a(trig.o)
 .ARM.attributes
                0x000000000000013a       0x2b /opt/devkitpro/libnds/lib/libnds9.a(sprite.o)
 .ARM.attributes
                0x0000000000000165       0x2b /opt/devkitpro/libnds/lib/libnds9.a(keys.o)
 .ARM.attributes
                0x0000000000000190       0x2b /opt/devkitpro/libnds/lib/libnds9.a(initSystem.o)
 .ARM.attributes
                0x00000000000001bb       0x2b /opt/devkitpro/libnds/lib/libnds9.a(timeSupport.o)
 .ARM.attributes
                0x00000000000001e6       0x2b /opt/devkitpro/libnds/lib/libnds9.a(securearea.o)
 .ARM.attributes
                0x0000000000000211       0x2b /opt/devkitpro/libnds/lib/libnds9.a(interrupts.o)
 .ARM.attributes
                0x000000000000023c       0x2b /opt/devkitpro/libnds/lib/libnds9.a(libnds_exit.arm.o)
 .ARM.attributes
                0x0000000000000267       0x2b /opt/devkitpro/libnds/lib/libnds9.a(fifosystem.o)
 .ARM.attributes
                0x0000000000000292       0x1b /opt/devkitpro/libnds/lib/libnds9.a(dcache.o)
 .ARM.attributes
                0x00000000000002ad       0x21 /opt/devkitpro/libnds/lib/libnds9.a(mpu_setup.o)
 .ARM.attributes
                0x00000000000002ce       0x21 /opt/devkitpro/libnds/lib/libnds9.a(IntrWait.o)
 .ARM.attributes
                0x00000000000002ef       0x21 /opt/devkitpro/libnds/lib/libnds9.a(cpu_clock.o)
 .ARM.attributes
                0x0000000000000310       0x1b /opt/devkitpro/libnds/lib/libnds9.a(interruptDispatcher.o)
 .ARM.attributes
                0x000000000000032b       0x21 /opt/devkitpro/libnds/lib/libnds9.a(swiSoftReset.o)
 .ARM.attributes
                0x000000000000034c       0x14 /opt/devkitpro/libnds/lib/libnds9.a(default_font.bin.o)
 .ARM.attributes
                0x0000000000000360       0x2b /opt/devkitpro/libnds/lib/libnds9.a(video.o)
 .ARM.attributes
                0x000000000000038b       0x2b /opt/devkitpro/libnds/lib/libnds9.a(system.o)
 .ARM.attributes
                0x00000000000003b6       0x1b /opt/devkitpro/libnds/lib/libnds9.a(biosCalls.o)
 .ARM.attributes
                0x00000000000003d1       0x18 /opt/devkitpro/devkitARM/lib/gcc/arm-none-eabi/6.3.0/thumb/libgcc.a(_divsi3.o)
 .ARM.attributes
                0x00000000000003e9       0x16 /opt/devkitpro/devkitARM/lib/gcc/arm-none-eabi/6.3.0/thumb/libgcc.a(_dvmd_tls.o)
 .ARM.attributes
                0x00000000000003ff       0x30 /opt/devkitpro/devkitARM/lib/gcc/arm-none-eabi/6.3.0/../../../../arm-none-eabi/lib/thumb/libg.a(lib_a-init.o)
 .ARM.attributes
                0x000000000000042f       0x30 /opt/devkitpro/devkitARM/lib/gcc/arm-none-eabi/6.3.0/../../../../arm-none-eabi/lib/thumb/libg.a(lib_a-iprintf.o)
 .ARM.attributes
                0x000000000000045f       0x30 /opt/devkitpro/devkitARM/lib/gcc/arm-none-eabi/6.3.0/../../../../arm-none-eabi/lib/thumb/libg.a(lib_a-malloc.o)
 .ARM.attributes
                0x000000000000048f       0x30 /opt/devkitpro/devkitARM/lib/gcc/arm-none-eabi/6.3.0/../../../../arm-none-eabi/lib/thumb/libg.a(lib_a-mallocr.o)
 .ARM.attributes
                0x00000000000004bf       0x30 /opt/devkitpro/devkitARM/lib/gcc/arm-none-eabi/6.3.0/../../../../arm-none-eabi/lib/thumb/libg.a(lib_a-memcpy-stub.o)
 .ARM.attributes
                0x00000000000004ef       0x30 /opt/devkitpro/devkitARM/lib/gcc/arm-none-eabi/6.3.0/../../../../arm-none-eabi/lib/thumb/libg.a(lib_a-memset.o)
 .ARM.attributes
                0x000000000000051f       0x30 /opt/devkitpro/devkitARM/lib/gcc/arm-none-eabi/6.3.0/../../../../arm-none-eabi/lib/thumb/libg.a(lib_a-mlock.o)
 .ARM.attributes
                0x000000000000054f       0x30 /opt/devkitpro/devkitARM/lib/gcc/arm-none-eabi/6.3.0/../../../../arm-none-eabi/lib/thumb/libg.a(lib_a-realloc.o)
 .ARM.attributes
                0x000000000000057f       0x30 /opt/devkitpro/devkitARM/lib/gcc/arm-none-eabi/6.3.0/../../../../arm-none-eabi/lib/thumb/libg.a(lib_a-reallocr.o)
 .ARM.attributes
                0x00000000000005af       0x30 /opt/devkitpro/devkitARM/lib/gcc/arm-none-eabi/6.3.0/../../../../arm-none-eabi/lib/thumb/libg.a(lib_a-setvbuf.o)
 .ARM.attributes
                0x00000000000005df       0x30 /opt/devkitpro/devkitARM/lib/gcc/arm-none-eabi/6.3.0/../../../../arm-none-eabi/lib/thumb/libg.a(lib_a-siscanf.o)
 .ARM.attributes
                0x000000000000060f       0x30 /opt/devkitpro/devkitARM/lib/gcc/arm-none-eabi/6.3.0/../../../../arm-none-eabi/lib/thumb/libg.a(lib_a-stdio.o)
 .ARM.attributes
                0x000000000000063f       0x30 /opt/devkitpro/devkitARM/lib/gcc/arm-none-eabi/6.3.0/../../../../arm-none-eabi/lib/thumb/libg.a(lib_a-strlen-stub.o)
 .ARM.attributes
                0x000000000000066f       0x30 /opt/devkitpro/devkitARM/lib/gcc/arm-none-eabi/6.3.0/../../../../arm-none-eabi/lib/thumb/libg.a(lib_a-svfiscanf.o)
 .ARM.attributes
                0x000000000000069f       0x30 /opt/devkitpro/devkitARM/lib/gcc/arm-none-eabi/6.3.0/../../../../arm-none-eabi/lib/thumb/libg.a(lib_a-ungetc.o)
 .ARM.attributes
                0x00000000000006cf       0x30 /opt/devkitpro/devkitARM/lib/gcc/arm-none-eabi/6.3.0/../../../../arm-none-eabi/lib/thumb/libg.a(lib_a-vfiprintf.o)
 .ARM.attributes
                0x00000000000006ff       0x30 /opt/devkitpro/devkitARM/lib/gcc/arm-none-eabi/6.3.0/../../../../arm-none-eabi/lib/thumb/libg.a(lib_a-wcrtomb.o)
 .ARM.attributes
                0x000000000000072f       0x30 /opt/devkitpro/devkitARM/lib/gcc/arm-none-eabi/6.3.0/../../../../arm-none-eabi/lib/thumb/libg.a(lib_a-wcsrtombs.o)
 .ARM.attributes
                0x000000000000075f       0x30 /opt/devkitpro/devkitARM/lib/gcc/arm-none-eabi/6.3.0/../../../../arm-none-eabi/lib/thumb/libg.a(lib_a-wsetup.o)
 .ARM.attributes
                0x000000000000078f       0x30 /opt/devkitpro/devkitARM/lib/gcc/arm-none-eabi/6.3.0/../../../../arm-none-eabi/lib/thumb/libg.a(lib_a-fflush.o)
 .ARM.attributes
                0x00000000000007bf       0x30 /opt/devkitpro/devkitARM/lib/gcc/arm-none-eabi/6.3.0/../../../../arm-none-eabi/lib/thumb/libg.a(lib_a-findfp.o)
 .ARM.attributes
                0x00000000000007ef       0x30 /opt/devkitpro/devkitARM/lib/gcc/arm-none-eabi/6.3.0/../../../../arm-none-eabi/lib/thumb/libg.a(lib_a-freer.o)
 .ARM.attributes
                0x000000000000081f       0x30 /opt/devkitpro/devkitARM/lib/gcc/arm-none-eabi/6.3.0/../../../../arm-none-eabi/lib/thumb/libg.a(lib_a-fvwrite.o)
 .ARM.attributes
                0x000000000000084f       0x30 /opt/devkitpro/devkitARM/lib/gcc/arm-none-eabi/6.3.0/../../../../arm-none-eabi/lib/thumb/libg.a(lib_a-fwalk.o)
 .ARM.attributes
                0x000000000000087f       0x30 /opt/devkitpro/devkitARM/lib/gcc/arm-none-eabi/6.3.0/../../../../arm-none-eabi/lib/thumb/libg.a(lib_a-impure.o)
 .ARM.attributes
                0x00000000000008af       0x30 /opt/devkitpro/devkitARM/lib/gcc/arm-none-eabi/6.3.0/../../../../arm-none-eabi/lib/thumb/libg.a(lib_a-iswspace.o)
 .ARM.attributes
                0x00000000000008df       0x30 /opt/devkitpro/devkitARM/lib/gcc/arm-none-eabi/6.3.0/../../../../arm-none-eabi/lib/thumb/libg.a(lib_a-jp2uc.o)
 .ARM.attributes
                0x000000000000090f       0x30 /opt/devkitpro/devkitARM/lib/gcc/arm-none-eabi/6.3.0/../../../../arm-none-eabi/lib/thumb/libg.a(lib_a-localeconv.o)
 .ARM.attributes
                0x000000000000093f       0x30 /opt/devkitpro/devkitARM/lib/gcc/arm-none-eabi/6.3.0/../../../../arm-none-eabi/lib/thumb/libg.a(lib_a-locale.o)
 .ARM.attributes
                0x000000000000096f       0x30 /opt/devkitpro/devkitARM/lib/gcc/arm-none-eabi/6.3.0/../../../../arm-none-eabi/lib/thumb/libg.a(lib_a-makebuf.o)
 .ARM.attributes
                0x000000000000099f       0x30 /opt/devkitpro/devkitARM/lib/gcc/arm-none-eabi/6.3.0/../../../../arm-none-eabi/lib/thumb/libg.a(lib_a-mbrtowc.o)
 .ARM.attributes
                0x00000000000009cf       0x30 /opt/devkitpro/devkitARM/lib/gcc/arm-none-eabi/6.3.0/../../../../arm-none-eabi/lib/thumb/libg.a(lib_a-mbtowc_r.o)
 .ARM.attributes
                0x00000000000009ff       0x30 /opt/devkitpro/devkitARM/lib/gcc/arm-none-eabi/6.3.0/../../../../arm-none-eabi/lib/thumb/libg.a(lib_a-memchr-stub.o)
 .ARM.attributes
                0x0000000000000a2f       0x30 /opt/devkitpro/devkitARM/lib/gcc/arm-none-eabi/6.3.0/../../../../arm-none-eabi/lib/thumb/libg.a(lib_a-memmove.o)
 .ARM.attributes
                0x0000000000000a5f       0x30 /opt/devkitpro/devkitARM/lib/gcc/arm-none-eabi/6.3.0/../../../../arm-none-eabi/lib/thumb/libg.a(lib_a-sccl.o)
 .ARM.attributes
                0x0000000000000a8f       0x16 /opt/devkitpro/devkitARM/lib/gcc/arm-none-eabi/6.3.0/../../../../arm-none-eabi/lib/thumb/libg.a(lib_a-strcmp.o)
 .ARM.attributes
                0x0000000000000aa5       0x30 /opt/devkitpro/devkitARM/lib/gcc/arm-none-eabi/6.3.0/../../../../arm-none-eabi/lib/thumb/libg.a(lib_a-strncpy.o)
 .ARM.attributes
                0x0000000000000ad5       0x30 /opt/devkitpro/devkitARM/lib/gcc/arm-none-eabi/6.3.0/../../../../arm-none-eabi/lib/thumb/libg.a(lib_a-strtoll.o)
 .ARM.attributes
                0x0000000000000b05       0x30 /opt/devkitpro/devkitARM/lib/gcc/arm-none-eabi/6.3.0/../../../../arm-none-eabi/lib/thumb/libg.a(lib_a-strtol.o)
 .ARM.attributes
                0x0000000000000b35       0x30 /opt/devkitpro/devkitARM/lib/gcc/arm-none-eabi/6.3.0/../../../../arm-none-eabi/lib/thumb/libg.a(lib_a-strtoull.o)
 .ARM.attributes
                0x0000000000000b65       0x30 /opt/devkitpro/devkitARM/lib/gcc/arm-none-eabi/6.3.0/../../../../arm-none-eabi/lib/thumb/libg.a(lib_a-strtoul.o)
 .ARM.attributes
                0x0000000000000b95       0x30 /opt/devkitpro/devkitARM/lib/gcc/arm-none-eabi/6.3.0/../../../../arm-none-eabi/lib/thumb/libg.a(lib_a-svfiprintf.o)
 .ARM.attributes
                0x0000000000000bc5       0x30 /opt/devkitpro/devkitARM/lib/gcc/arm-none-eabi/6.3.0/../../../../arm-none-eabi/lib/thumb/libg.a(lib_a-wcsnrtombs.o)
 .ARM.attributes
                0x0000000000000bf5       0x30 /opt/devkitpro/devkitARM/lib/gcc/arm-none-eabi/6.3.0/../../../../arm-none-eabi/lib/thumb/libg.a(lib_a-wctomb_r.o)
 .ARM.attributes
                0x0000000000000c25       0x30 /opt/devkitpro/devkitARM/lib/gcc/arm-none-eabi/6.3.0/../../../../arm-none-eabi/lib/thumb/libg.a(lib_a-ctype_.o)
 .ARM.attributes
                0x0000000000000c55       0x30 /opt/devkitpro/devkitARM/lib/gcc/arm-none-eabi/6.3.0/../../../../arm-none-eabi/lib/thumb/libg.a(lib_a-fclose.o)
 .ARM.attributes
                0x0000000000000c85       0x30 /opt/devkitpro/devkitARM/lib/gcc/arm-none-eabi/6.3.0/../../../../arm-none-eabi/lib/thumb/libsysbase.a(iosupport.o)
 .ARM.attributes
                0x0000000000000cb5       0x30 /opt/devkitpro/devkitARM/lib/gcc/arm-none-eabi/6.3.0/../../../../arm-none-eabi/lib/thumb/libsysbase.a(close.o)
 .ARM.attributes
                0x0000000000000ce5       0x30 /opt/devkitpro/devkitARM/lib/gcc/arm-none-eabi/6.3.0/../../../../arm-none-eabi/lib/thumb/libsysbase.a(fstat.o)
 .ARM.attributes
                0x0000000000000d15       0x30 /opt/devkitpro/devkitARM/lib/gcc/arm-none-eabi/6.3.0/../../../../arm-none-eabi/lib/thumb/libsysbase.a(isatty.o)
 .ARM.attributes
                0x0000000000000d45       0x30 /opt/devkitpro/devkitARM/lib/gcc/arm-none-eabi/6.3.0/../../../../arm-none-eabi/lib/thumb/libsysbase.a(lseek.o)
 .ARM.attributes
                0x0000000000000d75       0x30 /opt/devkitpro/devkitARM/lib/gcc/arm-none-eabi/6.3.0/../../../../arm-none-eabi/lib/thumb/libsysbase.a(read.o)
 .ARM.attributes
                0x0000000000000da5       0x30 /opt/devkitpro/devkitARM/lib/gcc/arm-none-eabi/6.3.0/../../../../arm-none-eabi/lib/thumb/libsysbase.a(sbrk.o)
 .ARM.attributes
                0x0000000000000dd5       0x30 /opt/devkitpro/devkitARM/lib/gcc/arm-none-eabi/6.3.0/../../../../arm-none-eabi/lib/thumb/libsysbase.a(write.o)
 .ARM.attributes
                0x0000000000000e05       0x30 /opt/devkitpro/devkitARM/lib/gcc/arm-none-eabi/6.3.0/../../../../arm-none-eabi/lib/thumb/libsysbase.a(malloc_vars.o)
 .ARM.attributes
                0x0000000000000e35       0x30 /opt/devkitpro/devkitARM/lib/gcc/arm-none-eabi/6.3.0/../../../../arm-none-eabi/lib/thumb/libsysbase.a(build_argv.o)
 .ARM.attributes
                0x0000000000000e65       0x30 /opt/devkitpro/devkitARM/lib/gcc/arm-none-eabi/6.3.0/../../../../arm-none-eabi/lib/thumb/libsysbase.a(flock.o)
 .ARM.attributes
                0x0000000000000e95       0x30 /opt/devkitpro/devkitARM/lib/gcc/arm-none-eabi/6.3.0/../../../../arm-none-eabi/lib/thumb/libsysbase.a(syscall_support.o)
 .ARM.attributes
                0x0000000000000ec5       0x30 /opt/devkitpro/devkitARM/lib/gcc/arm-none-eabi/6.3.0/../../../../arm-none-eabi/lib/thumb/libsysbase.a(handle_manager.o)
 .ARM.attributes
                0x0000000000000ef5       0x30 /opt/devkitpro/devkitARM/lib/gcc/arm-none-eabi/6.3.0/../../../../arm-none-eabi/lib/thumb/libsysbase.a(getreent.o)
 .ARM.attributes
                0x0000000000000f25       0x18 /opt/devkitpro/devkitARM/lib/gcc/arm-none-eabi/6.3.0/thumb/libgcc.a(_udivsi3.o)
 .ARM.attributes
                0x0000000000000f3d       0x18 /opt/devkitpro/devkitARM/lib/gcc/arm-none-eabi/6.3.0/thumb/libgcc.a(_aeabi_uldivmod.o)
 .ARM.attributes
                0x0000000000000f55       0x30 /opt/devkitpro/devkitARM/lib/gcc/arm-none-eabi/6.3.0/thumb/libgcc.a(_muldi3.o)
 .ARM.attributes
                0x0000000000000f85       0x30 /opt/devkitpro/devkitARM/lib/gcc/arm-none-eabi/6.3.0/thumb/libgcc.a(_udivmoddi4.o)
 .ARM.attributes
                0x0000000000000fb5       0x18 /opt/devkitpro/devkitARM/lib/gcc/arm-none-eabi/6.3.0/thumb/libgcc.a(_clzdi2.o)
 .ARM.attributes
                0x0000000000000fcd       0x18 /opt/devkitpro/devkitARM/lib/gcc/arm-none-eabi/6.3.0/thumb/libgcc.a(_clzsi2.o)
 .ARM.attributes
                0x0000000000000fe5       0x30 /opt/devkitpro/devkitARM/lib/gcc/arm-none-eabi/6.3.0/thumb/crtend.o
 .ARM.attributes
                0x0000000000001015       0x16 /opt/devkitpro/devkitARM/lib/gcc/arm-none-eabi/6.3.0/thumb/crtn.o

.debug
 *(.debug)

.line
 *(.line)

.debug_srcinfo
 *(.debug_srcinfo)

.debug_sfnames
 *(.debug_sfnames)

.debug_aranges  0x0000000000000000      0x630
 *(.debug_aranges)
 .debug_aranges
                0x0000000000000000       0x28 main.o
 .debug_aranges
                0x0000000000000028       0x88 /opt/devkitpro/libnds/lib/libnds9.a(console.o)
 .debug_aranges
                0x00000000000000b0       0x48 /opt/devkitpro/libnds/lib/libnds9.a(background.o)
 .debug_aranges
                0x00000000000000f8       0x40 /opt/devkitpro/libnds/lib/libnds9.a(sprite_alloc.o)
 .debug_aranges
                0x0000000000000138       0x60 /opt/devkitpro/libnds/lib/libnds9.a(trig.o)
 .debug_aranges
                0x0000000000000198       0x60 /opt/devkitpro/libnds/lib/libnds9.a(sprite.o)
 .debug_aranges
                0x00000000000001f8       0x50 /opt/devkitpro/libnds/lib/libnds9.a(keys.o)
 .debug_aranges
                0x0000000000000248       0x20 /opt/devkitpro/libnds/lib/libnds9.a(initSystem.o)
 .debug_aranges
                0x0000000000000268       0x20 /opt/devkitpro/libnds/lib/libnds9.a(timeSupport.o)
 .debug_aranges
                0x0000000000000288       0x18 /opt/devkitpro/libnds/lib/libnds9.a(securearea.o)
 .debug_aranges
                0x00000000000002a0       0x50 /opt/devkitpro/libnds/lib/libnds9.a(interrupts.o)
 .debug_aranges
                0x00000000000002f0       0x28 /opt/devkitpro/libnds/lib/libnds9.a(libnds_exit.arm.o)
 .debug_aranges
                0x0000000000000318       0xc0 /opt/devkitpro/libnds/lib/libnds9.a(fifosystem.o)
 .debug_aranges
                0x00000000000003d8       0x38 /opt/devkitpro/libnds/lib/libnds9.a(dcache.o)
 .debug_aranges
                0x0000000000000410       0x30 /opt/devkitpro/libnds/lib/libnds9.a(mpu_setup.o)
 .debug_aranges
                0x0000000000000440       0x28 /opt/devkitpro/libnds/lib/libnds9.a(IntrWait.o)
 .debug_aranges
                0x0000000000000468       0x20 /opt/devkitpro/libnds/lib/libnds9.a(cpu_clock.o)
 .debug_aranges
                0x0000000000000488       0x20 /opt/devkitpro/libnds/lib/libnds9.a(interruptDispatcher.o)
 .debug_aranges
                0x00000000000004a8       0x20 /opt/devkitpro/libnds/lib/libnds9.a(swiSoftReset.o)
 .debug_aranges
                0x00000000000004c8       0x48 /opt/devkitpro/libnds/lib/libnds9.a(video.o)
 .debug_aranges
                0x0000000000000510       0x58 /opt/devkitpro/libnds/lib/libnds9.a(system.o)
 .debug_aranges
                0x0000000000000568       0xc8 /opt/devkitpro/libnds/lib/libnds9.a(biosCalls.o)

.debug_pubnames
 *(.debug_pubnames)

.debug_info     0x0000000000000000    0x1138a
 *(.debug_info)
 .debug_info    0x0000000000000000     0x1a07 main.o
 .debug_info    0x0000000000001a07     0x2532 /opt/devkitpro/libnds/lib/libnds9.a(console.o)
 .debug_info    0x0000000000003f39     0x12ad /opt/devkitpro/libnds/lib/libnds9.a(background.o)
 .debug_info    0x00000000000051e6     0x19af /opt/devkitpro/libnds/lib/libnds9.a(sprite_alloc.o)
 .debug_info    0x0000000000006b95      0xdc9 /opt/devkitpro/libnds/lib/libnds9.a(trig.o)
 .debug_info    0x000000000000795e     0x1572 /opt/devkitpro/libnds/lib/libnds9.a(sprite.o)
 .debug_info    0x0000000000008ed0      0xd37 /opt/devkitpro/libnds/lib/libnds9.a(keys.o)
 .debug_info    0x0000000000009c07     0x1c22 /opt/devkitpro/libnds/lib/libnds9.a(initSystem.o)
 .debug_info    0x000000000000b829      0xa12 /opt/devkitpro/libnds/lib/libnds9.a(timeSupport.o)
 .debug_info    0x000000000000c23b       0x54 /opt/devkitpro/libnds/lib/libnds9.a(securearea.o)
 .debug_info    0x000000000000c28f      0x669 /opt/devkitpro/libnds/lib/libnds9.a(interrupts.o)
 .debug_info    0x000000000000c8f8      0xc56 /opt/devkitpro/libnds/lib/libnds9.a(libnds_exit.arm.o)
 .debug_info    0x000000000000d54e     0x1f70 /opt/devkitpro/libnds/lib/libnds9.a(fifosystem.o)
 .debug_info    0x000000000000f4be       0xb4 /opt/devkitpro/libnds/lib/libnds9.a(dcache.o)
 .debug_info    0x000000000000f572       0xbe /opt/devkitpro/libnds/lib/libnds9.a(mpu_setup.o)
 .debug_info    0x000000000000f630       0xbd /opt/devkitpro/libnds/lib/libnds9.a(IntrWait.o)
 .debug_info    0x000000000000f6ed       0xc2 /opt/devkitpro/libnds/lib/libnds9.a(cpu_clock.o)
 .debug_info    0x000000000000f7af       0xc7 /opt/devkitpro/libnds/lib/libnds9.a(interruptDispatcher.o)
 .debug_info    0x000000000000f876       0xc0 /opt/devkitpro/libnds/lib/libnds9.a(swiSoftReset.o)
 .debug_info    0x000000000000f936      0x740 /opt/devkitpro/libnds/lib/libnds9.a(video.o)
 .debug_info    0x0000000000010076     0x125b /opt/devkitpro/libnds/lib/libnds9.a(system.o)
 .debug_info    0x00000000000112d1       0xb9 /opt/devkitpro/libnds/lib/libnds9.a(biosCalls.o)

.debug_abbrev   0x0000000000000000     0x2e8e
 *(.debug_abbrev)
 .debug_abbrev  0x0000000000000000      0x3b6 main.o
 .debug_abbrev  0x00000000000003b6      0x510 /opt/devkitpro/libnds/lib/libnds9.a(console.o)
 .debug_abbrev  0x00000000000008c6      0x3aa /opt/devkitpro/libnds/lib/libnds9.a(background.o)
 .debug_abbrev  0x0000000000000c70      0x3a0 /opt/devkitpro/libnds/lib/libnds9.a(sprite_alloc.o)
 .debug_abbrev  0x0000000000001010      0x314 /opt/devkitpro/libnds/lib/libnds9.a(trig.o)
 .debug_abbrev  0x0000000000001324      0x3d3 /opt/devkitpro/libnds/lib/libnds9.a(sprite.o)
 .debug_abbrev  0x00000000000016f7      0x282 /opt/devkitpro/libnds/lib/libnds9.a(keys.o)
 .debug_abbrev  0x0000000000001979      0x356 /opt/devkitpro/libnds/lib/libnds9.a(initSystem.o)
 .debug_abbrev  0x0000000000001ccf      0x1da /opt/devkitpro/libnds/lib/libnds9.a(timeSupport.o)
 .debug_abbrev  0x0000000000001ea9       0x43 /opt/devkitpro/libnds/lib/libnds9.a(securearea.o)
 .debug_abbrev  0x0000000000001eec      0x288 /opt/devkitpro/libnds/lib/libnds9.a(interrupts.o)
 .debug_abbrev  0x0000000000002174      0x287 /opt/devkitpro/libnds/lib/libnds9.a(libnds_exit.arm.o)
 .debug_abbrev  0x00000000000023fb      0x517 /opt/devkitpro/libnds/lib/libnds9.a(fifosystem.o)
 .debug_abbrev  0x0000000000002912       0x12 /opt/devkitpro/libnds/lib/libnds9.a(dcache.o)
 .debug_abbrev  0x0000000000002924       0x12 /opt/devkitpro/libnds/lib/libnds9.a(mpu_setup.o)
 .debug_abbrev  0x0000000000002936       0x12 /opt/devkitpro/libnds/lib/libnds9.a(IntrWait.o)
 .debug_abbrev  0x0000000000002948       0x14 /opt/devkitpro/libnds/lib/libnds9.a(cpu_clock.o)
 .debug_abbrev  0x000000000000295c       0x14 /opt/devkitpro/libnds/lib/libnds9.a(interruptDispatcher.o)
 .debug_abbrev  0x0000000000002970       0x14 /opt/devkitpro/libnds/lib/libnds9.a(swiSoftReset.o)
 .debug_abbrev  0x0000000000002984      0x1e4 /opt/devkitpro/libnds/lib/libnds9.a(video.o)
 .debug_abbrev  0x0000000000002b68      0x314 /opt/devkitpro/libnds/lib/libnds9.a(system.o)
 .debug_abbrev  0x0000000000002e7c       0x12 /opt/devkitpro/libnds/lib/libnds9.a(biosCalls.o)

.debug_line     0x0000000000000000     0x3dfd
 *(.debug_line)
 .debug_line    0x0000000000000000      0x31d main.o
 .debug_line    0x000000000000031d      0x771 /opt/devkitpro/libnds/lib/libnds9.a(console.o)
 .debug_line    0x0000000000000a8e      0x3fb /opt/devkitpro/libnds/lib/libnds9.a(background.o)