Archive member included to satisfy reference by file (symbol)

/opt/devkitpro/libnds/lib/libnds9.a(console.o)
                              main.o (consoleDemoInit)
/opt/devkitpro/libnds/lib/libnds9.a(touch.o)
                              main.o (touchRead)
/opt/devkitpro/libnds/lib/libnds9.a(background.o)
                              main.o (bgState)
/opt/devkitpro/libnds/lib/libnds9.a(sprite_alloc.o)
                              main.o (oamAllocateGfx)
/opt/devkitpro/libnds/lib/libnds9.a(sassert.o)
                              main.o (__sassert)
/opt/devkitpro/libnds/lib/libnds9.a(trig.o)
                              /opt/devkitpro/libnds/lib/libnds9.a(background.o) (sinLerp)
/opt/devkitpro/libnds/lib/libnds9.a(sprite.o)
                              main.o (oamInit)
/opt/devkitpro/libnds/lib/libnds9.a(keys.o)
                              main.o (scanKeys)
/opt/devkitpro/libnds/lib/libnds9.a(initSystem.o)
                              /opt/devkitpro/devkitARM/lib/gcc/arm-none-eabi/6.3.0/../../../../arm-none-eabi/lib/thumb/ds_arm9_crt0.o (initSystem)
/opt/devkitpro/libnds/lib/libnds9.a(timeSupport.o)
                              /opt/devkitpro/libnds/lib/libnds9.a(initSystem.o) (__libnds_gtod)
/opt/devkitpro/libnds/lib/libnds9.a(securearea.o)
                              /opt/devkitpro/devkitARM/lib/gcc/arm-none-eabi/6.3.0/../../../../arm-none-eabi/lib/thumb/ds_arm9_crt0.o (__secure_area__)
/opt/devkitpro/libnds/lib/libnds9.a(timers.o)
                              main.o (timerStart)
/opt/devkitpro/libnds/lib/libnds9.a(interrupts.o)
                              /opt/devkitpro/libnds/lib/libnds9.a(timers.o) (irqSet)
/opt/devkitpro/libnds/lib/libnds9.a(libnds_exit.arm.o)
                              /opt/devkitpro/devkitARM/lib/gcc/arm-none-eabi/6.3.0/../../../../arm-none-eabi/lib/thumb/ds_arm9_crt0.o (__libnds_exit)
/opt/devkitpro/libnds/lib/libnds9.a(fifosystem.o)
                              /opt/devkitpro/libnds/lib/libnds9.a(initSystem.o) (fifoSetValue32Handler)
/opt/devkitpro/libnds/lib/libnds9.a(dcache.o)
                              main.o (DC_FlushRange)
/opt/devkitpro/libnds/lib/libnds9.a(mpu_setup.o)
                              /opt/devkitpro/devkitARM/lib/gcc/arm-none-eabi/6.3.0/../../../../arm-none-eabi/lib/thumb/ds_arm9_crt0.o (__libnds_mpu_setup)
/opt/devkitpro/libnds/lib/libnds9.a(IntrWait.o)
                              main.o (swiWaitForVBlank)
/opt/devkitpro/libnds/lib/libnds9.a(cpu_clock.o)
                              /opt/devkitpro/libnds/lib/libnds9.a(initSystem.o) (setCpuClock)
/opt/devkitpro/libnds/lib/libnds9.a(interruptDispatcher.o)
                              /opt/devkitpro/libnds/lib/libnds9.a(interrupts.o) (IntrMain)
/opt/devkitpro/libnds/lib/libnds9.a(debugprint.o)
                              /opt/devkitpro/libnds/lib/libnds9.a(console.o) (nocashWrite)
/opt/devkitpro/libnds/lib/libnds9.a(swiSoftReset.o)
                              /opt/devkitpro/libnds/lib/libnds9.a(fifosystem.o) (swiSoftReset)
/opt/devkitpro/libnds/lib/libnds9.a(default_font.bin.o)
                              /opt/devkitpro/libnds/lib/libnds9.a(console.o) (default_font_bin)
/opt/devkitpro/libnds/lib/libnds9.a(video.o)
                              /opt/devkitpro/libnds/lib/libnds9.a(initSystem.o) (vramDefault)
/opt/devkitpro/libnds/lib/libnds9.a(system.o)
                              /opt/devkitpro/libnds/lib/libnds9.a(initSystem.o) (systemValueHandler)
/opt/devkitpro/libnds/lib/libnds9.a(biosCalls.o)
                              /opt/devkitpro/libnds/lib/libnds9.a(system.o) (swiDelay)
/opt/devkitpro/devkitARM/lib/gcc/arm-none-eabi/6.3.0/thumb/libgcc.a(_divsi3.o)
                              /opt/devkitpro/libnds/lib/libnds9.a(console.o) (__aeabi_idivmod)
/opt/devkitpro/devkitARM/lib/gcc/arm-none-eabi/6.3.0/thumb/libgcc.a(_dvmd_tls.o)
                              /opt/devkitpro/devkitARM/lib/gcc/arm-none-eabi/6.3.0/thumb/libgcc.a(_divsi3.o) (__aeabi_idiv0)
/opt/devkitpro/devkitARM/lib/gcc/arm-none-eabi/6.3.0/thumb/libgcc.a(_arm_addsubdf3.o)
                              main.o (__aeabi_dadd)
/opt/devkitpro/devkitARM/lib/gcc/arm-none-eabi/6.3.0/thumb/libgcc.a(_arm_fixunsdfsi.o)
                              main.o (__aeabi_d2uiz)
/opt/devkitpro/devkitARM/lib/gcc/arm-none-eabi/6.3.0/thumb/libgcc.a(_arm_addsubsf3.o)
                              main.o (__aeabi_fsub)
/opt/devkitpro/devkitARM/lib/gcc/arm-none-eabi/6.3.0/thumb/libgcc.a(_arm_cmpsf2.o)
                              main.o (__aeabi_fcmpge)
/opt/devkitpro/devkitARM/lib/gcc/arm-none-eabi/6.3.0/../../../../arm-none-eabi/lib/thumb/libg.a(lib_a-bsearch.o)
                              /opt/devkitpro/libnds/lib/libnds9.a(trig.o) (bsearch)
/opt/devkitpro/devkitARM/lib/gcc/arm-none-eabi/6.3.0/../../../../arm-none-eabi/lib/thumb/libg.a(lib_a-init.o)
                              /opt/devkitpro/devkitARM/lib/gcc/arm-none-eabi/6.3.0/../../../../arm-none-eabi/lib/thumb/ds_arm9_crt0.o (__libc_init_array)
[...]
Memory Configuration

Name             Origin             Length             Attributes
ewram            0x0000000002000000 0x0000000000380000
dtcm             0x000000000b000000 0x0000000000004000
vectors          0x0000000001000000 0x0000000000000100
itcm             0x0000000001000100 0x0000000000007f00
*default*        0x0000000000000000 0xffffffffffffffff

Linker script and memory map

                0x0000000002380000                __ewram_end = (ORIGIN (ewram) + LENGTH (ewram))
                0x0000000002380000                __eheap_end = (ORIGIN (ewram) + LENGTH (ewram))
                0x000000000b004000                __dtcm_top = (ORIGIN (dtcm) + LENGTH (dtcm))
                0x000000000b003ff8                __irq_flags = (__dtcm_top - 0x8)
                0x000000000b003ffc                __irq_vector = (__dtcm_top - 0x4)
                0x000000000b003f00                __sp_svc = (__dtcm_top - 0x100)
                0x000000000b003e00                __sp_irq = (__sp_svc - 0x100)
                0x000000000b003d00                __sp_usr = (__sp_irq - 0x100)

.secure         0x0000000002000000      0x800
 *(.secure)
 .secure        0x0000000002000000      0x800 /opt/devkitpro/libnds/lib/libnds9.a(securearea.o)
                0x0000000002000000                __secure_area__

.crt0           0x0000000002000800      0x300
                0x0000000002000800                __text_start = .
 *(.crt0)
 .crt0          0x0000000002000800      0x300 /opt/devkitpro/devkitARM/lib/gcc/arm-none-eabi/6.3.0/../../../../arm-none-eabi/lib/thumb/ds_arm9_crt0.o
                0x0000000002000800                _start
                0x0000000002000b00                . = ALIGN (0x4)

.plt
 *(.plt)

.init           0x0000000002000b00        0xc
 *(SORT(.init))
 .init          0x0000000002000b00        0x4 /opt/devkitpro/devkitARM/lib/gcc/arm-none-eabi/6.3.0/thumb/crti.o
                0x0000000002000b00                _init
 .init          0x0000000002000b04        0x8 /opt/devkitpro/devkitARM/lib/gcc/arm-none-eabi/6.3.0/thumb/crtn.o

.text           0x0000000002000b10     0xaeb0
 *(EXCLUDE_FILE(*.twl* *.vectors* *.itcm*) .text)
 .text          0x0000000002000b10       0x74 main.o
                0x0000000002000b10                round
                0x0000000002000b2c                createSquare
 .text          0x0000000002000b84      0x150 /opt/devkitpro/devkitARM/lib/gcc/arm-none-eabi/6.3.0/thumb/libgcc.a(_divsi3.o)
                0x0000000002000b84                __aeabi_idiv
                0x0000000002000b84                __divsi3
                0x0000000002000cb4                __aeabi_idivmod
 .text          0x0000000002000cd4        0x4 /opt/devkitpro/devkitARM/lib/gcc/arm-none-eabi/6.3.0/thumb/libgcc.a(_dvmd_tls.o)
                0x0000000002000cd4                __aeabi_ldiv0
                0x0000000002000cd4                __aeabi_idiv0
 .text          0x0000000002000cd8      0x41c /opt/devkitpro/devkitARM/lib/gcc/arm-none-eabi/6.3.0/thumb/libgcc.a(_arm_addsubdf3.o)
                0x0000000002000cd8                __aeabi_drsub
                0x0000000002000ce0                __aeabi_dsub
                0x0000000002000ce0                __subdf3
                0x0000000002000ce4                __adddf3
                0x0000000002000ce4                __aeabi_dadd
                0x0000000002000ff4                __aeabi_ui2d
                0x0000000002000ff4                __floatunsidf
                0x0000000002001018                __floatsidf
                0x0000000002001018                __aeabi_i2d
                0x0000000002001040                __extendsfdf2
                0x0000000002001040                __aeabi_f2d
                0x0000000002001080                __aeabi_ul2d
                0x0000000002001080                __floatundidf
                0x0000000002001094                __floatdidf
                0x0000000002001094                __aeabi_l2d
 .text          0x00000000020010f4       0x54 /opt/devkitpro/devkitARM/lib/gcc/arm-none-eabi/6.3.0/thumb/libgcc.a(_arm_fixunsdfsi.o)
                0x00000000020010f4                __fixunsdfsi
                0x00000000020010f4                __aeabi_d2uiz
 .text          0x0000000002001148      0x2ac /opt/devkitpro/devkitARM/lib/gcc/arm-none-eabi/6.3.0/thumb/libgcc.a(_arm_addsubsf3.o)
                0x0000000002001148                __aeabi_frsub
                0x0000000002001150                __subsf3
                0x0000000002001150                __aeabi_fsub
                0x0000000002001154                __aeabi_fadd
                0x0000000002001154                __addsf3
                0x0000000002001310                __aeabi_ui2f
                0x0000000002001310                __floatunsisf
                0x0000000002001318                __aeabi_i2f
                0x0000000002001318                __floatsisf
                0x0000000002001338                __floatundisf
                0x0000000002001338                __aeabi_ul2f
                0x0000000002001348                __floatdisf
                0x0000000002001348                __aeabi_l2f
 .text          0x00000000020013f4      0x114 /opt/devkitpro/devkitARM/lib/gcc/arm-none-eabi/6.3.0/thumb/libgcc.a(_arm_cmpsf2.o)
                0x00000000020013f4                __gtsf2
                0x00000000020013f4                __gesf2
                0x00000000020013fc                __lesf2
                0x00000000020013fc                __ltsf2
                0x0000000002001404                __nesf2
                0x0000000002001404                __eqsf2
                0x0000000002001404                __cmpsf2
                0x0000000002001468                __aeabi_cfrcmple
                0x0000000002001478                __aeabi_cfcmple
                0x0000000002001478                __aeabi_cfcmpeq
                0x0000000002001490                __aeabi_fcmpeq
                0x00000000020014a8                __aeabi_fcmplt
                0x00000000020014c0                __aeabi_fcmple
                0x00000000020014d8                __aeabi_fcmpge
                0x00000000020014f0                __aeabi_fcmpgt
 .text          0x0000000002001508      0x224 /opt/devkitpro/devkitARM/lib/gcc/arm-none-eabi/6.3.0/../../../../arm-none-eabi/lib/thumb/libg.a(lib_a-strcmp.o)
                0x0000000002001508                strcmp
 .text          0x000000000200172c      0x11c /opt/devkitpro/devkitARM/lib/gcc/arm-none-eabi/6.3.0/thumb/libgcc.a(_udivsi3.o)
                0x000000000200172c                __udivsi3
                0x000000000200172c                __aeabi_uidiv
                0x0000000002001828                __aeabi_uidivmod
 .text          0x0000000002001848       0x3c /opt/devkitpro/devkitARM/lib/gcc/arm-none-eabi/6.3.0/thumb/libgcc.a(_aeabi_uldivmod.o)
                0x0000000002001848                __aeabi_uldivmod
 .text          0x0000000002001884       0x28 /opt/devkitpro/devkitARM/lib/gcc/arm-none-eabi/6.3.0/thumb/libgcc.a(_clzdi2.o)
                0x0000000002001884                __clzdi2
 .text          0x00000000020018ac       0x48 /opt/devkitpro/devkitARM/lib/gcc/arm-none-eabi/6.3.0/thumb/libgcc.a(_clzsi2.o)
                0x00000000020018ac                __clzsi2
 *(EXCLUDE_FILE(*.twl* *.vectors* *.itcm*) .stub)
 *(EXCLUDE_FILE(*.twl* *.vectors* *.itcm*) .text.*)
 .text.deregister_tm_clones
                0x00000000020018f4       0x30 /opt/devkitpro/devkitARM/lib/gcc/arm-none-eabi/6.3.0/thumb/crtbegin.o
 .text.register_tm_clones
                0x0000000002001924       0x34 /opt/devkitpro/devkitARM/lib/gcc/arm-none-eabi/6.3.0/thumb/crtbegin.o
 .text.__do_global_dtors_aux
                0x0000000002001958       0x30 /opt/devkitpro/devkitARM/lib/gcc/arm-none-eabi/6.3.0/thumb/crtbegin.o
 .text.frame_dummy
                0x0000000002001988       0x48 /opt/devkitpro/devkitARM/lib/gcc/arm-none-eabi/6.3.0/thumb/crtbegin.o
 .text.startup  0x00000000020019d0      0x46c main.o
                0x00000000020019d0                main
 .text.newRow   0x0000000002001e3c       0xb4 /opt/devkitpro/libnds/lib/libnds9.a(console.o)
 .text.consolePrintChar
                0x0000000002001ef0       0xf4 /opt/devkitpro/libnds/lib/libnds9.a(console.o)
                0x0000000002001ef0                consolePrintChar
 .text.consoleCls
                0x0000000002001fe4       0xec /opt/devkitpro/libnds/lib/libnds9.a(console.o)
 .text.consoleLoadFont
                0x00000000020020d0      0x27c /opt/devkitpro/libnds/lib/libnds9.a(console.o)
                0x00000000020020d0                consoleLoadFont
 .text.consoleInit
                0x000000000200234c      0x16c /opt/devkitpro/libnds/lib/libnds9.a(console.o)
                0x000000000200234c                consoleInit
 .text.consoleDemoInit
                0x00000000020024b8       0x40 /opt/devkitpro/libnds/lib/libnds9.a(console.o)
                0x00000000020024b8                consoleDemoInit
 .text.con_write
                0x00000000020024f8      0x2ac /opt/devkitpro/libnds/lib/libnds9.a(console.o)
                0x00000000020024f8                con_write
 .text.consoleClear
                0x00000000020027a4       0x10 /opt/devkitpro/libnds/lib/libnds9.a(console.o)
                0x00000000020027a4                consoleClear
 .text.touchRead
                0x00000000020027b4       0x24 /opt/devkitpro/libnds/lib/libnds9.a(touch.o)
                0x00000000020027b4                touchRead
 .text.checkIfText.part.0
                0x00000000020027d8       0x3c /opt/devkitpro/libnds/lib/libnds9.a(background.o)
 .text.bgUpdate
                0x0000000002002814       0xf0 /opt/devkitpro/libnds/lib/libnds9.a(background.o)
                0x0000000002002814                bgUpdate
 .text.bgInit_call
                0x0000000002002904       0xf4 /opt/devkitpro/libnds/lib/libnds9.a(background.o)
                0x0000000002002904                bgInit_call
 .text.bgInitSub_call
                0x00000000020029f8       0xf8 /opt/devkitpro/libnds/lib/libnds9.a(background.o)
                0x00000000020029f8                bgInitSub_call
 .text.getAllocHeader
                0x0000000002002af0       0x2c /opt/devkitpro/libnds/lib/libnds9.a(sprite_alloc.o)
 .text.oamAllocReset
                0x0000000002002b1c       0x1c /opt/devkitpro/libnds/lib/libnds9.a(sprite_alloc.o)
                0x0000000002002b1c                oamAllocReset
 .text.oamAllocateGfx
                0x0000000002002b38      0x22c /opt/devkitpro/libnds/lib/libnds9.a(sprite_alloc.o)
                0x0000000002002b38                oamAllocateGfx
 .text.__sassert
                0x0000000002002d64       0x34 /opt/devkitpro/libnds/lib/libnds9.a(sassert.o)
                0x0000000002002d64                __sassert
 .text.sinLerp  0x0000000002002d98       0x98 /opt/devkitpro/libnds/lib/libnds9.a(trig.o)
                0x0000000002002d98                sinLerp
 .text.cosLerp  0x0000000002002e30       0x14 /opt/devkitpro/libnds/lib/libnds9.a(trig.o)
                0x0000000002002e30                cosLerp
 .text.oamInit  0x0000000002002e44      0x11c /opt/devkitpro/libnds/lib/libnds9.a(sprite.o)
                0x0000000002002e44                oamInit
 .text.oamGetGfxPtr
                0x0000000002002f60       0x38 /opt/devkitpro/libnds/lib/libnds9.a(sprite.o)
                0x0000000002002f60                oamGetGfxPtr
 .text.oamGfxPtrToOffset
                0x0000000002002f98       0x34 /opt/devkitpro/libnds/lib/libnds9.a(sprite.o)
                0x0000000002002f98                oamGfxPtrToOffset
 .text.oamSet   0x0000000002002fcc      0x15c /opt/devkitpro/libnds/lib/libnds9.a(sprite.o)
                0x0000000002002fcc                oamSet
 .text.oamUpdate
                0x0000000002003128       0x60 /opt/devkitpro/libnds/lib/libnds9.a(sprite.o)
                0x0000000002003128                oamUpdate
 .text.scanKeys
                0x0000000002003188       0x90 /opt/devkitpro/libnds/lib/libnds9.a(keys.o)
                0x0000000002003188                scanKeys
 .text.keysHeld
                0x0000000002003218        0xc /opt/devkitpro/libnds/lib/libnds9.a(keys.o)
                0x0000000002003218                keysHeld
 .text.keysDown
                0x0000000002003224       0x14 /opt/devkitpro/libnds/lib/libnds9.a(keys.o)
                0x0000000002003224                keysDown
 .text.initSystem
                0x0000000002003238      0x194 /opt/devkitpro/libnds/lib/libnds9.a(initSystem.o)
                0x0000000002003238                initSystem
 .text.__libnds_gtod
                0x00000000020033cc       0x24 /opt/devkitpro/libnds/lib/libnds9.a(timeSupport.o)
                0x00000000020033cc                __libnds_gtod
 .text.timerStart
                0x00000000020033f0       0x48 /opt/devkitpro/libnds/lib/libnds9.a(timers.o)
                0x00000000020033f0                timerStart
 .text.timerElapsed
                0x0000000002003438       0x30 /opt/devkitpro/libnds/lib/libnds9.a(timers.o)
                0x0000000002003438                timerElapsed
 .text.irqDummy
                0x0000000002003468        0x4 /opt/devkitpro/libnds/lib/libnds9.a(interrupts.o)
                0x0000000002003468                irqDummy
 .text.irqSet   0x000000000200346c       0x6c /opt/devkitpro/libnds/lib/libnds9.a(interrupts.o)
                0x000000000200346c                irqSet
 .text.irqInit  0x00000000020034d8       0x50 /opt/devkitpro/libnds/lib/libnds9.a(interrupts.o)
                0x00000000020034d8                irqInit
 .text.irqEnable
                0x0000000002003528       0x64 /opt/devkitpro/libnds/lib/libnds9.a(interrupts.o)
                0x0000000002003528                irqEnable
 .text.irqDisable
                0x000000000200358c       0x64 /opt/devkitpro/libnds/lib/libnds9.a(interrupts.o)
                0x000000000200358c                irqDisable
 .text.systemErrorExit
                0x00000000020035f0        0x4 /opt/devkitpro/libnds/lib/libnds9.a(libnds_exit.arm.o)
                0x00000000020035f0                systemErrorExit
 *fill*         0x00000000020035f4        0x4 ff
 .text.__libnds_exit
                0x00000000020035f8       0x5c /opt/devkitpro/libnds/lib/libnds9.a(libnds_exit.arm.o)
                0x00000000020035f8                __libnds_exit
 .text.__timeoutvbl
                0x0000000002003654       0x10 /opt/devkitpro/libnds/lib/libnds9.a(fifosystem.o)
 .text.fifo_allocBlock.part.0
                0x0000000002003664       0x34 /opt/devkitpro/libnds/lib/libnds9.a(fifosystem.o)
 .text.fifo_waitBlock
                0x0000000002003698       0x48 /opt/devkitpro/libnds/lib/libnds9.a(fifosystem.o)
 .text.fifoInternalSendInterrupt
                0x00000000020036e0       0x9c /opt/devkitpro/libnds/lib/libnds9.a(fifosystem.o)
 .text.fifoInternalSend.part.2
                0x000000000200377c       0xd8 /opt/devkitpro/libnds/lib/libnds9.a(fifosystem.o)
 .text.fifoGetValue32.part.3
                0x0000000002003854       0x74 /opt/devkitpro/libnds/lib/libnds9.a(fifosystem.o)
 .text.fifoSetValue32Handler
                0x00000000020038c8       0x74 /opt/devkitpro/libnds/lib/libnds9.a(fifosystem.o)
                0x00000000020038c8                fifoSetValue32Handler
 .text.fifoSendValue32
                0x000000000200393c       0x50 /opt/devkitpro/libnds/lib/libnds9.a(fifosystem.o)
                0x000000000200393c                fifoSendValue32
 .text.fifoGetDatamsg
                0x000000000200398c      0x148 /opt/devkitpro/libnds/lib/libnds9.a(fifosystem.o)
                0x000000000200398c                fifoGetDatamsg
 .text.fifoInternalRecvInterrupt
                0x0000000002003ad4      0x460 /opt/devkitpro/libnds/lib/libnds9.a(fifosystem.o)
 .text.fifoSetDatamsgHandler
                0x0000000002003f34       0x9c /opt/devkitpro/libnds/lib/libnds9.a(fifosystem.o)
                0x0000000002003f34                fifoSetDatamsgHandler
 .text.fifoInit
                0x0000000002003fd0      0x1cc /opt/devkitpro/libnds/lib/libnds9.a(fifosystem.o)
                0x0000000002003fd0                fifoInit
 .text.DC_FlushRange
                0x000000000200419c       0x24 /opt/devkitpro/libnds/lib/libnds9.a(dcache.o)
                0x000000000200419c                DC_FlushRange
 .text.__libnds_mpu_setup
                0x00000000020041c0      0x174 /opt/devkitpro/libnds/lib/libnds9.a(mpu_setup.o)
                0x00000000020041c0                __libnds_mpu_setup
 .text.memUncached
                0x0000000002004334       0x20 /opt/devkitpro/libnds/lib/libnds9.a(mpu_setup.o)
                0x0000000002004334                memUncached
 .text.swiWaitForVBlank
                0x0000000002004354        0x8 /opt/devkitpro/libnds/lib/libnds9.a(IntrWait.o)
                0x0000000002004354                swiWaitForVBlank
 .text.swiIntrWait
                0x000000000200435c       0x64 /opt/devkitpro/libnds/lib/libnds9.a(IntrWait.o)
                0x000000000200435c                swiIntrWait
 .text.setCpuClock
                0x00000000020043c0       0x50 /opt/devkitpro/libnds/lib/libnds9.a(cpu_clock.o)
                0x00000000020043c0                setCpuClock
 .text.swiSoftReset
                0x0000000002004410       0x2c /opt/devkitpro/libnds/lib/libnds9.a(swiSoftReset.o)
                0x0000000002004410                swiSoftReset
 .text.vramDefault
                0x000000000200443c       0xd0 /opt/devkitpro/libnds/lib/libnds9.a(video.o)
                0x000000000200443c                vramDefault
 .text.systemValueHandler
                0x000000000200450c       0x48 /opt/devkitpro/libnds/lib/libnds9.a(system.o)
                0x000000000200450c                systemValueHandler
 .text.systemMsgHandler
                0x0000000002004554       0x5c /opt/devkitpro/libnds/lib/libnds9.a(system.o)
                0x0000000002004554                systemMsgHandler
 .text.powerOn  0x00000000020045b0       0x2c /opt/devkitpro/libnds/lib/libnds9.a(system.o)
                0x00000000020045b0                powerOn
 .text.swiDelay
                0x00000000020045dc        0x4 /opt/devkitpro/libnds/lib/libnds9.a(biosCalls.o)
                0x00000000020045dc                swiDelay
 .text.__libc_init_array
                0x00000000020045e0       0x58 /opt/devkitpro/devkitARM/lib/gcc/arm-none-eabi/6.3.0/../../../../arm-none-eabi/lib/thumb/libg.a(lib_a-init.o)
                0x00000000020045e0                __libc_init_array
 .text.iprintf  0x0000000002004638       0x24 /opt/devkitpro/devkitARM/lib/gcc/arm-none-eabi/6.3.0/../../../../arm-none-eabi/lib/thumb/libg.a(lib_a-iprintf.o)
                0x0000000002004638                iprintf
 .text.malloc   0x000000000200465c       0x14 /opt/devkitpro/devkitARM/lib/gcc/arm-none-eabi/6.3.0/../../../../arm-none-eabi/lib/thumb/libg.a(lib_a-malloc.o)
                0x000000000200465c                malloc
 .text.free     0x0000000002004670       0x14 /opt/devkitpro/devkitARM/lib/gcc/arm-none-eabi/6.3.0/../../../../arm-none-eabi/lib/thumb/libg.a(lib_a-malloc.o)
                0x0000000002004670                free
 .text._malloc_r
                0x0000000002004684      0x560 /opt/devkitpro/devkitARM/lib/gcc/arm-none-eabi/6.3.0/../../../../arm-none-eabi/lib/thumb/libg.a(lib_a-mallocr.o)
                0x0000000002004684                _malloc_r
 .text.memcpy   0x0000000002004be4       0x88 /opt/devkitpro/devkitARM/lib/gcc/arm-none-eabi/6.3.0/../../../../arm-none-eabi/lib/thumb/libg.a(lib_a-memcpy-stub.o)
                0x0000000002004be4                memcpy
 .text.memset   0x0000000002004c6c       0x9c /opt/devkitpro/devkitARM/lib/gcc/arm-none-eabi/6.3.0/../../../../arm-none-eabi/lib/thumb/libg.a(lib_a-memset.o)
                0x0000000002004c6c                memset
 .text.__malloc_lock
                0x0000000002004d08       0x14 /opt/devkitpro/devkitARM/lib/gcc/arm-none-eabi/6.3.0/../../../../arm-none-eabi/lib/thumb/libg.a(lib_a-mlock.o)
                0x0000000002004d08                __malloc_lock
 .text.__malloc_unlock
                0x0000000002004d1c       0x14 /opt/devkitpro/devkitARM/lib/gcc/arm-none-eabi/6.3.0/../../../../arm-none-eabi/lib/thumb/libg.a(lib_a-mlock.o)
                0x0000000002004d1c                __malloc_unlock
 .text._puts_r  0x0000000002004d30       0x80 /opt/devkitpro/devkitARM/lib/gcc/arm-none-eabi/6.3.0/../../../../arm-none-eabi/lib/thumb/libg.a(lib_a-puts.o)
                0x0000000002004d30                _puts_r
 .text.puts     0x0000000002004db0       0x14 /opt/devkitpro/devkitARM/lib/gcc/arm-none-eabi/6.3.0/../../../../arm-none-eabi/lib/thumb/libg.a(lib_a-puts.o)
                0x0000000002004db0                puts
 .text.realloc  0x0000000002004dc4       0x18 /opt/devkitpro/devkitARM/lib/gcc/arm-none-eabi/6.3.0/../../../../arm-none-eabi/lib/thumb/libg.a(lib_a-realloc.o)
                0x0000000002004dc4                realloc
 .text._realloc_r
                0x0000000002004ddc      0x38c /opt/devkitpro/devkitARM/lib/gcc/arm-none-eabi/6.3.0/../../../../arm-none-eabi/lib/thumb/libg.a(lib_a-reallocr.o)
                0x0000000002004ddc                _realloc_r
 .text.setvbuf  0x0000000002005168      0x1a4 /opt/devkitpro/devkitARM/lib/gcc/arm-none-eabi/6.3.0/../../../../arm-none-eabi/lib/thumb/libg.a(lib_a-setvbuf.o)
                0x0000000002005168                setvbuf
 .text.siscanf  0x000000000200530c       0x4c /opt/devkitpro/devkitARM/lib/gcc/arm-none-eabi/6.3.0/../../../../arm-none-eabi/lib/thumb/libg.a(lib_a-siscanf.o)
                0x000000000200530c                siscanf
 .text.__sread  0x0000000002005358       0x34 /opt/devkitpro/devkitARM/lib/gcc/arm-none-eabi/6.3.0/../../../../arm-none-eabi/lib/thumb/libg.a(lib_a-stdio.o)
                0x0000000002005358                __sread
 .text.__seofread
                0x000000000200538c        0x4 /opt/devkitpro/devkitARM/lib/gcc/arm-none-eabi/6.3.0/../../../../arm-none-eabi/lib/thumb/libg.a(lib_a-stdio.o)
                0x000000000200538c                __seofread
 .text.__swrite
                0x0000000002005390       0x48 /opt/devkitpro/devkitARM/lib/gcc/arm-none-eabi/6.3.0/../../../../arm-none-eabi/lib/thumb/libg.a(lib_a-stdio.o)
                0x0000000002005390                __swrite
 .text.__sseek  0x00000000020053d8       0x40 /opt/devkitpro/devkitARM/lib/gcc/arm-none-eabi/6.3.0/../../../../arm-none-eabi/lib/thumb/libg.a(lib_a-stdio.o)
                0x00000000020053d8                __sseek
 .text.__sclose
                0x0000000002005418       0x10 /opt/devkitpro/devkitARM/lib/gcc/arm-none-eabi/6.3.0/../../../../arm-none-eabi/lib/thumb/libg.a(lib_a-stdio.o)
                0x0000000002005418                __sclose
 .text.strlen   0x0000000002005428       0x68 /opt/devkitpro/devkitARM/lib/gcc/arm-none-eabi/6.3.0/../../../../arm-none-eabi/lib/thumb/libg.a(lib_a-strlen-stub.o)
                0x0000000002005428                strlen
 .text._sungetc_r
                0x0000000002005490       0x8c /opt/devkitpro/devkitARM/lib/gcc/arm-none-eabi/6.3.0/../../../../arm-none-eabi/lib/thumb/libg.a(lib_a-svfiscanf.o)
                0x0000000002005490                _sungetc_r
 .text.__ssrefill_r
                0x000000000200551c       0x44 /opt/devkitpro/devkitARM/lib/gcc/arm-none-eabi/6.3.0/../../../../arm-none-eabi/lib/thumb/libg.a(lib_a-svfiscanf.o)
                0x000000000200551c                __ssrefill_r
 .text._sfread_r
                0x0000000002005560       0x90 /opt/devkitpro/devkitARM/lib/gcc/arm-none-eabi/6.3.0/../../../../arm-none-eabi/lib/thumb/libg.a(lib_a-svfiscanf.o)
                0x0000000002005560                _sfread_r
 .text.__ssvfiscanf_r
                0x00000000020055f0     0x13e0 /opt/devkitpro/devkitARM/lib/gcc/arm-none-eabi/6.3.0/../../../../arm-none-eabi/lib/thumb/libg.a(lib_a-svfiscanf.o)
                0x00000000020055f0                __ssvfiscanf_r
 .text.__submore
                0x00000000020069d0       0x88 /opt/devkitpro/devkitARM/lib/gcc/arm-none-eabi/6.3.0/../../../../arm-none-eabi/lib/thumb/libg.a(lib_a-ungetc.o)
                0x00000000020069d0                __submore
 .text.get_arg  0x0000000002006a58      0xc4c /opt/devkitpro/devkitARM/lib/gcc/arm-none-eabi/6.3.0/../../../../arm-none-eabi/lib/thumb/libg.a(lib_a-vfiprintf.o)
 .text.__sprint_r.part.0
                0x00000000020076a4       0x14 /opt/devkitpro/devkitARM/lib/gcc/arm-none-eabi/6.3.0/../../../../arm-none-eabi/lib/thumb/libg.a(lib_a-vfiprintf.o)
 .text._vfiprintf_r
                0x00000000020076b8     0x1e0c /opt/devkitpro/devkitARM/lib/gcc/arm-none-eabi/6.3.0/../../../../arm-none-eabi/lib/thumb/libg.a(lib_a-vfiprintf.o)
                0x00000000020076b8                _vfiprintf_r
 .text.__sbprintf
                0x00000000020094c4       0x8c /opt/devkitpro/devkitARM/lib/gcc/arm-none-eabi/6.3.0/../../../../arm-none-eabi/lib/thumb/libg.a(lib_a-vfiprintf.o)
 .text.viprintf
                0x0000000002009550       0x1c /opt/devkitpro/devkitARM/lib/gcc/arm-none-eabi/6.3.0/../../../../arm-none-eabi/lib/thumb/libg.a(lib_a-viprintf.o)
                0x0000000002009550                viprintf
 .text._wcrtomb_r
                0x000000000200956c       0x80 /opt/devkitpro/devkitARM/lib/gcc/arm-none-eabi/6.3.0/../../../../arm-none-eabi/lib/thumb/libg.a(lib_a-wcrtomb.o)
                0x000000000200956c                _wcrtomb_r
 .text._wcsrtombs_r
                0x00000000020095ec       0x1c /opt/devkitpro/devkitARM/lib/gcc/arm-none-eabi/6.3.0/../../../../arm-none-eabi/lib/thumb/libg.a(lib_a-wcsrtombs.o)
                0x00000000020095ec                _wcsrtombs_r
 .text.__swsetup_r
                0x0000000002009608       0xd8 /opt/devkitpro/devkitARM/lib/gcc/arm-none-eabi/6.3.0/../../../../arm-none-eabi/lib/thumb/libg.a(lib_a-wsetup.o)
                0x0000000002009608                __swsetup_r
 .text.__sflush_r
                0x00000000020096e0      0x1a4 /opt/devkitpro/devkitARM/lib/gcc/arm-none-eabi/6.3.0/../../../../arm-none-eabi/lib/thumb/libg.a(lib_a-fflush.o)
                0x00000000020096e0                __sflush_r
 .text._fflush_r
                0x0000000002009884       0x58 /opt/devkitpro/devkitARM/lib/gcc/arm-none-eabi/6.3.0/../../../../arm-none-eabi/lib/thumb/libg.a(lib_a-fflush.o)
                0x0000000002009884                _fflush_r
 .text._cleanup_r
                0x00000000020098dc       0x14 /opt/devkitpro/devkitARM/lib/gcc/arm-none-eabi/6.3.0/../../../../arm-none-eabi/lib/thumb/libg.a(lib_a-findfp.o)
                0x00000000020098dc                _cleanup_r
 .text.std.isra.0
                0x00000000020098f0       0x54 /opt/devkitpro/devkitARM/lib/gcc/arm-none-eabi/6.3.0/../../../../arm-none-eabi/lib/thumb/libg.a(lib_a-findfp.o)
 .text.__sinit  0x0000000002009944       0x64 /opt/devkitpro/devkitARM/lib/gcc/arm-none-eabi/6.3.0/../../../../arm-none-eabi/lib/thumb/libg.a(lib_a-findfp.o)
                0x0000000002009944                __sinit
 .text.__sfp_lock_acquire
                0x00000000020099a8       0x14 /opt/devkitpro/devkitARM/lib/gcc/arm-none-eabi/6.3.0/../../../../arm-none-eabi/lib/thumb/libg.a(lib_a-findfp.o)
                0x00000000020099a8                __sfp_lock_acquire
 .text.__sfp_lock_release
                0x00000000020099bc       0x14 /opt/devkitpro/devkitARM/lib/gcc/arm-none-eabi/6.3.0/../../../../arm-none-eabi/lib/thumb/libg.a(lib_a-findfp.o)
                0x00000000020099bc                __sfp_lock_release
 .text._malloc_trim_r
                0x00000000020099d0       0xa4 /opt/devkitpro/devkitARM/lib/gcc/arm-none-eabi/6.3.0/../../../../arm-none-eabi/lib/thumb/libg.a(lib_a-freer.o)
                0x00000000020099d0                _malloc_trim_r
 .text._free_r  0x0000000002009a74      0x1c0 /opt/devkitpro/devkitARM/lib/gcc/arm-none-eabi/6.3.0/../../../../arm-none-eabi/lib/thumb/libg.a(lib_a-freer.o)
                0x0000000002009a74                _free_r
 .text.__sfvwrite_r
                0x0000000002009c34      0x334 /opt/devkitpro/devkitARM/lib/gcc/arm-none-eabi/6.3.0/../../../../arm-none-eabi/lib/thumb/libg.a(lib_a-fvwrite.o)
                0x0000000002009c34                __sfvwrite_r
 .text._fwalk_reent
                0x0000000002009f68       0x54 /opt/devkitpro/devkitARM/lib/gcc/arm-none-eabi/6.3.0/../../../../arm-none-eabi/lib/thumb/libg.a(lib_a-fwalk.o)
                0x0000000002009f68                _fwalk_reent
 .text.iswspace
                0x0000000002009fbc       0x78 /opt/devkitpro/devkitARM/lib/gcc/arm-none-eabi/6.3.0/../../../../arm-none-eabi/lib/thumb/libg.a(lib_a-iswspace.o)
                0x0000000002009fbc                iswspace
 .text.__jp2uc  0x000000000200a034      0x188 /opt/devkitpro/devkitARM/lib/gcc/arm-none-eabi/6.3.0/../../../../arm-none-eabi/lib/thumb/libg.a(lib_a-jp2uc.o)
 .text._jp2uc   0x000000000200a1bc       0x8c /opt/devkitpro/devkitARM/lib/gcc/arm-none-eabi/6.3.0/../../../../arm-none-eabi/lib/thumb/libg.a(lib_a-jp2uc.o)
                0x000000000200a1bc                _jp2uc
 .text._localeconv_r
                0x000000000200a248       0x1c /opt/devkitpro/devkitARM/lib/gcc/arm-none-eabi/6.3.0/../../../../arm-none-eabi/lib/thumb/libg.a(lib_a-localeconv.o)
                0x000000000200a248                _localeconv_r
 .text.__locale_mb_cur_max
                0x000000000200a264       0x20 /opt/devkitpro/devkitARM/lib/gcc/arm-none-eabi/6.3.0/../../../../arm-none-eabi/lib/thumb/libg.a(lib_a-locale.o)
                0x000000000200a264                __locale_mb_cur_max
 .text.__locale_ctype_ptr_l
                0x000000000200a284        0x8 /opt/devkitpro/devkitARM/lib/gcc/arm-none-eabi/6.3.0/../../../../arm-none-eabi/lib/thumb/libg.a(lib_a-locale.o)
                0x000000000200a284                __locale_ctype_ptr_l
 .text.__locale_ctype_ptr
                0x000000000200a28c       0x20 /opt/devkitpro/devkitARM/lib/gcc/arm-none-eabi/6.3.0/../../../../arm-none-eabi/lib/thumb/libg.a(lib_a-locale.o)
                0x000000000200a28c                __locale_ctype_ptr
 .text.__swhatbuf_r
                0x000000000200a2ac       0x64 /opt/devkitpro/devkitARM/lib/gcc/arm-none-eabi/6.3.0/../../../../arm-none-eabi/lib/thumb/libg.a(lib_a-makebuf.o)
                0x000000000200a2ac                __swhatbuf_r
 .text.__smakebuf_r
                0x000000000200a310       0x98 /opt/devkitpro/devkitARM/lib/gcc/arm-none-eabi/6.3.0/../../../../arm-none-eabi/lib/thumb/libg.a(lib_a-makebuf.o)
                0x000000000200a310                __smakebuf_r
 .text._mbrtowc_r
                0x000000000200a3a8       0x8c /opt/devkitpro/devkitARM/lib/gcc/arm-none-eabi/6.3.0/../../../../arm-none-eabi/lib/thumb/libg.a(lib_a-mbrtowc.o)
                0x000000000200a3a8                _mbrtowc_r
 .text.__utf8_mbtowc
                0x000000000200a434      0x2a0 /opt/devkitpro/devkitARM/lib/gcc/arm-none-eabi/6.3.0/../../../../arm-none-eabi/lib/thumb/libg.a(lib_a-mbtowc_r.o)
                0x000000000200a434                __utf8_mbtowc
 .text.memchr   0x000000000200a6d4       0x84 /opt/devkitpro/devkitARM/lib/gcc/arm-none-eabi/6.3.0/../../../../arm-none-eabi/lib/thumb/libg.a(lib_a-memchr-stub.o)
                0x000000000200a6d4                memchr
 .text.memmove  0x000000000200a758       0xa4 /opt/devkitpro/devkitARM/lib/gcc/arm-none-eabi/6.3.0/../../../../arm-none-eabi/lib/thumb/libg.a(lib_a-memmove.o)
                0x000000000200a758                memmove
 .text.__sccl   0x000000000200a7fc       0x78 /opt/devkitpro/devkitARM/lib/gcc/arm-none-eabi/6.3.0/../../../../arm-none-eabi/lib/thumb/libg.a(lib_a-sccl.o)
                0x000000000200a7fc                __sccl
 .text.strncpy  0x000000000200a874       0x80 /opt/devkitpro/devkitARM/lib/gcc/arm-none-eabi/6.3.0/../../../../arm-none-eabi/lib/thumb/libg.a(lib_a-strncpy.o)
                0x000000000200a874                strncpy
 .text._strtoll_l.isra.0
                0x000000000200a8f4      0x1f0 /opt/devkitpro/devkitARM/lib/gcc/arm-none-eabi/6.3.0/../../../../arm-none-eabi/lib/thumb/libg.a(lib_a-strtoll.o)
 .text._strtoll_r
                0x000000000200aae4       0x34 /opt/devkitpro/devkitARM/lib/gcc/arm-none-eabi/6.3.0/../../../../arm-none-eabi/lib/thumb/libg.a(lib_a-strtoll.o)
                0x000000000200aae4                _strtoll_r
 .text._strtol_l.isra.0
                0x000000000200ab18      0x180 /opt/devkitpro/devkitARM/lib/gcc/arm-none-eabi/6.3.0/../../../../arm-none-eabi/lib/thumb/libg.a(lib_a-strtol.o)
 .text._strtol_r
                0x000000000200ac98       0x34 /opt/devkitpro/devkitARM/lib/gcc/arm-none-eabi/6.3.0/../../../../arm-none-eabi/lib/thumb/libg.a(lib_a-strtol.o)
                0x000000000200ac98                _strtol_r
 .text._strtoull_l.isra.0
                0x000000000200accc      0x1c8 /opt/devkitpro/devkitARM/lib/gcc/arm-none-eabi/6.3.0/../../../../arm-none-eabi/lib/thumb/libg.a(lib_a-strtoull.o)
 .text._strtoull_r
                0x000000000200ae94       0x34 /opt/devkitpro/devkitARM/lib/gcc/arm-none-eabi/6.3.0/../../../../arm-none-eabi/lib/thumb/libg.a(lib_a-strtoull.o)
                0x000000000200ae94                _strtoull_r
 .text._strtoul_l.isra.0
                0x000000000200aec8      0x14c /opt/devkitpro/devkitARM/lib/gcc/arm-none-eabi/6.3.0/../../../../arm-none-eabi/lib/thumb/libg.a(lib_a-strtoul.o)
 .text._strtoul_r
                0x000000000200b014       0x34 /opt/devkitpro/devkitARM/lib/gcc/arm-none-eabi/6.3.0/../../../../arm-none-eabi/lib/thumb/libg.a(lib_a-strtoul.o)
                0x000000000200b014                _strtoul_r
 .text._wcsnrtombs_l
                0x000000000200b048      0x11c /opt/devkitpro/devkitARM/lib/gcc/arm-none-eabi/6.3.0/../../../../arm-none-eabi/lib/thumb/libg.a(lib_a-wcsnrtombs.o)
                0x000000000200b048                _wcsnrtombs_l
 .text._wcsnrtombs_r
                0x000000000200b164       0x40 /opt/devkitpro/devkitARM/lib/gcc/arm-none-eabi/6.3.0/../../../../arm-none-eabi/lib/thumb/libg.a(lib_a-wcsnrtombs.o)
                0x000000000200b164                _wcsnrtombs_r
 .text.__utf8_wctomb
                0x000000000200b1a4       0xbc /opt/devkitpro/devkitARM/lib/gcc/arm-none-eabi/6.3.0/../../../../arm-none-eabi/lib/thumb/libg.a(lib_a-wctomb_r.o)
                0x000000000200b1a4                __utf8_wctomb
 .text._fclose_r
                0x000000000200b260       0xd4 /opt/devkitpro/devkitARM/lib/gcc/arm-none-eabi/6.3.0/../../../../arm-none-eabi/lib/thumb/libg.a(lib_a-fclose.o)
                0x000000000200b260                _fclose_r
 .text.null_write
                0x000000000200b334        0x4 /opt/devkitpro/devkitARM/lib/gcc/arm-none-eabi/6.3.0/../../../../arm-none-eabi/lib/thumb/libsysbase.a(iosupport.o)
 .text._close_r
                0x000000000200b338       0x5c /opt/devkitpro/devkitARM/lib/gcc/arm-none-eabi/6.3.0/../../../../arm-none-eabi/lib/thumb/libsysbase.a(close.o)
                0x000000000200b338                _close_r
 .text._fstat_r
                0x000000000200b394       0x4c /opt/devkitpro/devkitARM/lib/gcc/arm-none-eabi/6.3.0/../../../../arm-none-eabi/lib/thumb/libsysbase.a(fstat.o)
                0x000000000200b394                _fstat_r
 .text._isatty_r
                0x000000000200b3e0        0x4 /opt/devkitpro/devkitARM/lib/gcc/arm-none-eabi/6.3.0/../../../../arm-none-eabi/lib/thumb/libsysbase.a(isatty.o)
                0x000000000200b3e0                _isatty_r
 .text._lseek_r
                0x000000000200b3e4       0x5c /opt/devkitpro/devkitARM/lib/gcc/arm-none-eabi/6.3.0/../../../../arm-none-eabi/lib/thumb/libsysbase.a(lseek.o)
                0x000000000200b3e4                _lseek_r
 .text._read_r  0x000000000200b440       0x50 /opt/devkitpro/devkitARM/lib/gcc/arm-none-eabi/6.3.0/../../../../arm-none-eabi/lib/thumb/libsysbase.a(read.o)
                0x000000000200b440                _read_r
 .text._sbrk_r  0x000000000200b490       0x54 /opt/devkitpro/devkitARM/lib/gcc/arm-none-eabi/6.3.0/../../../../arm-none-eabi/lib/thumb/libsysbase.a(sbrk.o)
                0x000000000200b490                _sbrk_r
 .text._write_r
                0x000000000200b4e4       0x50 /opt/devkitpro/devkitARM/lib/gcc/arm-none-eabi/6.3.0/../../../../arm-none-eabi/lib/thumb/libsysbase.a(write.o)
                0x000000000200b4e4                _write_r
 .text.build_argv
                0x000000000200b534       0x4c /opt/devkitpro/devkitARM/lib/gcc/arm-none-eabi/6.3.0/../../../../arm-none-eabi/lib/thumb/libsysbase.a(build_argv.o)
                0x000000000200b534                build_argv
 .text.__flockfile
                0x000000000200b580       0x10 /opt/devkitpro/devkitARM/lib/gcc/arm-none-eabi/6.3.0/../../../../arm-none-eabi/lib/thumb/libsysbase.a(flock.o)
                0x000000000200b580                __flockfile
 .text.__funlockfile
                0x000000000200b590       0x10 /opt/devkitpro/devkitARM/lib/gcc/arm-none-eabi/6.3.0/../../../../arm-none-eabi/lib/thumb/libsysbase.a(flock.o)
                0x000000000200b590                __funlockfile
 .text.__libc_lock_acquire
                0x000000000200b5a0       0x1c /opt/devkitpro/devkitARM/lib/gcc/arm-none-eabi/6.3.0/../../../../arm-none-eabi/lib/thumb/libsysbase.a(syscall_support.o)
                0x000000000200b5a0                __libc_lock_acquire
 .text.__libc_lock_release
                0x000000000200b5bc       0x1c /opt/devkitpro/devkitARM/lib/gcc/arm-none-eabi/6.3.0/../../../../arm-none-eabi/lib/thumb/libsysbase.a(syscall_support.o)
                0x000000000200b5bc                __libc_lock_release
 .text.__libc_lock_init_recursive
                0x000000000200b5d8       0x1c /opt/devkitpro/devkitARM/lib/gcc/arm-none-eabi/6.3.0/../../../../arm-none-eabi/lib/thumb/libsysbase.a(syscall_support.o)
                0x000000000200b5d8                __libc_lock_init_recursive
 .text.__libc_lock_acquire_recursive
                0x000000000200b5f4       0x1c /opt/devkitpro/devkitARM/lib/gcc/arm-none-eabi/6.3.0/../../../../arm-none-eabi/lib/thumb/libsysbase.a(syscall_support.o)
                0x000000000200b5f4                __libc_lock_acquire_recursive
 .text.__libc_lock_release_recursive
                0x000000000200b610       0x1c /opt/devkitpro/devkitARM/lib/gcc/arm-none-eabi/6.3.0/../../../../arm-none-eabi/lib/thumb/libsysbase.a(syscall_support.o)
                0x000000000200b610                __libc_lock_release_recursive
 .text.__libc_lock_close_recursive
                0x000000000200b62c       0x1c /opt/devkitpro/devkitARM/lib/gcc/arm-none-eabi/6.3.0/../../../../arm-none-eabi/lib/thumb/libsysbase.a(syscall_support.o)
                0x000000000200b62c                __libc_lock_close_recursive
 .text.__free_handle
                0x000000000200b648       0x3c /opt/devkitpro/devkitARM/lib/gcc/arm-none-eabi/6.3.0/../../../../arm-none-eabi/lib/thumb/libsysbase.a(handle_manager.o)
                0x000000000200b648                __free_handle
 .text.__release_handle
                0x000000000200b684       0x38 /opt/devkitpro/devkitARM/lib/gcc/arm-none-eabi/6.3.0/../../../../arm-none-eabi/lib/thumb/libsysbase.a(handle_manager.o)
                0x000000000200b684                __release_handle
 .text.__get_handle
                0x000000000200b6bc       0x1c /opt/devkitpro/devkitARM/lib/gcc/arm-none-eabi/6.3.0/../../../../arm-none-eabi/lib/thumb/libsysbase.a(handle_manager.o)
                0x000000000200b6bc                __get_handle
 .text.__getreent
                0x000000000200b6d8       0x28 /opt/devkitpro/devkitARM/lib/gcc/arm-none-eabi/6.3.0/../../../../arm-none-eabi/lib/thumb/libsysbase.a(getreent.o)
                0x000000000200b6d8                __getreent
 .text.__muldi3
                0x000000000200b700       0x60 /opt/devkitpro/devkitARM/lib/gcc/arm-none-eabi/6.3.0/thumb/libgcc.a(_muldi3.o)
                0x000000000200b700                __aeabi_lmul
                0x000000000200b700                __muldi3
 .text.__udivmoddi4
                0x000000000200b760      0x184 /opt/devkitpro/devkitARM/lib/gcc/arm-none-eabi/6.3.0/thumb/libgcc.a(_udivmoddi4.o)
                0x000000000200b760                __udivmoddi4
 *fill*         0x000000000200b8e4        0x4 ff
 .text.__udivmoddi4.__stub
                0x000000000200b8e8       0xc8 linker stubs
 *(EXCLUDE_FILE(*.twl*) .gnu.warning)
 *(EXCLUDE_FILE(*.twl*) .gnu.linkonce.t*)
 *(.glue_7)
 .glue_7        0x000000000200b9c0        0x0 linker stubs
 *(.glue_7t)
 .glue_7t       0x000000000200b9c0        0x0 linker stubs
                0x000000000200b9c0                . = ALIGN (0x4)

.vfp11_veneer   0x000000000200b9c0        0x0
 .vfp11_veneer  0x000000000200b9c0        0x0 linker stubs

.v4_bx          0x000000000200b9c0        0x0
 .v4_bx         0x000000000200b9c0        0x0 linker stubs

.iplt           0x000000000200b9c0        0x0
 .iplt          0x000000000200b9c0        0x0 /opt/devkitpro/devkitARM/lib/gcc/arm-none-eabi/6.3.0/../../../../arm-none-eabi/lib/thumb/ds_arm9_crt0.o

.fini           0x000000000200b9c0        0xc
 *(.fini)
 .fini          0x000000000200b9c0        0x4 /opt/devkitpro/devkitARM/lib/gcc/arm-none-eabi/6.3.0/thumb/crti.o
                0x000000000200b9c0                _fini
 .fini          0x000000000200b9c4        0x8 /opt/devkitpro/devkitARM/lib/gcc/arm-none-eabi/6.3.0/thumb/crtn.o
                0x000000000200b9cc                __text_end = .

.rodata         0x000000000200b9cc     0x9054
 *(EXCLUDE_FILE(*.twl*) .rodata)
 .rodata        0x000000000200b9cc      0x280 square.o
                0x000000000200b9cc                squareTiles
                0x000000000200ba4c                squarePal
 .rodata        0x000000000200bc4c     0x2380 backTop.o
                0x000000000200bc4c                backTopTiles
                0x000000000200d7cc                backTopMap
                0x000000000200ddcc                backTopPal
 .rodata        0x000000000200dfcc     0x2004 /opt/devkitpro/libnds/lib/libnds9.a(default_font.bin.o)
                0x000000000200dfcc                default_font_bin
                0x000000000200ffcc                default_font_bin_end
                0x000000000200ffcc                default_font_bin_size
 *all.rodata*(*)
 *(EXCLUDE_FILE(*.twl*) .roda)
 *(EXCLUDE_FILE(*.twl*) .rodata.*)
 .rodata.str1.4
                0x000000000200ffd0       0xaa main.o
 *fill*         0x000000000201007a        0x2 ff
 .rodata.con_write
                0x000000000201007c       0xd4 /opt/devkitpro/libnds/lib/libnds9.a(console.o)
 .rodata.con_write.str1.4
                0x0000000002010150       0x30 /opt/devkitpro/libnds/lib/libnds9.a(console.o)
 .rodata.consoleClear.str1.4
                0x0000000002010180        0x5 /opt/devkitpro/libnds/lib/libnds9.a(console.o)
 *fill*         0x0000000002010185        0x3 ff
 .rodata.dotab_stdout
                0x0000000002010188       0x68 /opt/devkitpro/libnds/lib/libnds9.a(console.o)
 .rodata.str1.4
                0x00000000020101f0       0x14 /opt/devkitpro/libnds/lib/libnds9.a(console.o)
 .rodata.__sassert.str1.4
                0x0000000002010204       0x42 /opt/devkitpro/libnds/lib/libnds9.a(sassert.o)
 *fill*         0x0000000002010246        0x2 ff
 .rodata.SIN_LUT
                0x0000000002010248      0x102 /opt/devkitpro/libnds/lib/libnds9.a(trig.o)
                0x0000000002010248                SIN_LUT
 .rodata._puts_r.str1.4
                0x000000000201034a        0x2 /opt/devkitpro/devkitARM/lib/gcc/arm-none-eabi/6.3.0/../../../../arm-none-eabi/lib/thumb/libg.a(lib_a-puts.o)
 *fill*         0x000000000201034a        0x2 ff
 .rodata.__ssvfiscanf_r
                0x000000000201034c      0x324 /opt/devkitpro/devkitARM/lib/gcc/arm-none-eabi/6.3.0/../../../../arm-none-eabi/lib/thumb/libg.a(lib_a-svfiscanf.o)
 .rodata.basefix.6811
                0x0000000002010670       0x22 /opt/devkitpro/devkitARM/lib/gcc/arm-none-eabi/6.3.0/../../../../arm-none-eabi/lib/thumb/libg.a(lib_a-svfiscanf.o)
 *fill*         0x0000000002010692        0x2 ff
 .rodata.get_arg
                0x0000000002010694      0x938 /opt/devkitpro/devkitARM/lib/gcc/arm-none-eabi/6.3.0/../../../../arm-none-eabi/lib/thumb/libg.a(lib_a-vfiprintf.o)
 .rodata._vfiprintf_r
                0x0000000002010fcc      0x16c /opt/devkitpro/devkitARM/lib/gcc/arm-none-eabi/6.3.0/../../../../arm-none-eabi/lib/thumb/libg.a(lib_a-vfiprintf.o)
 .rodata._vfiprintf_r.str1.4
                0x0000000002011138       0x2f /opt/devkitpro/devkitARM/lib/gcc/arm-none-eabi/6.3.0/../../../../arm-none-eabi/lib/thumb/libg.a(lib_a-vfiprintf.o)
 *fill*         0x0000000002011167        0x1 ff
 .rodata.blanks.7260
                0x0000000002011168       0x10 /opt/devkitpro/devkitARM/lib/gcc/arm-none-eabi/6.3.0/../../../../arm-none-eabi/lib/thumb/libg.a(lib_a-vfiprintf.o)
 .rodata.zeroes.7261
                0x0000000002011178       0x10 /opt/devkitpro/devkitARM/lib/gcc/arm-none-eabi/6.3.0/../../../../arm-none-eabi/lib/thumb/libg.a(lib_a-vfiprintf.o)
 .rodata.__jp2uc
                0x0000000002011188       0x20 /opt/devkitpro/devkitARM/lib/gcc/arm-none-eabi/6.3.0/../../../../arm-none-eabi/lib/thumb/libg.a(lib_a-jp2uc.o)
 .rodata._jp2uc.str1.4
                0x00000000020111a8       0x12 /opt/devkitpro/devkitARM/lib/gcc/arm-none-eabi/6.3.0/../../../../arm-none-eabi/lib/thumb/libg.a(lib_a-jp2uc.o)
 *fill*         0x00000000020111ba        0x2 ff
 .rodata.a1     0x00000000020111bc       0xbc /opt/devkitpro/devkitARM/lib/gcc/arm-none-eabi/6.3.0/../../../../arm-none-eabi/lib/thumb/libg.a(lib_a-jp2uc.o)
 .rodata.a2     0x0000000002011278       0xbc /opt/devkitpro/devkitARM/lib/gcc/arm-none-eabi/6.3.0/../../../../arm-none-eabi/lib/thumb/libg.a(lib_a-jp2uc.o)
 .rodata.a3     0x0000000002011334       0x5b /opt/devkitpro/devkitARM/lib/gcc/arm-none-eabi/6.3.0/../../../../arm-none-eabi/lib/thumb/libg.a(lib_a-jp2uc.o)
 *fill*         0x000000000201138f        0x1 ff
 .rodata.a6     0x0000000002011390       0x70 /opt/devkitpro/devkitARM/lib/gcc/arm-none-eabi/6.3.0/../../../../arm-none-eabi/lib/thumb/libg.a(lib_a-jp2uc.o)
 .rodata.a7     0x0000000002011400       0xa2 /opt/devkitpro/devkitARM/lib/gcc/arm-none-eabi/6.3.0/../../../../arm-none-eabi/lib/thumb/libg.a(lib_a-jp2uc.o)
 *fill*         0x00000000020114a2        0x2 ff
 .rodata.a8     0x00000000020114a4       0x40 /opt/devkitpro/devkitARM/lib/gcc/arm-none-eabi/6.3.0/../../../../arm-none-eabi/lib/thumb/libg.a(lib_a-jp2uc.o)
 .rodata.b02cf  0x00000000020114e4     0x172a /opt/devkitpro/devkitARM/lib/gcc/arm-none-eabi/6.3.0/../../../../arm-none-eabi/lib/thumb/libg.a(lib_a-jp2uc.o)
 *fill*         0x0000000002012c0e        0x2 ff
 .rodata.d02f4  0x0000000002012c10     0x1a7c /opt/devkitpro/devkitARM/lib/gcc/arm-none-eabi/6.3.0/../../../../arm-none-eabi/lib/thumb/libg.a(lib_a-jp2uc.o)
 .rodata.str1.4
                0x000000000201468c       0x48 /opt/devkitpro/devkitARM/lib/gcc/arm-none-eabi/6.3.0/../../../../arm-none-eabi/lib/thumb/libg.a(lib_a-locale.o)
                                         0x4c (size before relaxing)
 .rodata._mbrtowc_r.str1.4
                0x00000000020146d4        0x1 /opt/devkitpro/devkitARM/lib/gcc/arm-none-eabi/6.3.0/../../../../arm-none-eabi/lib/thumb/libg.a(lib_a-mbrtowc.o)
 .rodata.__action_table
                0x00000000020146d4       0x6c /opt/devkitpro/devkitARM/lib/gcc/arm-none-eabi/6.3.0/../../../../arm-none-eabi/lib/thumb/libg.a(lib_a-svfiprintf.o)
                0x00000000020146d4                __action_table
 .rodata.__chclass
                0x0000000002014740      0x100 /opt/devkitpro/devkitARM/lib/gcc/arm-none-eabi/6.3.0/../../../../arm-none-eabi/lib/thumb/libg.a(lib_a-svfiprintf.o)
                0x0000000002014740                __chclass
 .rodata.__state_table
                0x0000000002014840       0x6c /opt/devkitpro/devkitARM/lib/gcc/arm-none-eabi/6.3.0/../../../../arm-none-eabi/lib/thumb/libg.a(lib_a-svfiprintf.o)
                0x0000000002014840                __state_table
 .rodata._ctype_
                0x00000000020148ac      0x101 /opt/devkitpro/devkitARM/lib/gcc/arm-none-eabi/6.3.0/../../../../arm-none-eabi/lib/thumb/libg.a(lib_a-ctype_.o)
                0x00000000020148ac                _ctype_
 *fill*         0x00000000020149ad        0x3 ff
 .rodata.AddDevice.str1.4
                0x00000000020149b0        0x8 /opt/devkitpro/devkitARM/lib/gcc/arm-none-eabi/6.3.0/../../../../arm-none-eabi/lib/thumb/libsysbase.a(iosupport.o)
 .rodata.dotab_stdnull
                0x00000000020149b8       0x68 /opt/devkitpro/devkitARM/lib/gcc/arm-none-eabi/6.3.0/../../../../arm-none-eabi/lib/thumb/libsysbase.a(iosupport.o)
                0x00000000020149b8                dotab_stdnull
 *(EXCLUDE_FILE(*.twl*) .gnu.linkonce.r*)
                0x0000000002014a20                . = ALIGN (0x4)

.ARM.extab
 *(.ARM.extab* .gnu.linkonce.armextab.*)
                0x0000000002014a20                __exidx_start = .

ARM.exidx
 *(.ARM.exidx* .gnu.linkonce.armexidx.*)
                0x0000000002014a20                __exidx_end = .
                0x0000000002014a20                . = ALIGN (0x4)
                0x0000000002014a20                PROVIDE (__preinit_array_start, .)

.preinit_array
 *(.preinit_array)
                0x0000000002014a20                PROVIDE (__preinit_array_end, .)
                0x0000000002014a20                PROVIDE (__init_array_start, .)

.init_array     0x0000000002014a20        0x4
 *(SORT(.init_array.*))
 *(.init_array)
 .init_array    0x0000000002014a20        0x4 /opt/devkitpro/devkitARM/lib/gcc/arm-none-eabi/6.3.0/thumb/crtbegin.o
                0x0000000002014a24                PROVIDE (__init_array_end, .)
                [!provide]                        PROVIDE (__fini_array_start, .)

.fini_array     0x0000000002014a24        0x4
 *(.fini_array)
 .fini_array    0x0000000002014a24        0x4 /opt/devkitpro/devkitARM/lib/gcc/arm-none-eabi/6.3.0/thumb/crtbegin.o
 *(SORT(.fini_array.*))
                [!provide]                        PROVIDE (__fini_array_end, .)

.ctors          0x0000000002014a28        0x0
 *crtbegin.o(.ctors)
 *(EXCLUDE_FILE(*crtend.o) .ctors)
 *(SORT(.ctors.*))
 *(.ctors)
                0x0000000002014a28                . = ALIGN (0x4)

.dtors          0x0000000002014a28        0x0
 *crtbegin.o(.dtors)
 *(EXCLUDE_FILE(*crtend.o) .dtors)
 *(SORT(.dtors.*))
 *(.dtors)
                0x0000000002014a28                . = ALIGN (0x4)

.eh_frame       0x0000000002014a28        0x4
 *(.eh_frame)
 .eh_frame      0x0000000002014a28        0x0 /opt/devkitpro/devkitARM/lib/gcc/arm-none-eabi/6.3.0/thumb/crtbegin.o
 .eh_frame      0x0000000002014a28        0x4 /opt/devkitpro/devkitARM/lib/gcc/arm-none-eabi/6.3.0/thumb/crtend.o
                0x0000000002014a2c                . = ALIGN (0x4)

.rel.dyn        0x0000000002014a2c        0x0
 .rel.iplt      0x0000000002014a2c        0x0 /opt/devkitpro/devkitARM/lib/gcc/arm-none-eabi/6.3.0/../../../../arm-none-eabi/lib/thumb/ds_arm9_crt0.o

.gcc_except_table
                0x0000000002014a2c        0x0
 *(.gcc_except_table)
                0x0000000002014a2c                . = ALIGN (0x4)

.jcr            0x0000000002014a2c        0x4
 *(.jcr)
 .jcr           0x0000000002014a2c        0x0 /opt/devkitpro/devkitARM/lib/gcc/arm-none-eabi/6.3.0/thumb/crtbegin.o
 .jcr           0x0000000002014a2c        0x4 /opt/devkitpro/devkitARM/lib/gcc/arm-none-eabi/6.3.0/thumb/crtend.o

.got
 *(.got.plt)
 *(.got)
 *(.rel.got)

.ewram          0x0000000002014a30        0x0
                0x0000000002014a30                __ewram_start = ABSOLUTE (.)
 *(.ewram)
 *ewram.*(.text)
                0x0000000002014a30                . = ALIGN (0x4)

.data           0x0000000002014a30     0x1b9c
                0x0000000002014a30                __data_start = ABSOLUTE (.)
 *(EXCLUDE_FILE(*.twl*) .data)
 .data          0x0000000002014a30       0x28 /opt/devkitpro/libnds/lib/libnds9.a(mpu_setup.o)
 *(EXCLUDE_FILE(*.twl*) .data.*)
 .data.currentConsole
                0x0000000002014a58        0x4 /opt/devkitpro/libnds/lib/libnds9.a(console.o)
                0x0000000002014a58                currentConsole
 .data.defaultConsole
                0x0000000002014a5c       0x5c /opt/devkitpro/libnds/lib/libnds9.a(console.o)
                0x0000000002014a5c                defaultConsole
 .data.firstConsoleInit.6480
                0x0000000002014ab8        0x1 /opt/devkitpro/libnds/lib/libnds9.a(console.o)
 *fill*         0x0000000002014ab9        0x3 ff
 .data.bgControl
                0x0000000002014abc       0x20 /opt/devkitpro/libnds/lib/libnds9.a(background.o)
                0x0000000002014abc                bgControl
 .data.bgScrollTable
                0x0000000002014adc       0x20 /opt/devkitpro/libnds/lib/libnds9.a(background.o)
                0x0000000002014adc                bgScrollTable
 .data.bgTransform
                0x0000000002014afc       0x20 /opt/devkitpro/libnds/lib/libnds9.a(background.o)
                0x0000000002014afc                bgTransform
 .data.oamMain  0x0000000002014b1c       0x18 /opt/devkitpro/libnds/lib/libnds9.a(sprite.o)
                0x0000000002014b1c                oamMain
 .data.oamSub   0x0000000002014b34       0x18 /opt/devkitpro/libnds/lib/libnds9.a(sprite.o)
                0x0000000002014b34                oamSub
 .data.count    0x0000000002014b4c        0x1 /opt/devkitpro/libnds/lib/libnds9.a(keys.o)
 .data.delay    0x0000000002014b4d        0x1 /opt/devkitpro/libnds/lib/libnds9.a(keys.o)
 .data.repeat   0x0000000002014b4e        0x1 /opt/devkitpro/libnds/lib/libnds9.a(keys.o)
 *fill*         0x0000000002014b4f        0x1 ff
 .data.fifo_buffer_free
                0x0000000002014b50        0x4 /opt/devkitpro/libnds/lib/libnds9.a(fifosystem.o)
                0x0000000002014b50                fifo_buffer_free
 .data.fifo_freewords
                0x0000000002014b54        0x4 /opt/devkitpro/libnds/lib/libnds9.a(fifosystem.o)
                0x0000000002014b54                fifo_freewords
 .data.fifo_receive_queue
                0x0000000002014b58        0x4 /opt/devkitpro/libnds/lib/libnds9.a(fifosystem.o)
                0x0000000002014b58                fifo_receive_queue
 .data.fifo_send_queue
                0x0000000002014b5c        0x4 /opt/devkitpro/libnds/lib/libnds9.a(fifosystem.o)
                0x0000000002014b5c                fifo_send_queue
 .data.__malloc_av_
                0x0000000002014b60      0x408 /opt/devkitpro/devkitARM/lib/gcc/arm-none-eabi/6.3.0/../../../../arm-none-eabi/lib/thumb/libg.a(lib_a-mallocr.o)
                0x0000000002014b60                __malloc_av_
 .data.__malloc_sbrk_base
                0x0000000002014f68        0x4 /opt/devkitpro/devkitARM/lib/gcc/arm-none-eabi/6.3.0/../../../../arm-none-eabi/lib/thumb/libg.a(lib_a-mallocr.o)
                0x0000000002014f68                __malloc_sbrk_base
 .data.__malloc_trim_threshold
                0x0000000002014f6c        0x4 /opt/devkitpro/devkitARM/lib/gcc/arm-none-eabi/6.3.0/../../../../arm-none-eabi/lib/thumb/libg.a(lib_a-mallocr.o)
                0x0000000002014f6c                __malloc_trim_threshold
 .data.__malloc_lock_object
                0x0000000002014f70        0xc /opt/devkitpro/devkitARM/lib/gcc/arm-none-eabi/6.3.0/../../../../arm-none-eabi/lib/thumb/libg.a(lib_a-mlock.o)
 .data.__sfp_lock
                0x0000000002014f7c        0xc /opt/devkitpro/devkitARM/lib/gcc/arm-none-eabi/6.3.0/../../../../arm-none-eabi/lib/thumb/libg.a(lib_a-findfp.o)
 .data.__sinit_lock
                0x0000000002014f88        0xc /opt/devkitpro/devkitARM/lib/gcc/arm-none-eabi/6.3.0/../../../../arm-none-eabi/lib/thumb/libg.a(lib_a-findfp.o)
 .data._impure_ptr
                0x0000000002014f94        0x4 /opt/devkitpro/devkitARM/lib/gcc/arm-none-eabi/6.3.0/../../../../arm-none-eabi/lib/thumb/libg.a(lib_a-impure.o)
                0x0000000002014f94                _impure_ptr
 *fill*         0x0000000002014f98        0x0 ff
 .data.impure_data
                0x0000000002014f98      0x460 /opt/devkitpro/devkitARM/lib/gcc/arm-none-eabi/6.3.0/../../../../arm-none-eabi/lib/thumb/libg.a(lib_a-impure.o)
 .data.__global_locale
                0x00000000020153f8      0x16c /opt/devkitpro/devkitARM/lib/gcc/arm-none-eabi/6.3.0/../../../../arm-none-eabi/lib/thumb/libg.a(lib_a-locale.o)
                0x00000000020153f8                __global_locale
 .data.devoptab_list
                0x0000000002015564       0x40 /opt/devkitpro/devkitARM/lib/gcc/arm-none-eabi/6.3.0/../../../../arm-none-eabi/lib/thumb/libsysbase.a(iosupport.o)
                0x0000000002015564                devoptab_list
 .data.__hndl_lock
                0x00000000020155a4        0x4 /opt/devkitpro/devkitARM/lib/gcc/arm-none-eabi/6.3.0/../../../../arm-none-eabi/lib/thumb/libsysbase.a(handle_manager.o)
 .data.__stderr_handle
                0x00000000020155a8        0xc /opt/devkitpro/devkitARM/lib/gcc/arm-none-eabi/6.3.0/../../../../arm-none-eabi/lib/thumb/libsysbase.a(handle_manager.o)
 .data.__stdin_handle
                0x00000000020155b4        0xc /opt/devkitpro/devkitARM/lib/gcc/arm-none-eabi/6.3.0/../../../../arm-none-eabi/lib/thumb/libsysbase.a(handle_manager.o)
 .data.__stdout_handle
                0x00000000020155c0        0xc /opt/devkitpro/devkitARM/lib/gcc/arm-none-eabi/6.3.0/../../../../arm-none-eabi/lib/thumb/libsysbase.a(handle_manager.o)
 .data.handles  0x00000000020155cc     0x1000 /opt/devkitpro/devkitARM/lib/gcc/arm-none-eabi/6.3.0/../../../../arm-none-eabi/lib/thumb/libsysbase.a(handle_manager.o)
 *(EXCLUDE_FILE(*.twl*) .gnu.linkonce.d*)
                0x00000000020165cc                . = ALIGN (0x4)
                0x00000000020165cc                __data_end = ABSOLUTE (.)
                0x00000000020165cc                __bss_vma = .

.igot.plt       0x00000000020165cc        0x0
 .igot.plt      0x00000000020165cc        0x0 /opt/devkitpro/devkitARM/lib/gcc/arm-none-eabi/6.3.0/../../../../arm-none-eabi/lib/thumb/ds_arm9_crt0.o

.tm_clone_table
                0x00000000020165cc        0x0
 .tm_clone_table
                0x00000000020165cc        0x0 /opt/devkitpro/devkitARM/lib/gcc/arm-none-eabi/6.3.0/thumb/crtbegin.o
 .tm_clone_table
                0x00000000020165cc        0x0 /opt/devkitpro/devkitARM/lib/gcc/arm-none-eabi/6.3.0/thumb/crtend.o

.dtcm           0x000000000b000000        0x0 load address 0x00000000020165cc
                0x00000000020165cc                __dtcm_lma = LOADADDR (.dtcm)
                0x000000000b000000                __dtcm_start = ABSOLUTE (.)
 *(.dtcm)
 *(.dtcm.*)
                0x000000000b000000                . = ALIGN (0x4)
                0x000000000b000000                __dtcm_end = ABSOLUTE (.)

.itcm           0x0000000001000100      0x194 load address 0x00000000020165cc
                0x00000000020165cc                __itcm_lma = LOADADDR (.itcm)
                0x0000000001000100                __itcm_start = ABSOLUTE (.)
 *(.itcm)
 .itcm          0x0000000001000100       0xc8 /opt/devkitpro/libnds/lib/libnds9.a(interrupts.o)
                0x0000000001000100                irqTable
 .itcm          0x00000000010001c8       0xcc /opt/devkitpro/libnds/lib/libnds9.a(interruptDispatcher.o)
                0x00000000010001c8                IntrMain
 *.itcm*(.text .stub .text.*)
                0x0000000001000294                . = ALIGN (0x4)
                0x0000000001000294                __itcm_end = ABSOLUTE (.)

.vectors        0x0000000001000000        0x0 load address 0x0000000002016760
                0x0000000002016760                __vectors_lma = LOADADDR (.vectors)
                0x0000000001000000                __vectors_start = ABSOLUTE (.)
 *(.vectors)
 *.vectors*(.text .stub .text.*)
                0x0000000001000000                . = ALIGN (0x4)
                0x0000000001000000                __vectors_end = ABSOLUTE (.)

.sbss           0x000000000b000000        0x0
                0x000000000b000000                __sbss_start = ABSOLUTE (.)
                0x000000000b000000                __sbss_start__ = ABSOLUTE (.)
 *(.sbss)
                0x000000000b000000                . = ALIGN (0x4)
                0x000000000b000000                __sbss_end = ABSOLUTE (.)

.bss            0x00000000020165cc     0x149c
                0x00000000020165cc                __bss_start = ABSOLUTE (.)
                0x00000000020165cc                __bss_start__ = ABSOLUTE (.)
 *(EXCLUDE_FILE(*.twl*) .dynbss)
 *(EXCLUDE_FILE(*.twl*) .gnu.linkonce.b*)
 *(EXCLUDE_FILE(*.twl*) .bss*)
 .bss.completed.6497
                0x00000000020165cc        0x1 /opt/devkitpro/devkitARM/lib/gcc/arm-none-eabi/6.3.0/thumb/crtbegin.o
 *fill*         0x00000000020165cd        0x3 
 .bss.object.6502
                0x00000000020165d0       0x18 /opt/devkitpro/devkitARM/lib/gcc/arm-none-eabi/6.3.0/thumb/crtbegin.o
 .bss.keys      0x00000000020165e8        0x2 /opt/devkitpro/libnds/lib/libnds9.a(keys.o)
 .bss.keysold   0x00000000020165ea        0x2 /opt/devkitpro/libnds/lib/libnds9.a(keys.o)
 .bss.keysrepeat
                0x00000000020165ec        0x2 /opt/devkitpro/libnds/lib/libnds9.a(keys.o)
 *fill*         0x00000000020165ee        0x2 
 .bss.elapsed   0x00000000020165f0        0x8 /opt/devkitpro/libnds/lib/libnds9.a(timers.o)
                0x00000000020165f0                elapsed
 .bss.__timeout
                0x00000000020165f8        0x4 /opt/devkitpro/libnds/lib/libnds9.a(fifosystem.o)
 .bss.processing
                0x00000000020165fc        0x4 /opt/devkitpro/libnds/lib/libnds9.a(fifosystem.o)
                0x00000000020165fc                processing
 .bss.SDcallback
                0x0000000002016600        0x4 /opt/devkitpro/libnds/lib/libnds9.a(system.o)
 .bss.__malloc_current_mallinfo
                0x0000000002016604       0x28 /opt/devkitpro/devkitARM/lib/gcc/arm-none-eabi/6.3.0/../../../../arm-none-eabi/lib/thumb/libg.a(lib_a-mallocr.o)
                0x0000000002016604                __malloc_current_mallinfo
 .bss.__malloc_max_sbrked_mem
                0x000000000201662c        0x4 /opt/devkitpro/devkitARM/lib/gcc/arm-none-eabi/6.3.0/../../../../arm-none-eabi/lib/thumb/libg.a(lib_a-mallocr.o)
                0x000000000201662c                __malloc_max_sbrked_mem
 .bss.__malloc_max_total_mem
                0x0000000002016630        0x4 /opt/devkitpro/devkitARM/lib/gcc/arm-none-eabi/6.3.0/../../../../arm-none-eabi/lib/thumb/libg.a(lib_a-mallocr.o)
                0x0000000002016630                __malloc_max_total_mem
 .bss.__malloc_top_pad
                0x0000000002016634        0x4 /opt/devkitpro/devkitARM/lib/gcc/arm-none-eabi/6.3.0/../../../../arm-none-eabi/lib/thumb/libg.a(lib_a-mallocr.o)
                0x0000000002016634                __malloc_top_pad
 .bss.heap_start.5804
                0x0000000002016638        0x4 /opt/devkitpro/devkitARM/lib/gcc/arm-none-eabi/6.3.0/../../../../arm-none-eabi/lib/thumb/libsysbase.a(sbrk.o)
 .bss.fake_heap_end
                0x000000000201663c        0x4 /opt/devkitpro/devkitARM/lib/gcc/arm-none-eabi/6.3.0/../../../../arm-none-eabi/lib/thumb/libsysbase.a(malloc_vars.o)
                0x000000000201663c                fake_heap_end
 .bss.fake_heap_start
                0x0000000002016640        0x4 /opt/devkitpro/devkitARM/lib/gcc/arm-none-eabi/6.3.0/../../../../arm-none-eabi/lib/thumb/libsysbase.a(malloc_vars.o)
                0x0000000002016640                fake_heap_start
 .bss.__syscalls
                0x0000000002016644       0x38 /opt/devkitpro/devkitARM/lib/gcc/arm-none-eabi/6.3.0/../../../../arm-none-eabi/lib/thumb/libsysbase.a(syscall_support.o)
                0x0000000002016644                __syscalls
 *(EXCLUDE_FILE(*.twl*) COMMON)
 COMMON         0x000000000201667c       0x5c /opt/devkitpro/libnds/lib/libnds9.a(console.o)
                0x000000000201667c                currentCopy
 COMMON         0x00000000020166d8      0x148 /opt/devkitpro/libnds/lib/libnds9.a(background.o)
                0x00000000020166d8                bgState
                0x0000000002016818                bgIsTextLut
 COMMON         0x0000000002016820      0x800 /opt/devkitpro/libnds/lib/libnds9.a(sprite.o)
                0x0000000002016820                OamMemorySub
                0x0000000002016c20                OamMemory
 COMMON         0x0000000002017020        0x1 /opt/devkitpro/libnds/lib/libnds9.a(initSystem.o)
                0x0000000002017020                __dsimode
 *fill*         0x0000000002017021        0x3 
 COMMON         0x0000000002017024        0x4 /opt/devkitpro/libnds/lib/libnds9.a(timeSupport.o)
                0x0000000002017024                punixTime
 COMMON         0x0000000002017028      0xa40 /opt/devkitpro/libnds/lib/libnds9.a(fifosystem.o)
                0x0000000002017028                fifo_datamsg_data
                0x0000000002017068                fifo_buffer
                0x0000000002017868                fifo_value32_func
                0x00000000020178a8                fifo_address_func
                0x00000000020178e8                fifo_value32_data
                0x0000000002017928                fifo_value32_queue
                0x0000000002017968                fifo_data_queue
                0x00000000020179a8                fifo_address_data
                0x00000000020179e8                fifo_datamsg_func
                0x0000000002017a28                fifo_address_queue
                0x0000000002017a68                . = ALIGN (0x4)
                0x0000000002017a68                __bss_end__ = ABSOLUTE (.)
                0x0000000002017a68                __end__ = ABSOLUTE (.)

.twl            0x0000000002017a68        0x0 load address 0x0000000002400000
                0x0000000002400000                __arm9i_lma__ = LOADADDR (.twl)
                0x0000000002017a68                __arm9i_start__ = ABSOLUTE (.)
 *(.twl)
 *.twl*(.text .stub .text.* .gnu.linkonce.t.*)
 *.twl*(.rodata)
 *.twl*(.roda)
 *.twl*(.rodata.*)
 *.twl*(.data)
 *.twl*(.data.*)
 *.twl*(.gnu.linkonce.d*)
                0x0000000002017a68                __arm9i_end__ = ABSOLUTE (.)

.twl_bss        0x0000000002017a68        0x0
                0x0000000002017a68                __twl_bss_start__ = ABSOLUTE (.)
 *(.twl_bss)
 *.twl*(.dynbss)
 *.twl*(.gnu.linkonce.b*)
 *.twl*(.bss*)
 *.twl*(COMMON)
                0x0000000002017a68                . = ALIGN (0x4)
                0x0000000002017a68                __twl_bss_end__ = ABSOLUTE (.)
                0x0000000002017a68                __twl_end__ = ABSOLUTE (.)

.stab
 *(.stab)

.stabstr
 *(.stabstr)

.stab.excl
 *(.stab.excl)

.stab.exclstr
 *(.stab.exclstr)

.stab.index
 *(.stab.index)

.stab.indexstr
 *(.stab.indexstr)

.comment        0x0000000000000000       0x22
 *(.comment)
 .comment       0x0000000000000000       0x22 /opt/devkitpro/devkitARM/lib/gcc/arm-none-eabi/6.3.0/thumb/crtbegin.o
                                         0x23 (size before relaxing)
 .comment       0x0000000000000022       0x23 main.o
 .comment       0x0000000000000022       0x23 /opt/devkitpro/libnds/lib/libnds9.a(console.o)
 .comment       0x0000000000000022       0x23 /opt/devkitpro/libnds/lib/libnds9.a(touch.o)
 .comment       0x0000000000000022       0x23 /opt/devkitpro/libnds/lib/libnds9.a(background.o)
 .comment       0x0000000000000022       0x23 /opt/devkitpro/libnds/lib/libnds9.a(sprite_alloc.o)
 .comment       0x0000000000000022       0x23 /opt/devkitpro/libnds/lib/libnds9.a(sassert.o)
 .comment       0x0000000000000022       0x23 /opt/devkitpro/libnds/lib/libnds9.a(trig.o)
 .comment       0x0000000000000022       0x23 /opt/devkitpro/libnds/lib/libnds9.a(sprite.o)
 .comment       0x0000000000000022       0x23 /opt/devkitpro/libnds/lib/libnds9.a(keys.o)
 .comment       0x0000000000000022       0x23 /opt/devkitpro/libnds/lib/libnds9.a(initSystem.o)
 .comment       0x0000000000000022       0x23 /opt/devkitpro/libnds/lib/libnds9.a(timeSupport.o)
 .comment       0x0000000000000022       0x23 /opt/devkitpro/libnds/lib/libnds9.a(securearea.o)
 .comment       0x0000000000000022       0x23 /opt/devkitpro/libnds/lib/libnds9.a(timers.o)
 .comment       0x0000000000000022       0x23 /opt/devkitpro/libnds/lib/libnds9.a(interrupts.o)
 .comment       0x0000000000000022       0x23 /opt/devkitpro/libnds/lib/libnds9.a(libnds_exit.arm.o)
 .comment       0x0000000000000022       0x23 /opt/devkitpro/libnds/lib/libnds9.a(fifosystem.o)
 .comment       0x0000000000000022       0x23 /opt/devkitpro/libnds/lib/libnds9.a(video.o)
 .comment       0x0000000000000022       0x23 /opt/devkitpro/libnds/lib/libnds9.a(system.o)
 .comment       0x0000000000000022       0x23 /opt/devkitpro/devkitARM/lib/gcc/arm-none-eabi/6.3.0/../../../../arm-none-eabi/lib/thumb/libg.a(lib_a-init.o)
 .comment       0x0000000000000022       0x23 /opt/devkitpro/devkitARM/lib/gcc/arm-none-eabi/6.3.0/../../../../arm-none-eabi/lib/thumb/libg.a(lib_a-iprintf.o)
 .comment       0x0000000000000022       0x23 /opt/devkitpro/devkitARM/lib/gcc/arm-none-eabi/6.3.0/../../../../arm-none-eabi/lib/thumb/libg.a(lib_a-malloc.o)
 .comment       0x0000000000000022       0x23 /opt/devkitpro/devkitARM/lib/gcc/arm-none-eabi/6.3.0/../../../../arm-none-eabi/lib/thumb/libg.a(lib_a-mallocr.o)
 .comment       0x0000000000000022       0x23 /opt/devkitpro/devkitARM/lib/gcc/arm-none-eabi/6.3.0/../../../../arm-none-eabi/lib/thumb/libg.a(lib_a-memcpy-stub.o)
 .comment       0x0000000000000022       0x23 /opt/devkitpro/devkitARM/lib/gcc/arm-none-eabi/6.3.0/../../../../arm-none-eabi/lib/thumb/libg.a(lib_a-memset.o)
 .comment       0x0000000000000022       0x23 /opt/devkitpro/devkitARM/lib/gcc/arm-none-eabi/6.3.0/../../../../arm-none-eabi/lib/thumb/libg.a(lib_a-mlock.o)
 .comment       0x0000000000000022       0x23 /opt/devkitpro/devkitARM/lib/gcc/arm-none-eabi/6.3.0/../../../../arm-none-eabi/lib/thumb/libg.a(lib_a-puts.o)
 .comment       0x0000000000000022       0x23 /opt/devkitpro/devkitARM/lib/gcc/arm-none-eabi/6.3.0/../../../../arm-none-eabi/lib/thumb/libg.a(lib_a-realloc.o)
 .comment       0x0000000000000022       0x23 /opt/devkitpro/devkitARM/lib/gcc/arm-none-eabi/6.3.0/../../../../arm-none-eabi/lib/thumb/libg.a(lib_a-reallocr.o)
 .comment       0x0000000000000022       0x23 /opt/devkitpro/devkitARM/lib/gcc/arm-none-eabi/6.3.0/../../../../arm-none-eabi/lib/thumb/libg.a(lib_a-setvbuf.o)
 .comment       0x0000000000000022       0x23 /opt/devkitpro/devkitARM/lib/gcc/arm-none-eabi/6.3.0/../../../../arm-none-eabi/lib/thumb/libg.a(lib_a-siscanf.o)
 .comment       0x0000000000000022       0x23 /opt/devkitpro/devkitARM/lib/gcc/arm-none-eabi/6.3.0/../../../../arm-none-eabi/lib/thumb/libg.a(lib_a-stdio.o)
 .comment       0x0000000000000022       0x23 /opt/devkitpro/devkitARM/lib/gcc/arm-none-eabi/6.3.0/../../../../arm-none-eabi/lib/thumb/libg.a(lib_a-strlen-stub.o)
 .comment       0x0000000000000022       0x23 /opt/devkitpro/devkitARM/lib/gcc/arm-none-eabi/6.3.0/../../../../arm-none-eabi/lib/thumb/libg.a(lib_a-svfiscanf.o)
 .comment       0x0000000000000022       0x23 /opt/devkitpro/devkitARM/lib/gcc/arm-none-eabi/6.3.0/../../../../arm-none-eabi/lib/thumb/libg.a(lib_a-ungetc.o)
 .comment       0x0000000000000022       0x23 /opt/devkitpro/devkitARM/lib/gcc/arm-none-eabi/6.3.0/../../../../arm-none-eabi/lib/thumb/libg.a(lib_a-vfiprintf.o)
 .comment       0x0000000000000022       0x23 /opt/devkitpro/devkitARM/lib/gcc/arm-none-eabi/6.3.0/../../../../arm-none-eabi/lib/thumb/libg.a(lib_a-viprintf.o)
 .comment       0x0000000000000022       0x23 /opt/devkitpro/devkitARM/lib/gcc/arm-none-eabi/6.3.0/../../../../arm-none-eabi/lib/thumb/libg.a(lib_a-wcrtomb.o)
 .comment       0x0000000000000022       0x23 /opt/devkitpro/devkitARM/lib/gcc/arm-none-eabi/6.3.0/../../../../arm-none-eabi/lib/thumb/libg.a(lib_a-wcsrtombs.o)
 .comment       0x0000000000000022       0x23 /opt/devkitpro/devkitARM/lib/gcc/arm-none-eabi/6.3.0/../../../../arm-none-eabi/lib/thumb/libg.a(lib_a-wsetup.o)
 .comment       0x0000000000000022       0x23 /opt/devkitpro/devkitARM/lib/gcc/arm-none-eabi/6.3.0/../../../../arm-none-eabi/lib/thumb/libg.a(lib_a-fflush.o)
 .comment       0x0000000000000022       0x23 /opt/devkitpro/devkitARM/lib/gcc/arm-none-eabi/6.3.0/../../../../arm-none-eabi/lib/thumb/libg.a(lib_a-findfp.o)
 .comment       0x0000000000000022       0x23 /opt/devkitpro/devkitARM/lib/gcc/arm-none-eabi/6.3.0/../../../../arm-none-eabi/lib/thumb/libg.a(lib_a-freer.o)
 .comment       0x0000000000000022       0x23 /opt/devkitpro/devkitARM/lib/gcc/arm-none-eabi/6.3.0/../../../../arm-none-eabi/lib/thumb/libg.a(lib_a-fvwrite.o)
 .comment       0x0000000000000022       0x23 /opt/devkitpro/devkitARM/lib/gcc/arm-none-eabi/6.3.0/../../../../arm-none-eabi/lib/thumb/libg.a(lib_a-fwalk.o)
 .comment       0x0000000000000022       0x23 /opt/devkitpro/devkitARM/lib/gcc/arm-none-eabi/6.3.0/../../../../arm-none-eabi/lib/thumb/libg.a(lib_a-impure.o)
 .comment       0x0000000000000022       0x23 /opt/devkitpro/devkitARM/lib/gcc/arm-none-eabi/6.3.0/../../../../arm-none-eabi/lib/thumb/libg.a(lib_a-iswspace.o)
 .comment       0x0000000000000022       0x23 /opt/devkitpro/devkitARM/lib/gcc/arm-none-eabi/6.3.0/../../../../arm-none-eabi/lib/thumb/libg.a(lib_a-jp2uc.o)
 .comment       0x0000000000000022       0x23 /opt/devkitpro/devkitARM/lib/gcc/arm-none-eabi/6.3.0/../../../../arm-none-eabi/lib/thumb/libg.a(lib_a-localeconv.o)
 .comment       0x0000000000000022       0x23 /opt/devkitpro/devkitARM/lib/gcc/arm-none-eabi/6.3.0/../../../../arm-none-eabi/lib/thumb/libg.a(lib_a-locale.o)
 .comment       0x0000000000000022       0x23 /opt/devkitpro/devkitARM/lib/gcc/arm-none-eabi/6.3.0/../../../../arm-none-eabi/lib/thumb/libg.a(lib_a-makebuf.o)
 .comment       0x0000000000000022       0x23 /opt/devkitpro/devkitARM/lib/gcc/arm-none-eabi/6.3.0/../../../../arm-none-eabi/lib/thumb/libg.a(lib_a-mbrtowc.o)
 .comment       0x0000000000000022       0x23 /opt/devkitpro/devkitARM/lib/gcc/arm-none-eabi/6.3.0/../../../../arm-none-eabi/lib/thumb/libg.a(lib_a-mbtowc_r.o)
 .comment       0x0000000000000022       0x23 /opt/devkitpro/devkitARM/lib/gcc/arm-none-eabi/6.3.0/../../../../arm-none-eabi/lib/thumb/libg.a(lib_a-memchr-stub.o)
 .comment       0x0000000000000022       0x23 /opt/devkitpro/devkitARM/lib/gcc/arm-none-eabi/6.3.0/../../../../arm-none-eabi/lib/thumb/libg.a(lib_a-memmove.o)
 .comment       0x0000000000000022       0x23 /opt/devkitpro/devkitARM/lib/gcc/arm-none-eabi/6.3.0/../../../../arm-none-eabi/lib/thumb/libg.a(lib_a-sccl.o)
 .comment       0x0000000000000022       0x23 /opt/devkitpro/devkitARM/lib/gcc/arm-none-eabi/6.3.0/../../../../arm-none-eabi/lib/thumb/libg.a(lib_a-strncpy.o)
 .comment       0x0000000000000022       0x23 /opt/devkitpro/devkitARM/lib/gcc/arm-none-eabi/6.3.0/../../../../arm-none-eabi/lib/thumb/libg.a(lib_a-strtoll.o)
 .comment       0x0000000000000022       0x23 /opt/devkitpro/devkitARM/lib/gcc/arm-none-eabi/6.3.0/../../../../arm-none-eabi/lib/thumb/libg.a(lib_a-strtol.o)
 .comment       0x0000000000000022       0x23 /opt/devkitpro/devkitARM/lib/gcc/arm-none-eabi/6.3.0/../../../../arm-none-eabi/lib/thumb/libg.a(lib_a-strtoull.o)
 .comment       0x0000000000000022       0x23 /opt/devkitpro/devkitARM/lib/gcc/arm-none-eabi/6.3.0/../../../../arm-none-eabi/lib/thumb/libg.a(lib_a-strtoul.o)
 .comment       0x0000000000000022       0x23 /opt/devkitpro/devkitARM/lib/gcc/arm-none-eabi/6.3.0/../../../../arm-none-eabi/lib/thumb/libg.a(lib_a-svfiprintf.o)
 .comment       0x0000000000000022       0x23 /opt/devkitpro/devkitARM/lib/gcc/arm-none-eabi/6.3.0/../../../../arm-none-eabi/lib/thumb/libg.a(lib_a-wcsnrtombs.o)
 .comment       0x0000000000000022       0x23 /opt/devkitpro/devkitARM/lib/gcc/arm-none-eabi/6.3.0/../../../../arm-none-eabi/lib/thumb/libg.a(lib_a-wctomb_r.o)
 .comment       0x0000000000000022       0x23 /opt/devkitpro/devkitARM/lib/gcc/arm-none-eabi/6.3.0/../../../../arm-none-eabi/lib/thumb/libg.a(lib_a-ctype_.o)
 .comment       0x0000000000000022       0x23 /opt/devkitpro/devkitARM/lib/gcc/arm-none-eabi/6.3.0/../../../../arm-none-eabi/lib/thumb/libg.a(lib_a-fclose.o)
 .comment       0x0000000000000022       0x23 /opt/devkitpro/devkitARM/lib/gcc/arm-none-eabi/6.3.0/../../../../arm-none-eabi/lib/thumb/libsysbase.a(iosupport.o)
 .comment       0x0000000000000022       0x23 /opt/devkitpro/devkitARM/lib/gcc/arm-none-eabi/6.3.0/../../../../arm-none-eabi/lib/thumb/libsysbase.a(close.o)
 .comment       0x0000000000000022       0x23 /opt/devkitpro/devkitARM/lib/gcc/arm-none-eabi/6.3.0/../../../../arm-none-eabi/lib/thumb/libsysbase.a(fstat.o)
 .comment       0x0000000000000022       0x23 /opt/devkitpro/devkitARM/lib/gcc/arm-none-eabi/6.3.0/../../../../arm-none-eabi/lib/thumb/libsysbase.a(isatty.o)
 .comment       0x0000000000000022       0x23 /opt/devkitpro/devkitARM/lib/gcc/arm-none-eabi/6.3.0/../../../../arm-none-eabi/lib/thumb/libsysbase.a(lseek.o)
 .comment       0x0000000000000022       0x23 /opt/devkitpro/devkitARM/lib/gcc/arm-none-eabi/6.3.0/../../../../arm-none-eabi/lib/thumb/libsysbase.a(read.o)
 .comment       0x0000000000000022       0x23 /opt/devkitpro/devkitARM/lib/gcc/arm-none-eabi/6.3.0/../../../../arm-none-eabi/lib/thumb/libsysbase.a(sbrk.o)
 .comment       0x0000000000000022       0x23 /opt/devkitpro/devkitARM/lib/gcc/arm-none-eabi/6.3.0/../../../../arm-none-eabi/lib/thumb/libsysbase.a(write.o)
 .comment       0x0000000000000022       0x23 /opt/devkitpro/devkitARM/lib/gcc/arm-none-eabi/6.3.0/../../../../arm-none-eabi/lib/thumb/libsysbase.a(malloc_vars.o)
 .comment       0x0000000000000022       0x23 /opt/devkitpro/devkitARM/lib/gcc/arm-none-eabi/6.3.0/../../../../arm-none-eabi/lib/thumb/libsysbase.a(build_argv.o)
 .comment       0x0000000000000022       0x23 /opt/devkitpro/devkitARM/lib/gcc/arm-none-eabi/6.3.0/../../../../arm-none-eabi/lib/thumb/libsysbase.a(flock.o)
 .comment       0x0000000000000022       0x23 /opt/devkitpro/devkitARM/lib/gcc/arm-none-eabi/6.3.0/../../../../arm-none-eabi/lib/thumb/libsysbase.a(syscall_support.o)
 .comment       0x0000000000000022       0x23 /opt/devkitpro/devkitARM/lib/gcc/arm-none-eabi/6.3.0/../../../../arm-none-eabi/lib/thumb/libsysbase.a(handle_manager.o)
 .comment       0x0000000000000022       0x23 /opt/devkitpro/devkitARM/lib/gcc/arm-none-eabi/6.3.0/../../../../arm-none-eabi/lib/thumb/libsysbase.a(getreent.o)
 .comment       0x0000000000000022       0x23 /opt/devkitpro/devkitARM/lib/gcc/arm-none-eabi/6.3.0/thumb/libgcc.a(_muldi3.o)
 .comment       0x0000000000000022       0x23 /opt/devkitpro/devkitARM/lib/gcc/arm-none-eabi/6.3.0/thumb/libgcc.a(_udivmoddi4.o)
 .comment       0x0000000000000022       0x23 /opt/devkitpro/devkitARM/lib/gcc/arm-none-eabi/6.3.0/thumb/crtend.o

.ARM.attributes
                0x0000000000000000       0x2d
 .ARM.attributes
                0x0000000000000000       0x21 /opt/devkitpro/devkitARM/lib/gcc/arm-none-eabi/6.3.0/../../../../arm-none-eabi/lib/thumb/ds_arm9_crt0.o
 .ARM.attributes
                0x0000000000000021       0x16 /opt/devkitpro/devkitARM/lib/gcc/arm-none-eabi/6.3.0/thumb/crti.o
 .ARM.attributes
                0x0000000000000037       0x30 /opt/devkitpro/devkitARM/lib/gcc/arm-none-eabi/6.3.0/thumb/crtbegin.o
 .ARM.attributes
                0x0000000000000067       0x14 square.o
 .ARM.attributes
                0x000000000000007b       0x14 backTop.o
 .ARM.attributes
                0x000000000000008f       0x27 main.o
 .ARM.attributes
                0x00000000000000b6       0x2b /opt/devkitpro/libnds/lib/libnds9.a(console.o)
 .ARM.attributes
                0x00000000000000e1       0x2b /opt/devkitpro/libnds/lib/libnds9.a(touch.o)
 .ARM.attributes
                0x000000000000010c       0x2b /opt/devkitpro/libnds/lib/libnds9.a(background.o)
 .ARM.attributes
                0x0000000000000137       0x2b /opt/devkitpro/libnds/lib/libnds9.a(sprite_alloc.o)
 .ARM.attributes
                0x0000000000000162       0x2b /opt/devkitpro/libnds/lib/libnds9.a(sassert.o)
 .ARM.attributes
                0x000000000000018d       0x2b /opt/devkitpro/libnds/lib/libnds9.a(trig.o)
 .ARM.attributes
                0x00000000000001b8       0x2b /opt/devkitpro/libnds/lib/libnds9.a(sprite.o)
 .ARM.attributes
                0x00000000000001e3       0x2b /opt/devkitpro/libnds/lib/libnds9.a(keys.o)
 .ARM.attributes
                0x000000000000020e       0x2b /opt/devkitpro/libnds/lib/libnds9.a(initSystem.o)
 .ARM.attributes
                0x0000000000000239       0x2b /opt/devkitpro/libnds/lib/libnds9.a(timeSupport.o)
 .ARM.attributes
                0x0000000000000264       0x2b /opt/devkitpro/libnds/lib/libnds9.a(securearea.o)
 .ARM.attributes
                0x000000000000028f       0x2b /opt/devkitpro/libnds/lib/libnds9.a(timers.o)
 .ARM.attributes
                0x00000000000002ba       0x2b /opt/devkitpro/libnds/lib/libnds9.a(interrupts.o)
 .ARM.attributes
                0x00000000000002e5       0x2b /opt/devkitpro/libnds/lib/libnds9.a(libnds_exit.arm.o)
 .ARM.attributes
                0x0000000000000310       0x2b /opt/devkitpro/libnds/lib/libnds9.a(fifosystem.o)
 .ARM.attributes
                0x000000000000033b       0x1b /opt/devkitpro/libnds/lib/libnds9.a(dcache.o)
 .ARM.attributes
                0x0000000000000356       0x21 /opt/devkitpro/libnds/lib/libnds9.a(mpu_setup.o)
 .ARM.attributes
                0x0000000000000377       0x21 /opt/devkitpro/libnds/lib/libnds9.a(IntrWait.o)
 .ARM.attributes
                0x0000000000000398       0x21 /opt/devkitpro/libnds/lib/libnds9.a(cpu_clock.o)
 .ARM.attributes
                0x00000000000003b9       0x1b /opt/devkitpro/libnds/lib/libnds9.a(interruptDispatcher.o)
 .ARM.attributes
                0x00000000000003d4       0x21 /opt/devkitpro/libnds/lib/libnds9.a(swiSoftReset.o)
 .ARM.attributes
                0x00000000000003f5       0x14 /opt/devkitpro/libnds/lib/libnds9.a(default_font.bin.o)
 .ARM.attributes
                0x0000000000000409       0x2b /opt/devkitpro/libnds/lib/libnds9.a(video.o)
 .ARM.attributes
                0x0000000000000434       0x2b /opt/devkitpro/libnds/lib/libnds9.a(system.o)
 .ARM.attributes
                0x000000000000045f       0x1b /opt/devkitpro/libnds/lib/libnds9.a(biosCalls.o)
 .ARM.attributes
                0x000000000000047a       0x18 /opt/devkitpro/devkitARM/lib/gcc/arm-none-eabi/6.3.0/thumb/libgcc.a(_divsi3.o)
 .ARM.attributes
                0x0000000000000492       0x16 /opt/devkitpro/devkitARM/lib/gcc/arm-none-eabi/6.3.0/thumb/libgcc.a(_dvmd_tls.o)
 .ARM.attributes
                0x00000000000004a8       0x18 /opt/devkitpro/devkitARM/lib/gcc/arm-none-eabi/6.3.0/thumb/libgcc.a(_arm_addsubdf3.o)
 .ARM.attributes
                0x00000000000004c0       0x18 /opt/devkitpro/devkitARM/lib/gcc/arm-none-eabi/6.3.0/thumb/libgcc.a(_arm_fixunsdfsi.o)
 .ARM.attributes
                0x00000000000004d8       0x18 /opt/devkitpro/devkitARM/lib/gcc/arm-none-eabi/6.3.0/thumb/libgcc.a(_arm_addsubsf3.o)
 .ARM.attributes
                0x00000000000004f0       0x18 /opt/devkitpro/devkitARM/lib/gcc/arm-none-eabi/6.3.0/thumb/libgcc.a(_arm_cmpsf2.o)
 .ARM.attributes
                0x0000000000000508       0x30 /opt/devkitpro/devkitARM/lib/gcc/arm-none-eabi/6.3.0/../../../../arm-none-eabi/lib/thumb/libg.a(lib_a-init.o)
 .ARM.attributes
                0x0000000000000538       0x30 /opt/devkitpro/devkitARM/lib/gcc/arm-none-eabi/6.3.0/../../../../arm-none-eabi/lib/thumb/libg.a(lib_a-iprintf.o)
 .ARM.attributes
                0x0000000000000568       0x30 /opt/devkitpro/devkitARM/lib/gcc/arm-none-eabi/6.3.0/../../../../arm-none-eabi/lib/thumb/libg.a(lib_a-malloc.o)
 .ARM.attributes
                0x0000000000000598       0x30 /opt/devkitpro/devkitARM/lib/gcc/arm-none-eabi/6.3.0/../../../../arm-none-eabi/lib/thumb/libg.a(lib_a-mallocr.o)
 .ARM.attributes
                0x00000000000005c8       0x30 /opt/devkitpro/devkitARM/lib/gcc/arm-none-eabi/6.3.0/../../../../arm-none-eabi/lib/thumb/libg.a(lib_a-memcpy-stub.o)
 .ARM.attributes
                0x00000000000005f8       0x30 /opt/devkitpro/devkitARM/lib/gcc/arm-none-eabi/6.3.0/../../../../arm-none-eabi/lib/thumb/libg.a(lib_a-memset.o)
 .ARM.attributes
                0x0000000000000628       0x30 /opt/devkitpro/devkitARM/lib/gcc/arm-none-eabi/6.3.0/../../../../arm-none-eabi/lib/thumb/libg.a(lib_a-mlock.o)
 .ARM.attributes
                0x0000000000000658       0x30 /opt/devkitpro/devkitARM/lib/gcc/arm-none-eabi/6.3.0/../../../../arm-none-eabi/lib/thumb/libg.a(lib_a-puts.o)
 .ARM.attributes
                0x0000000000000688       0x30 /opt/devkitpro/devkitARM/lib/gcc/arm-none-eabi/6.3.0/../../../../arm-none-eabi/lib/thumb/libg.a(lib_a-realloc.o)
 .ARM.attributes
                0x00000000000006b8       0x30 /opt/devkitpro/devkitARM/lib/gcc/arm-none-eabi/6.3.0/../../../../arm-none-eabi/lib/thumb/libg.a(lib_a-reallocr.o)
 .ARM.attributes
                0x00000000000006e8       0x30 /opt/devkitpro/devkitARM/lib/gcc/arm-none-eabi/6.3.0/../../../../arm-none-eabi/lib/thumb/libg.a(lib_a-setvbuf.o)
 .ARM.attributes
                0x0000000000000718       0x30 /opt/devkitpro/devkitARM/lib/gcc/arm-none-eabi/6.3.0/../../../../arm-none-eabi/lib/thumb/libg.a(lib_a-siscanf.o)
 .ARM.attributes
                0x0000000000000748       0x30 /opt/devkitpro/devkitARM/lib/gcc/arm-none-eabi/6.3.0/../../../../arm-none-eabi/lib/thumb/libg.a(lib_a-stdio.o)
 .ARM.attributes
                0x0000000000000778       0x30 /opt/devkitpro/devkitARM/lib/gcc/arm-none-eabi/6.3.0/../../../../arm-none-eabi/lib/thumb/libg.a(lib_a-strlen-stub.o)
 .ARM.attributes
                0x00000000000007a8       0x30 /opt/devkitpro/devkitARM/lib/gcc/arm-none-eabi/6.3.0/../../../../arm-none-eabi/lib/thumb/libg.a(lib_a-svfiscanf.o)
 .ARM.attributes
                0x00000000000007d8       0x30 /opt/devkitpro/devkitARM/lib/gcc/arm-none-eabi/6.3.0/../../../../arm-none-eabi/lib/thumb/libg.a(lib_a-ungetc.o)
 .ARM.attributes
                0x0000000000000808       0x30 /opt/devkitpro/devkitARM/lib/gcc/arm-none-eabi/6.3.0/../../../../arm-none-eabi/lib/thumb/libg.a(lib_a-vfiprintf.o)
 .ARM.attributes
                0x0000000000000838       0x30 /opt/devkitpro/devkitARM/lib/gcc/arm-none-eabi/6.3.0/../../../../arm-none-eabi/lib/thumb/libg.a(lib_a-viprintf.o)
 .ARM.attributes
                0x0000000000000868       0x30 /opt/devkitpro/devkitARM/lib/gcc/arm-none-eabi/6.3.0/../../../../arm-none-eabi/lib/thumb/libg.a(lib_a-wcrtomb.o)
 .ARM.attributes
                0x0000000000000898       0x30 /opt/devkitpro/devkitARM/lib/gcc/arm-none-eabi/6.3.0/../../../../arm-none-eabi/lib/thumb/libg.a(lib_a-wcsrtombs.o)
 .ARM.attributes
                0x00000000000008c8       0x30 /opt/devkitpro/devkitARM/lib/gcc/arm-none-eabi/6.3.0/../../../../arm-none-eabi/lib/thumb/libg.a(lib_a-wsetup.o)
 .ARM.attributes
                0x00000000000008f8       0x30 /opt/devkitpro/devkitARM/lib/gcc/arm-none-eabi/6.3.0/../../../../arm-none-eabi/lib/thumb/libg.a(lib_a-fflush.o)
 .ARM.attributes
                0x0000000000000928       0x30 /opt/devkitpro/devkitARM/lib/gcc/arm-none-eabi/6.3.0/../../../../arm-none-eabi/lib/thumb/libg.a(lib_a-findfp.o)
 .ARM.attributes
                0x0000000000000958       0x30 /opt/devkitpro/devkitARM/lib/gcc/arm-none-eabi/6.3.0/../../../../arm-none-eabi/lib/thumb/libg.a(lib_a-freer.o)
 .ARM.attributes
                0x0000000000000988       0x30 /opt/devkitpro/devkitARM/lib/gcc/arm-none-eabi/6.3.0/../../../../arm-none-eabi/lib/thumb/libg.a(lib_a-fvwrite.o)
 .ARM.attributes
                0x00000000000009b8       0x30 /opt/devkitpro/devkitARM/lib/gcc/arm-none-eabi/6.3.0/../../../../arm-none-eabi/lib/thumb/libg.a(lib_a-fwalk.o)
 .ARM.attributes
                0x00000000000009e8       0x30 /opt/devkitpro/devkitARM/lib/gcc/arm-none-eabi/6.3.0/../../../../arm-none-eabi/lib/thumb/libg.a(lib_a-impure.o)
 .ARM.attributes
                0x0000000000000a18       0x30 /opt/devkitpro/devkitARM/lib/gcc/arm-none-eabi/6.3.0/../../../../arm-none-eabi/lib/thumb/libg.a(lib_a-iswspace.o)
 .ARM.attributes
                0x0000000000000a48       0x30 /opt/devkitpro/devkitARM/lib/gcc/arm-none-eabi/6.3.0/../../../../arm-none-eabi/lib/thumb/libg.a(lib_a-jp2uc.o)
 .ARM.attributes
                0x0000000000000a78       0x30 /opt/devkitpro/devkitARM/lib/gcc/arm-none-eabi/6.3.0/../../../../arm-none-eabi/lib/thumb/libg.a(lib_a-localeconv.o)
 .ARM.attributes
                0x0000000000000aa8       0x30 /opt/devkitpro/devkitARM/lib/gcc/arm-none-eabi/6.3.0/../../../../arm-none-eabi/lib/thumb/libg.a(lib_a-locale.o)
 .ARM.attributes
                0x0000000000000ad8       0x30 /opt/devkitpro/devkitARM/lib/gcc/arm-none-eabi/6.3.0/../../../../arm-none-eabi/lib/thumb/libg.a(lib_a-makebuf.o)
 .ARM.attributes
                0x0000000000000b08       0x30 /opt/devkitpro/devkitARM/lib/gcc/arm-none-eabi/6.3.0/../../../../arm-none-eabi/lib/thumb/libg.a(lib_a-mbrtowc.o)
 .ARM.attributes
                0x0000000000000b38       0x30 /opt/devkitpro/devkitARM/lib/gcc/arm-none-eabi/6.3.0/../../../../arm-none-eabi/lib/thumb/libg.a(lib_a-mbtowc_r.o)
 .ARM.attributes
                0x0000000000000b68       0x30 /opt/devkitpro/devkitARM/lib/gcc/arm-none-eabi/6.3.0/../../../../arm-none-eabi/lib/thumb/libg.a(lib_a-memchr-stub.o)
 .ARM.attributes
                0x0000000000000b98       0x30 /opt/devkitpro/devkitARM/lib/gcc/arm-none-eabi/6.3.0/../../../../arm-none-eabi/lib/thumb/libg.a(lib_a-memmove.o)
 .ARM.attributes
                0x0000000000000bc8       0x30 /opt/devkitpro/devkitARM/lib/gcc/arm-none-eabi/6.3.0/../../../../arm-none-eabi/lib/thumb/libg.a(lib_a-sccl.o)
 .ARM.attributes
                0x0000000000000bf8       0x16 /opt/devkitpro/devkitARM/lib/gcc/arm-none-eabi/6.3.0/../../../../arm-none-eabi/lib/thumb/libg.a(lib_a-strcmp.o)
 .ARM.attributes
                0x0000000000000c0e       0x30 /opt/devkitpro/devkitARM/lib/gcc/arm-none-eabi/6.3.0/../../../../arm-none-eabi/lib/thumb/libg.a(lib_a-strncpy.o)
 .ARM.attributes
                0x0000000000000c3e       0x30 /opt/devkitpro/devkitARM/lib/gcc/arm-none-eabi/6.3.0/../../../../arm-none-eabi/lib/thumb/libg.a(lib_a-strtoll.o)
 .ARM.attributes
                0x0000000000000c6e       0x30 /opt/devkitpro/devkitARM/lib/gcc/arm-none-eabi/6.3.0/../../../../arm-none-eabi/lib/thumb/libg.a(lib_a-strtol.o)
 .ARM.attributes
                0x0000000000000c9e       0x30 /opt/devkitpro/devkitARM/lib/gcc/arm-none-eabi/6.3.0/../../../../arm-none-eabi/lib/thumb/libg.a(lib_a-strtoull.o)
 .ARM.attributes
                0x0000000000000cce       0x30 /opt/devkitpro/devkitARM/lib/gcc/arm-none-eabi/6.3.0/../../../../arm-none-eabi/lib/thumb/libg.a(lib_a-strtoul.o)
 .ARM.attributes
                0x0000000000000cfe       0x30 /opt/devkitpro/devkitARM/lib/gcc/arm-none-eabi/6.3.0/../../../../arm-none-eabi/lib/thumb/libg.a(lib_a-svfiprintf.o)
 .ARM.attributes
                0x0000000000000d2e       0x30 /opt/devkitpro/devkitARM/lib/gcc/arm-none-eabi/6.3.0/../../../../arm-none-eabi/lib/thumb/libg.a(lib_a-wcsnrtombs.o)
 .ARM.attributes
                0x0000000000000d5e       0x30 /opt/devkitpro/devkitARM/lib/gcc/arm-none-eabi/6.3.0/../../../../arm-none-eabi/lib/thumb/libg.a(lib_a-wctomb_r.o)
 .ARM.attributes
                0x0000000000000d8e       0x30 /opt/devkitpro/devkitARM/lib/gcc/arm-none-eabi/6.3.0/../../../../arm-none-eabi/lib/thumb/libg.a(lib_a-ctype_.o)
 .ARM.attributes
                0x0000000000000dbe       0x30 /opt/devkitpro/devkitARM/lib/gcc/arm-none-eabi/6.3.0/../../../../arm-none-eabi/lib/thumb/libg.a(lib_a-fclose.o)
 .ARM.attributes
                0x0000000000000dee       0x30 /opt/devkitpro/devkitARM/lib/gcc/arm-none-eabi/6.3.0/../../../../arm-none-eabi/lib/thumb/libsysbase.a(iosupport.o)
 .ARM.attributes
                0x0000000000000e1e       0x30 /opt/devkitpro/devkitARM/lib/gcc/arm-none-eabi/6.3.0/../../../../arm-none-eabi/lib/thumb/libsysbase.a(close.o)
 .ARM.attributes
                0x0000000000000e4e       0x30 /opt/devkitpro/devkitARM/lib/gcc/arm-none-eabi/6.3.0/../../../../arm-none-eabi/lib/thumb/libsysbase.a(fstat.o)
 .ARM.attributes
                0x0000000000000e7e       0x30 /opt/devkitpro/devkitARM/lib/gcc/arm-none-eabi/6.3.0/../../../../arm-none-eabi/lib/thumb/libsysbase.a(isatty.o)
 .ARM.attributes
                0x0000000000000eae       0x30 /opt/devkitpro/devkitARM/lib/gcc/arm-none-eabi/6.3.0/../../../../arm-none-eabi/lib/thumb/libsysbase.a(lseek.o)
 .ARM.attributes
                0x0000000000000ede       0x30 /opt/devkitpro/devkitARM/lib/gcc/arm-none-eabi/6.3.0/../../../../arm-none-eabi/lib/thumb/libsysbase.a(read.o)
 .ARM.attributes
                0x0000000000000f0e       0x30 /opt/devkitpro/devkitARM/lib/gcc/arm-none-eabi/6.3.0/../../../../arm-none-eabi/lib/thumb/libsysbase.a(sbrk.o)
 .ARM.attributes
                0x0000000000000f3e       0x30 /opt/devkitpro/devkitARM/lib/gcc/arm-none-eabi/6.3.0/../../../../arm-none-eabi/lib/thumb/libsysbase.a(write.o)
 .ARM.attributes
                0x0000000000000f6e       0x30 /opt/devkitpro/devkitARM/lib/gcc/arm-none-eabi/6.3.0/../../../../arm-none-eabi/lib/thumb/libsysbase.a(malloc_vars.o)
 .ARM.attributes
                0x0000000000000f9e       0x30 /opt/devkitpro/devkitARM/lib/gcc/arm-none-eabi/6.3.0/../../../../arm-none-eabi/lib/thumb/libsysbase.a(build_argv.o)
 .ARM.attributes
                0x0000000000000fce       0x30 /opt/devkitpro/devkitARM/lib/gcc/arm-none-eabi/6.3.0/../../../../arm-none-eabi/lib/thumb/libsysbase.a(flock.o)
 .ARM.attributes
                0x0000000000000ffe       0x30 /opt/devkitpro/devkitARM/lib/gcc/arm-none-eabi/6.3.0/../../../../arm-none-eabi/lib/thumb/libsysbase.a(syscall_support.o)
 .ARM.attributes
                0x000000000000102e       0x30 /opt/devkitpro/devkitARM/lib/gcc/arm-none-eabi/6.3.0/../../../../arm-none-eabi/lib/thumb/libsysbase.a(handle_manager.o)
 .ARM.attributes
                0x000000000000105e       0x30 /opt/devkitpro/devkitARM/lib/gcc/arm-none-eabi/6.3.0/../../../../arm-none-eabi/lib/thumb/libsysbase.a(getreent.o)
 .ARM.attributes
                0x000000000000108e       0x18 /opt/devkitpro/devkitARM/lib/gcc/arm-none-eabi/6.3.0/thumb/libgcc.a(_udivsi3.o)
 .ARM.attributes
                0x00000000000010a6       0x18 /opt/devkitpro/devkitARM/lib/gcc/arm-none-eabi/6.3.0/thumb/libgcc.a(_aeabi_uldivmod.o)
 .ARM.attributes
                0x00000000000010be       0x30 /opt/devkitpro/devkitARM/lib/gcc/arm-none-eabi/6.3.0/thumb/libgcc.a(_muldi3.o)
 .ARM.attributes
                0x00000000000010ee       0x30 /opt/devkitpro/devkitARM/lib/gcc/arm-none-eabi/6.3.0/thumb/libgcc.a(_udivmoddi4.o)
 .ARM.attributes
                0x000000000000111e       0x18 /opt/devkitpro/devkitARM/lib/gcc/arm-none-eabi/6.3.0/thumb/libgcc.a(_clzdi2.o)
 .ARM.attributes